Archive member included because of file (symbol)

/users/enseig/fpecheux/devkitpro/libnds/lib/libmm9.a(mm_comms.o)
                              template.o (mmEffectEx)
/users/enseig/fpecheux/devkitpro/libnds/lib/libmm9.a(mm_main9.o)
                              /users/enseig/fpecheux/devkitpro/libnds/lib/libmm9.a(mm_comms.o) (mmCallback)
/users/enseig/fpecheux/devkitpro/libnds/lib/libmm9.a(mm_memory.o)
                              template.o (mmLoad)
/users/enseig/fpecheux/devkitpro/libnds/lib/libmm9.a(mm_soundbank.o)
                              /users/enseig/fpecheux/devkitpro/libnds/lib/libmm9.a(mm_main9.o) (mmSoundBankInMemory)
/users/enseig/fpecheux/devkitpro/libnds/lib/libmm9.a(mm_flusher.o)
                              /users/enseig/fpecheux/devkitpro/libnds/lib/libmm9.a(mm_memory.o) (mmFlushBank)
/users/enseig/fpecheux/devkitpro/libnds/lib/libnds9.a(keys.o)
                              template.o (scanKeys)
/users/enseig/fpecheux/devkitpro/libnds/lib/libnds9.a(sprite.o)
                              template.o (oamInit)
/users/enseig/fpecheux/devkitpro/libnds/lib/libnds9.a(sprite_alloc.o)
                              /users/enseig/fpecheux/devkitpro/libnds/lib/libnds9.a(sprite.o) (oamAllocReset)
/users/enseig/fpecheux/devkitpro/libnds/lib/libnds9.a(touch.o)
                              template.o (touchRead)
/users/enseig/fpecheux/devkitpro/libnds/lib/libnds9.a(trig.o)
                              /users/enseig/fpecheux/devkitpro/libnds/lib/libnds9.a(sprite.o) (sinLerp)
/users/enseig/fpecheux/devkitpro/libnds/lib/libnds9.a(initSystem.o)
                              /users/enseig/fpecheux/devkitpro/devkitARM/bin/../lib/gcc/arm-none-eabi/4.7.1/../../../../arm-none-eabi/lib/thumb/ds_arm9_crt0.o (initSystem)
/users/enseig/fpecheux/devkitpro/libnds/lib/libnds9.a(fifosystem.o)
                              /users/enseig/fpecheux/devkitpro/libnds/lib/libnds9.a(initSystem.o) (fifoSendValue32)
/users/enseig/fpecheux/devkitpro/libnds/lib/libnds9.a(interrupts.o)
                              /users/enseig/fpecheux/devkitpro/libnds/lib/libnds9.a(fifosystem.o) (irqSet)
/users/enseig/fpecheux/devkitpro/libnds/lib/libnds9.a(libnds_exit.arm.o)
                              /users/enseig/fpecheux/devkitpro/devkitARM/bin/../lib/gcc/arm-none-eabi/4.7.1/../../../../arm-none-eabi/lib/thumb/ds_arm9_crt0.o (__libnds_exit)
/users/enseig/fpecheux/devkitpro/libnds/lib/libnds9.a(dcache.o)
                              /users/enseig/fpecheux/devkitpro/libnds/lib/libnds9.a(sprite.o) (DC_FlushRange)
/users/enseig/fpecheux/devkitpro/libnds/lib/libnds9.a(mpu_setup.o)
                              /users/enseig/fpecheux/devkitpro/devkitARM/bin/../lib/gcc/arm-none-eabi/4.7.1/../../../../arm-none-eabi/lib/thumb/ds_arm9_crt0.o (__libnds_mpu_setup)
/users/enseig/fpecheux/devkitpro/libnds/lib/libnds9.a(biosCalls.o)
                              /users/enseig/fpecheux/devkitpro/libnds/lib/libnds9.a(fifosystem.o) (swiIntrWait)
/users/enseig/fpecheux/devkitpro/libnds/lib/libnds9.a(interruptDispatcher.o)
                              /users/enseig/fpecheux/devkitpro/libnds/lib/libnds9.a(interrupts.o) (IntrMain)
/users/enseig/fpecheux/devkitpro/libnds/lib/libnds9.a(swiSoftReset.o)
                              /users/enseig/fpecheux/devkitpro/libnds/lib/libnds9.a(fifosystem.o) (swiSoftReset)
/users/enseig/fpecheux/devkitpro/libnds/lib/libnds9.a(system.o)
                              /users/enseig/fpecheux/devkitpro/libnds/lib/libnds9.a(initSystem.o) (systemMsgHandler)
/users/enseig/fpecheux/devkitpro/libnds/lib/libnds9.a(video.o)
                              /users/enseig/fpecheux/devkitpro/libnds/lib/libnds9.a(initSystem.o) (vramDefault)
/users/enseig/fpecheux/devkitpro/devkitARM/bin/../lib/gcc/arm-none-eabi/4.7.1/../../../../arm-none-eabi/lib/thumb/libg.a(lib_a-bsearch.o)
                              /users/enseig/fpecheux/devkitpro/libnds/lib/libnds9.a(trig.o) (bsearch)
/users/enseig/fpecheux/devkitpro/devkitARM/bin/../lib/gcc/arm-none-eabi/4.7.1/../../../../arm-none-eabi/lib/thumb/libg.a(lib_a-fclose.o)
                              /users/enseig/fpecheux/devkitpro/libnds/lib/libmm9.a(mm_main9.o) (fclose)
/users/enseig/fpecheux/devkitpro/devkitARM/bin/../lib/gcc/arm-none-eabi/4.7.1/../../../../arm-none-eabi/lib/thumb/libg.a(lib_a-fflush.o)
                              /users/enseig/fpecheux/devkitpro/devkitARM/bin/../lib/gcc/arm-none-eabi/4.7.1/../../../../arm-none-eabi/lib/thumb/libg.a(lib_a-fclose.o) (_fflush_r)
/users/enseig/fpecheux/devkitpro/devkitARM/bin/../lib/gcc/arm-none-eabi/4.7.1/../../../../arm-none-eabi/lib/thumb/libg.a(lib_a-findfp.o)
                              /users/enseig/fpecheux/devkitpro/devkitARM/bin/../lib/gcc/arm-none-eabi/4.7.1/../../../../arm-none-eabi/lib/thumb/libg.a(lib_a-fclose.o) (__sinit)
/users/enseig/fpecheux/devkitpro/devkitARM/bin/../lib/gcc/arm-none-eabi/4.7.1/../../../../arm-none-eabi/lib/thumb/libg.a(lib_a-fopen.o)
[...]
Memory Configuration

Name             Origin             Length             Attributes
rom              0x08000000         0x02000000
ewram            0x02000000         0x003ff000
dtcm             0x0b000000         0x00004000
vectors          0x01000000         0x00000100
itcm             0x01000100         0x00007f00
*default*        0x00000000         0xffffffff

Linker script and memory map

                0x01000000                __vectors_start = ORIGIN (vectors)
                0x01000100                __itcm_start = ORIGIN (itcm)
                0x023ff000                __ewram_end = (ORIGIN (ewram) + 0x3ff000)
                0x023ff000                __eheap_end = (ORIGIN (ewram) + 0x3ff000)
                0x0b000000                __dtcm_start = ORIGIN (dtcm)
                0x0b004000                __dtcm_top = (ORIGIN (dtcm) + 0x4000)
                0x0b003ff8                __irq_flags = (__dtcm_top - 0x8)
                0x0b003ffc                __irq_vector = (__dtcm_top - 0x4)
                0x0b003f00                __sp_svc = (__dtcm_top - 0x100)
                0x0b003e00                __sp_irq = (__sp_svc - 0x100)
                0x0b003d00                __sp_usr = (__sp_irq - 0x100)

.init           0x02000000      0x23c
                0x02000000                __text_start = .
 *(.init)
 .init          0x02000000      0x230 /users/enseig/fpecheux/devkitpro/devkitARM/bin/../lib/gcc/arm-none-eabi/4.7.1/../../../../arm-none-eabi/lib/thumb/ds_arm9_crt0.o
                0x02000000                _start
 .init          0x02000230        0x4 /users/enseig/fpecheux/devkitpro/devkitARM/bin/../lib/gcc/arm-none-eabi/4.7.1/thumb/crti.o
                0x02000230                _init
 .init          0x02000234        0x8 /users/enseig/fpecheux/devkitpro/devkitARM/bin/../lib/gcc/arm-none-eabi/4.7.1/thumb/crtn.o
                0x0200023c                . = ALIGN (0x4)

.plt
 *(.plt)

.text           0x02000240     0x5288
 *(EXCLUDE_FILE(*.itcm*) .text)
 .text          0x02000240        0x0 /users/enseig/fpecheux/devkitpro/devkitARM/bin/../lib/gcc/arm-none-eabi/4.7.1/../../../../arm-none-eabi/lib/thumb/ds_arm9_crt0.o
 .text          0x02000240        0x0 /users/enseig/fpecheux/devkitpro/devkitARM/bin/../lib/gcc/arm-none-eabi/4.7.1/thumb/crti.o
 .text          0x02000240       0xd0 /users/enseig/fpecheux/devkitpro/devkitARM/bin/../lib/gcc/arm-none-eabi/4.7.1/thumb/crtbegin.o
 .text          0x02000310        0x0 alchemy0.o
 .text          0x02000310        0x0 alchemy1.o
 .text          0x02000310        0x0 soundbank.bin.o
 .text          0x02000310      0x1c8 template.o
                0x02000310                changeSprite
                0x02000344                initSprite
                0x02000370                IsStylusOnSprite
                0x020003a0                displayList
                0x02000448                clearElements
                0x02000468                addToList
                0x02000484                clearList
                0x020004a4                findInList
 .text          0x020004d8      0x24c /users/enseig/fpecheux/devkitpro/libnds/lib/libmm9.a(mm_comms.o)
                0x020004d8                mmSetupComms
                0x0200052a                mmSendBank
                0x02000534                mmLockChannels
                0x0200053a                mmUnlockChannels
                0x02000540                mmStart
                0x0200054a                mmPause
                0x0200054e                mmResume
                0x02000552                mmStop
                0x02000556                mmPosition
                0x0200055a                mmJingle
                0x0200055e                mmSetModuleVolume
                0x02000562                mmSetJingleVolume
                0x02000566                mmSetModuleTempo
                0x0200056a                mmSetModulePitch
                0x0200056e                mmSetEffectsVolume
                0x02000572                mmSelectMode
                0x02000576                mmStreamBegin
                0x0200058a                mmStreamEnd
                0x020005e0                mmEffect
                0x02000604                mmEffectVolume
                0x02000608                mmEffectPanning
                0x0200060c                mmEffectRate
                0x02000616                mmEffectScaleRate
                0x02000620                mmEffectRelease
                0x02000626                mmEffectCancel
                0x0200062c                mmEffectEx
                0x0200066a                mmEffectCancelAll
                0x0200066e                mmReverbEnable
                0x02000672                mmReverbDisable
                0x02000676                mmReverbConfigure
                0x020006d2                mmReverbStart
                0x020006d6                mmReverbStop
 .text          0x02000724      0x108 /users/enseig/fpecheux/devkitpro/libnds/lib/libmm9.a(mm_main9.o)
                0x02000724                mmActive
                0x0200072a                mmSetEventHandler
                0x02000730                mmInit
                0x0200075a                mmInitDefault
                0x020007a4                mmInitDefaultMem
                0x020007c6                mmSuspendIRQ_t
                0x020007e4                mmRestoreIRQ_t
 .text          0x0200082c      0x120 /users/enseig/fpecheux/devkitpro/libnds/lib/libmm9.a(mm_memory.o)
                0x0200082c                mmLoad
                0x0200087c                mmUnload
                0x020008d4                mmLoadEffect
                0x0200090c                mmUnloadEffect
 .text          0x0200094c      0x100 /users/enseig/fpecheux/devkitpro/libnds/lib/libmm9.a(mm_soundbank.o)
                0x0200094c                mmSoundBankInMemory
                0x02000954                mmSoundBankInFiles
                0x02000966                mmSetCustomSoundBankHandler
                0x02000992                mmsHandleFileOp
 .text          0x02000a4c       0x3c /users/enseig/fpecheux/devkitpro/libnds/lib/libmm9.a(mm_flusher.o)
                0x02000a4c                mmFlushBank
 .text          0x02000a88       0xf4 /users/enseig/fpecheux/devkitpro/libnds/lib/libnds9.a(keys.o)
                0x02000a88                scanKeys
                0x02000af4                keysHeld
                0x02000b00                keysDown
                0x02000b10                keysDownRepeat
                0x02000b20                keysSetRepeat
                0x02000b38                keysUp
                0x02000b48                keysCurrent
 .text          0x02000b7c      0x3f4 /users/enseig/fpecheux/devkitpro/libnds/lib/libnds9.a(sprite.o)
                0x02000b7c                oamInit
                0x02000c90                oamDisable
                0x02000cc0                oamEnable
                0x02000ce4                oamGetGfxPtr
                0x02000d18                oamClear
                0x02000d40                oamGfxPtrToOffset
                0x02000d74                oamSet
                0x02000ec4                oamUpdate
                0x02000f24                oamRotateScale
 .text          0x02000f70      0x450 /users/enseig/fpecheux/devkitpro/libnds/lib/libnds9.a(sprite_alloc.o)
                0x02000fa0                oamAllocReset
                0x02000fd4                oamAllocateGfx
                0x020011d8                oamFreeGfx
                0x02001374                oamCountFragments
 .text          0x020013c0       0x4c /users/enseig/fpecheux/devkitpro/libnds/lib/libnds9.a(touch.o)
                0x020013c0                touchRead
                0x020013e8                touchReadXY
 .text          0x0200140c      0x244 /users/enseig/fpecheux/devkitpro/libnds/lib/libnds9.a(trig.o)
                0x0200140c                asinComp
                0x02001434                sinLutLookup
                0x02001470                sinLerp
                0x020014a8                cosLerp
                0x020014bc                tanLutLookup
                0x020014f4                tanLerp
                0x02001598                asinLerp
                0x02001614                acosLerp
                0x02001628                atanComp
 .text          0x02001650      0x140 /users/enseig/fpecheux/devkitpro/libnds/lib/libnds9.a(initSystem.o)
                0x02001650                initSystem
 .text          0x02001790      0xc58 /users/enseig/fpecheux/devkitpro/libnds/lib/libnds9.a(fifosystem.o)
                0x020019e4                fifoSendAddress
                0x02001a10                fifoSendValue32
                0x02001a50                fifoSendDatamsg
                0x02001ac0                fifoGetAddress
                0x02001b38                fifoSetAddressHandler
                0x02001bac                fifoGetValue32
                0x02001c20                fifoSetValue32Handler
                0x02001c94                fifoGetDatamsg
                0x02002118                fifoSetDatamsgHandler
                0x020021b0                fifoCheckAddress
                0x020021d4                fifoCheckDatamsg
                0x020021f8                fifoCheckValue32
                0x0200221c                fifoInit
 .text          0x020023e8      0x1ec /users/enseig/fpecheux/devkitpro/libnds/lib/libnds9.a(interrupts.o)
                0x020023e8                irqDummy
                0x020023ec                irqSet
                0x02002458                irqInit
                0x020024a4                irqInitHandler
                0x020024d4                irqEnable
                0x02002538                irqDisable
                0x0200259c                irqClear
 .text          0x020025d4       0x58 /users/enseig/fpecheux/devkitpro/libnds/lib/libnds9.a(libnds_exit.arm.o)
                0x020025d4                systemErrorExit
                0x020025d8                __libnds_exit
 .text          0x0200262c       0x70 /users/enseig/fpecheux/devkitpro/libnds/lib/libnds9.a(dcache.o)
                0x0200262c                DC_FlushAll
                0x02002658                DC_FlushRange
                0x02002674                DC_InvalidateAll
                0x02002680                DC_InvalidateRange
 .text          0x0200269c      0x1b4 /users/enseig/fpecheux/devkitpro/libnds/lib/libnds9.a(mpu_setup.o)
                0x0200269c                __libnds_mpu_setup
                0x020027dc                memCached
                0x020027f4                memUncached
 .text          0x02002850       0x70 /users/enseig/fpecheux/devkitpro/libnds/lib/libnds9.a(biosCalls.o)
                0x02002850                swiDelay
                0x02002854                swiIntrWait
                0x02002858                swiWaitForVBlank
                0x0200285c                swiSleep
                0x02002860                swiChangeSoundBias
                0x02002864                swiDivide
                0x02002868                swiRemainder
                0x0200286e                swiDivMod
                0x0200287a                swiCopy
                0x0200287e                swiFastCopy
                0x02002882                swiSqrt
                0x02002886                swiCRC16
                0x0200288a                swiIsDebugger
                0x0200288e                swiUnpackBits
                0x02002892                swiDecompressLZSSWram
                0x02002896                swiDecompressLZSSVramNTR
                0x0200289a                swiDecompressLZSSVramTWL
                0x0200289e                swiDecompressHuffman
                0x020028a2                swiDecompressRLEWram
                0x020028a6                swiDecompressRLEVram
                0x020028aa                swiWaitForIRQ
                0x020028ae                swiDecodeDelta8
                0x020028b2                swiDecodeDelta16
                0x020028b6                swiSetHaltCR
 .text          0x020028c0        0x0 /users/enseig/fpecheux/devkitpro/libnds/lib/libnds9.a(interruptDispatcher.o)
 .text          0x020028c0       0x30 /users/enseig/fpecheux/devkitpro/libnds/lib/libnds9.a(swiSoftReset.o)
                0x020028c0                swiSoftReset
 .text          0x020028f0      0x128 /users/enseig/fpecheux/devkitpro/libnds/lib/libnds9.a(system.o)
                0x020028f0                setSDcallback
                0x020028fc                systemMsgHandler
                0x02002940                systemSleep
                0x02002958                systemValueHandler
                0x02002994                powerOn
                0x020029c0                powerOff
                0x020029e8                ledBlink
                0x020029f8                getBatteryLevel
 .text          0x02002a18      0x1f8 /users/enseig/fpecheux/devkitpro/libnds/lib/libnds9.a(video.o)
                0x02002a18                vramSetPrimaryBanks
                0x02002a5c                vramSetMainBanks
                0x02002aa0                vramSetBanks_EFG
                0x02002ad8                vramRestorePrimaryBanks
                0x02002ae4                vramRestoreMainBanks
                0x02002af0                vramRestoreBanks_EFG
                0x02002afc                setBrightness
                0x02002b3c                vramDefault
 .text          0x02002c10       0x64 /users/enseig/fpecheux/devkitpro/devkitARM/bin/../lib/gcc/arm-none-eabi/4.7.1/../../../../arm-none-eabi/lib/thumb/libg.a(lib_a-bsearch.o)
                0x02002c10                bsearch
 .text          0x02002c74       0xb0 /users/enseig/fpecheux/devkitpro/devkitARM/bin/../lib/gcc/arm-none-eabi/4.7.1/../../../../arm-none-eabi/lib/thumb/libg.a(lib_a-fclose.o)
                0x02002c74                _fclose_r
                0x02002d08                fclose
 .text          0x02002d24      0x1b8 /users/enseig/fpecheux/devkitpro/devkitARM/bin/../lib/gcc/arm-none-eabi/4.7.1/../../../../arm-none-eabi/lib/thumb/libg.a(lib_a-fflush.o)
                0x02002d24                __sflush_r
                0x02002e7c                _fflush_r
                0x02002eac                fflush
 .text          0x02002edc      0x1d8 /users/enseig/fpecheux/devkitpro/devkitARM/bin/../lib/gcc/arm-none-eabi/4.7.1/../../../../arm-none-eabi/lib/thumb/libg.a(lib_a-findfp.o)
                0x02002ee4                _cleanup_r
                0x02002f44                __sfmoreglue
                0x02002f74                _cleanup
                0x02002f88                __sinit
                0x02002fdc                __sfp
                0x0200306c                __sfp_lock_acquire
                0x02003070                __sfp_lock_release
                0x02003074                __sinit_lock_acquire
                0x02003078                __sinit_lock_release
                0x0200307c                __fp_lock_all
                0x02003098                __fp_unlock_all
 .text          0x020030b4       0xa8 /users/enseig/fpecheux/devkitpro/devkitARM/bin/../lib/gcc/arm-none-eabi/4.7.1/../../../../arm-none-eabi/lib/thumb/libg.a(lib_a-fopen.o)
                0x020030b4                _fopen_r
                0x02003140                fopen
 .text          0x0200315c      0x190 /users/enseig/fpecheux/devkitpro/devkitARM/bin/../lib/gcc/arm-none-eabi/4.7.1/../../../../arm-none-eabi/lib/thumb/libg.a(lib_a-fread.o)
                0x0200315c                _fread_r
                0x020032c4                fread
 .text          0x020032ec      0x238 /users/enseig/fpecheux/devkitpro/devkitARM/bin/../lib/gcc/arm-none-eabi/4.7.1/../../../../arm-none-eabi/lib/thumb/libg.a(lib_a-freer.o)
                0x020032ec                _malloc_trim_r
                0x02003390                _free_r
 .text          0x02003524      0x328 /users/enseig/fpecheux/devkitpro/devkitARM/bin/../lib/gcc/arm-none-eabi/4.7.1/../../../../arm-none-eabi/lib/thumb/libg.a(lib_a-fseek.o)
                0x02003524                _fseek_r
                0x02003828                fseek
 .text          0x0200384c       0xb4 /users/enseig/fpecheux/devkitpro/devkitARM/bin/../lib/gcc/arm-none-eabi/4.7.1/../../../../arm-none-eabi/lib/thumb/libg.a(lib_a-fwalk.o)
                0x0200384c                _fwalk
                0x020038a0                _fwalk_reent
 .text          0x02003900        0x0 /users/enseig/fpecheux/devkitpro/devkitARM/bin/../lib/gcc/arm-none-eabi/4.7.1/../../../../arm-none-eabi/lib/thumb/libg.a(lib_a-impure.o)
 .text          0x02003900       0x54 /users/enseig/fpecheux/devkitpro/devkitARM/bin/../lib/gcc/arm-none-eabi/4.7.1/../../../../arm-none-eabi/lib/thumb/libg.a(lib_a-init.o)
                0x02003900                __libc_init_array
 .text          0x02003954       0xe0 /users/enseig/fpecheux/devkitpro/devkitARM/bin/../lib/gcc/arm-none-eabi/4.7.1/../../../../arm-none-eabi/lib/thumb/libg.a(lib_a-makebuf.o)
                0x02003954                __smakebuf_r
 .text          0x02003a34       0x30 /users/enseig/fpecheux/devkitpro/devkitARM/bin/../lib/gcc/arm-none-eabi/4.7.1/../../../../arm-none-eabi/lib/thumb/libg.a(lib_a-malloc.o)
                0x02003a34                malloc
                0x02003a4c                free
 .text          0x02003a64      0x51c /users/enseig/fpecheux/devkitpro/devkitARM/bin/../lib/gcc/arm-none-eabi/4.7.1/../../../../arm-none-eabi/lib/thumb/libg.a(lib_a-mallocr.o)
                0x02003a64                _malloc_r
 .text          0x02003f80       0x90 /users/enseig/fpecheux/devkitpro/devkitARM/bin/../lib/gcc/arm-none-eabi/4.7.1/../../../../arm-none-eabi/lib/thumb/libg.a(lib_a-memcpy-stub.o)
                0x02003f80                memcpy
 .text          0x02004010       0x98 /users/enseig/fpecheux/devkitpro/devkitARM/bin/../lib/gcc/arm-none-eabi/4.7.1/../../../../arm-none-eabi/lib/thumb/libg.a(lib_a-memset.o)
                0x02004010                memset
 .text          0x020040a8        0x8 /users/enseig/fpecheux/devkitpro/devkitARM/bin/../lib/gcc/arm-none-eabi/4.7.1/../../../../arm-none-eabi/lib/thumb/libg.a(lib_a-mlock.o)
                0x020040a8                __malloc_lock
                0x020040ac                __malloc_unlock
 .text          0x020040b0       0x1c /users/enseig/fpecheux/devkitpro/devkitARM/bin/../lib/gcc/arm-none-eabi/4.7.1/../../../../arm-none-eabi/lib/thumb/libg.a(lib_a-realloc.o)
                0x020040b0                realloc
 .text          0x020040cc      0x3e8 /users/enseig/fpecheux/devkitpro/devkitARM/bin/../lib/gcc/arm-none-eabi/4.7.1/../../../../arm-none-eabi/lib/thumb/libg.a(lib_a-reallocr.o)
                0x020040cc                _realloc_r
 .text          0x020044b4      0x144 /users/enseig/fpecheux/devkitpro/devkitARM/bin/../lib/gcc/arm-none-eabi/4.7.1/../../../../arm-none-eabi/lib/thumb/libg.a(lib_a-refill.o)
                0x020044d4                __srefill_r
 .text          0x020045f8       0xac /users/enseig/fpecheux/devkitpro/devkitARM/bin/../lib/gcc/arm-none-eabi/4.7.1/../../../../arm-none-eabi/lib/thumb/libg.a(lib_a-stdio.o)
                0x020045f8                __sread
                0x02004624                __seofread
                0x02004628                __swrite
                0x02004664                __sseek
                0x02004694                __sclose
 .text          0x020046a4       0x70 /users/enseig/fpecheux/devkitpro/devkitARM/bin/../lib/gcc/arm-none-eabi/4.7.1/../../../../arm-none-eabi/lib/thumb/libg.a(lib_a-flags.o)
                0x020046a4                __sflags
 .text          0x02004714       0xb0 /users/enseig/fpecheux/devkitpro/devkitARM/bin/../lib/gcc/arm-none-eabi/4.7.1/../../../../arm-none-eabi/lib/thumb/libg.a(lib_a-memmove.o)
                0x02004714                memmove
 .text          0x020047c4       0x50 /users/enseig/fpecheux/devkitpro/devkitARM/bin/../lib/gcc/arm-none-eabi/4.7.1/../../../../arm-none-eabi/lib/thumb/libsysbase.a(close.o)
                0x020047c4                _close_r
 .text          0x02004814       0x50 /users/enseig/fpecheux/devkitpro/devkitARM/bin/../lib/gcc/arm-none-eabi/4.7.1/../../../../arm-none-eabi/lib/thumb/libsysbase.a(fstat.o)
                0x02004814                _fstat_r
 .text          0x02004864        0x4 /users/enseig/fpecheux/devkitpro/devkitARM/bin/../lib/gcc/arm-none-eabi/4.7.1/../../../../arm-none-eabi/lib/thumb/libsysbase.a(isatty.o)
                0x02004864                _isatty_r
 .text          0x02004868       0x50 /users/enseig/fpecheux/devkitpro/devkitARM/bin/../lib/gcc/arm-none-eabi/4.7.1/../../../../arm-none-eabi/lib/thumb/libsysbase.a(lseek.o)
                0x02004868                _lseek_r
 .text          0x020048b8       0xa0 /users/enseig/fpecheux/devkitpro/devkitARM/bin/../lib/gcc/arm-none-eabi/4.7.1/../../../../arm-none-eabi/lib/thumb/libsysbase.a(open.o)
                0x020048b8                _open_r
 .text          0x02004958       0x50 /users/enseig/fpecheux/devkitpro/devkitARM/bin/../lib/gcc/arm-none-eabi/4.7.1/../../../../arm-none-eabi/lib/thumb/libsysbase.a(read.o)
                0x02004958                _read_r
 .text          0x020049a8       0x54 /users/enseig/fpecheux/devkitpro/devkitARM/bin/../lib/gcc/arm-none-eabi/4.7.1/../../../../arm-none-eabi/lib/thumb/libsysbase.a(sbrk.o)
                0x020049a8                _sbrk_r
 .text          0x020049fc       0x44 /users/enseig/fpecheux/devkitpro/devkitARM/bin/../lib/gcc/arm-none-eabi/4.7.1/../../../../arm-none-eabi/lib/thumb/libsysbase.a(times.o)
                0x020049fc                _times
                0x02004a10                _times_r
                0x02004a18                _gettimeofday_r
 .text          0x02004a40       0x58 /users/enseig/fpecheux/devkitpro/devkitARM/bin/../lib/gcc/arm-none-eabi/4.7.1/../../../../arm-none-eabi/lib/thumb/libsysbase.a(write.o)
                0x02004a40                _write_r
 .text          0x02004a98        0x0 /users/enseig/fpecheux/devkitpro/devkitARM/bin/../lib/gcc/arm-none-eabi/4.7.1/../../../../arm-none-eabi/lib/thumb/libsysbase.a(malloc_vars.o)
 .text          0x02004a98       0x4c /users/enseig/fpecheux/devkitpro/devkitARM/bin/../lib/gcc/arm-none-eabi/4.7.1/../../../../arm-none-eabi/lib/thumb/libsysbase.a(build_argv.o)
                0x02004a98                build_argv
 .text          0x02004ae4        0x0 /users/enseig/fpecheux/devkitpro/devkitARM/bin/../lib/gcc/arm-none-eabi/4.7.1/../../../../arm-none-eabi/lib/thumb/libsysbase.a(syscall_support.o)
 .text          0x02004ae4       0x84 /users/enseig/fpecheux/devkitpro/devkitARM/bin/../lib/gcc/arm-none-eabi/4.7.1/../../../../arm-none-eabi/lib/thumb/libsysbase.a(handle_manager.o)
                0x02004ae4                __release_handle
                0x02004b10                __alloc_handle
                0x02004b48                __get_handle
 .text          0x02004b68      0x144 /users/enseig/fpecheux/devkitpro/devkitARM/bin/../lib/gcc/arm-none-eabi/4.7.1/../../../../arm-none-eabi/lib/thumb/libsysbase.a(iosupport.o)
                0x02004b68                setDefaultDevice
                0x02004b7c                FindDevice
                0x02004bec                RemoveDevice
                0x02004c10                AddDevice
                0x02004c8c                GetDeviceOpTab
 .text          0x02004cac      0x11c /users/enseig/fpecheux/devkitpro/devkitARM/bin/../lib/gcc/arm-none-eabi/4.7.1/thumb/libgcc.a(_udivsi3.o)
                0x02004cac                __udivsi3
                0x02004cac                __aeabi_uidiv
                0x02004da8                __aeabi_uidivmod
 .text          0x02004dc8        0x4 /users/enseig/fpecheux/devkitpro/devkitARM/bin/../lib/gcc/arm-none-eabi/4.7.1/thumb/libgcc.a(_dvmd_tls.o)
                0x02004dc8                __aeabi_ldiv0
                0x02004dc8                __aeabi_idiv0
 .text          0x02004dcc        0xc /users/enseig/fpecheux/devkitpro/devkitARM/bin/../lib/gcc/arm-none-eabi/4.7.1/../../../../arm-none-eabi/lib/thumb/libg.a(lib_a-errno.o)
                0x02004dcc                __errno
 .text          0x02004dd8       0xd4 /users/enseig/fpecheux/devkitpro/devkitARM/bin/../lib/gcc/arm-none-eabi/4.7.1/../../../../arm-none-eabi/lib/thumb/libg.a(lib_a-strchr.o)
                0x02004dd8                strchr
 .text          0x02004eac       0x14 /users/enseig/fpecheux/devkitpro/devkitARM/bin/../lib/gcc/arm-none-eabi/4.7.1/../../../../arm-none-eabi/lib/thumb/libg.a(lib_a-strcmp.o)
                0x02004eac                strcmp
 .text          0x02004ec0       0x10 /users/enseig/fpecheux/devkitpro/devkitARM/bin/../lib/gcc/arm-none-eabi/4.7.1/../../../../arm-none-eabi/lib/thumb/libg.a(lib_a-strlen.o)
                0x02004ec0                strlen
 .text          0x02004ed0       0xbc /users/enseig/fpecheux/devkitpro/devkitARM/bin/../lib/gcc/arm-none-eabi/4.7.1/../../../../arm-none-eabi/lib/thumb/libg.a(lib_a-strncmp.o)
                0x02004ed0                strncmp
 .text          0x02004f8c        0x0 /users/enseig/fpecheux/devkitpro/devkitARM/bin/../lib/gcc/arm-none-eabi/4.7.1/thumb/crtend.o
 .text          0x02004f8c        0x0 /users/enseig/fpecheux/devkitpro/devkitARM/bin/../lib/gcc/arm-none-eabi/4.7.1/thumb/crtn.o
 *(.text.*)
 .text.startup  0x02004f8c      0x4f8 template.o
                0x02004f8c                main
 *fill*         0x02005484        0x4 ff
 .text.startup.stub
                0x02005488       0x38 linker stubs
 *(.stub)
 *(.gnu.warning)
 *(.gnu.linkonce.t*)
 *(.glue_7)
 .glue_7        0x00000000        0x0 linker stubs
 *(.glue_7t)
 .glue_7t       0x00000000        0x0 linker stubs
                0x020054c0                . = ALIGN (0x4)

.vfp11_veneer   0x020054c8        0x0
 .vfp11_veneer  0x00000000        0x0 linker stubs

.v4_bx          0x020054c8        0x0
 .v4_bx         0x00000000        0x0 linker stubs

.iplt           0x020054c8        0x0
 .iplt          0x00000000        0x0 /users/enseig/fpecheux/devkitpro/devkitARM/bin/../lib/gcc/arm-none-eabi/4.7.1/../../../../arm-none-eabi/lib/thumb/ds_arm9_crt0.o

.fini           0x020054c8        0xc
 *(.fini)
 .fini          0x020054c8        0x4 /users/enseig/fpecheux/devkitpro/devkitARM/bin/../lib/gcc/arm-none-eabi/4.7.1/thumb/crti.o
                0x020054c8                _fini
 .fini          0x020054cc        0x8 /users/enseig/fpecheux/devkitpro/devkitARM/bin/../lib/gcc/arm-none-eabi/4.7.1/thumb/crtn.o
                0x020054d4                __text_end = .

.rodata         0x020054d4    0x48410
 *(.rodata)
 .rodata        0x020054d4     0xe200 alchemy0.o
                0x020054d4                alchemy0Tiles
                0x020134d4                alchemy0Pal
 .rodata        0x020136d4     0xe200 alchemy1.o
                0x020136d4                alchemy1Tiles
                0x020216d4                alchemy1Pal
 .rodata        0x020218d4    0x2bc7c soundbank.bin.o
                0x020218d4                soundbank_bin
                0x0204d54c                soundbank_bin_end
                0x0204d54c                soundbank_bin_size
 .rodata        0x0204d550       0x18 template.o
 .rodata        0x0204d568      0x308 /users/enseig/fpecheux/devkitpro/libnds/lib/libnds9.a(trig.o)
                0x0204d568                SIN_LUT
                0x0204d66c                TAN_LUT
 .rodata        0x0204d870        0x4 /users/enseig/fpecheux/devkitpro/devkitARM/bin/../lib/gcc/arm-none-eabi/4.7.1/../../../../arm-none-eabi/lib/thumb/libg.a(lib_a-impure.o)
                0x0204d870                _global_impure_ptr
 .rodata        0x0204d874       0x64 /users/enseig/fpecheux/devkitpro/devkitARM/bin/../lib/gcc/arm-none-eabi/4.7.1/../../../../arm-none-eabi/lib/thumb/libsysbase.a(iosupport.o)
                0x0204d874                dotab_stdnull
 *all.rodata*(*)
 *(.roda)
 *(.rodata.*)
 .rodata.str1.4
                0x0204d8d8        0x2 /users/enseig/fpecheux/devkitpro/devkitARM/bin/../lib/gcc/arm-none-eabi/4.7.1/../../../../arm-none-eabi/lib/thumb/libg.a(lib_a-impure.o)
                                  0x4 (size before relaxing)
 *fill*         0x0204d8da        0x2 ff
 .rodata.str1.4
                0x0204d8dc        0x8 /users/enseig/fpecheux/devkitpro/devkitARM/bin/../lib/gcc/arm-none-eabi/4.7.1/../../../../arm-none-eabi/lib/thumb/libsysbase.a(iosupport.o)
 *(.gnu.linkonce.r*)
                0x0204d8e4                . = ALIGN (0x4)

.rel.dyn        0x0204d8e4        0x0
 .rel.iplt      0x00000000        0x0 /users/enseig/fpecheux/devkitpro/devkitARM/bin/../lib/gcc/arm-none-eabi/4.7.1/../../../../arm-none-eabi/lib/thumb/ds_arm9_crt0.o

.ARM.extab
 *(.ARM.extab* .gnu.linkonce.armextab.*)
                0x0204d8e4                __exidx_start = .

ARM.exidx
 *(.ARM.exidx* .gnu.linkonce.armexidx.*)
                0x0204d8e4                __exidx_end = .
                0x0204d8e4                . = ALIGN (0x4)
                0x0204d8e4                PROVIDE (__preinit_array_start, .)

.preinit_array
 *(.preinit_array)
                0x0204d8e4                PROVIDE (__preinit_array_end, .)
                0x0204d8e4                PROVIDE (__init_array_start, .)

.init_array     0x0204d8e4        0x4
 *(SORT(.init_array.*))
 *(.init_array)
 .init_array    0x0204d8e4        0x4 /users/enseig/fpecheux/devkitpro/devkitARM/bin/../lib/gcc/arm-none-eabi/4.7.1/thumb/crtbegin.o
                0x0204d8e8                PROVIDE (__init_array_end, .)
                0x0204d8e8                PROVIDE (__fini_array_start, .)

.fini_array     0x0204d8e8        0x4
 *(.fini_array)
 .fini_array    0x0204d8e8        0x4 /users/enseig/fpecheux/devkitpro/devkitARM/bin/../lib/gcc/arm-none-eabi/4.7.1/thumb/crtbegin.o
 *(SORT(.fini_array.*))
                0x0204d8ec                PROVIDE (__fini_array_end, .)

.ctors          0x0204d8ec        0x0
 *crtbegin.o(.ctors)
 *(EXCLUDE_FILE(*crtend.o) .ctors)
 *(SORT(.ctors.*))
 *(.ctors)
                0x0204d8ec                . = ALIGN (0x4)

.dtors          0x0204d8ec        0x0
 *crtbegin.o(.dtors)
 *(EXCLUDE_FILE(*crtend.o) .dtors)
 *(SORT(.dtors.*))
 *(.dtors)
                0x0204d8ec                . = ALIGN (0x4)

.eh_frame       0x0204d8ec        0x4
 *(.eh_frame)
 .eh_frame      0x0204d8ec        0x0 /users/enseig/fpecheux/devkitpro/devkitARM/bin/../lib/gcc/arm-none-eabi/4.7.1/thumb/crtbegin.o
 .eh_frame      0x0204d8ec        0x4 /users/enseig/fpecheux/devkitpro/devkitARM/bin/../lib/gcc/arm-none-eabi/4.7.1/thumb/crtend.o
                0x0204d8f0                . = ALIGN (0x4)

.gcc_except_table
                0x0204d8f0        0x0
 *(.gcc_except_table)
                0x0204d8f0                . = ALIGN (0x4)

.jcr            0x0204d8f0        0x4
 *(.jcr)
 .jcr           0x0204d8f0        0x0 /users/enseig/fpecheux/devkitpro/devkitARM/bin/../lib/gcc/arm-none-eabi/4.7.1/thumb/crtbegin.o
 .jcr           0x0204d8f0        0x4 /users/enseig/fpecheux/devkitpro/devkitARM/bin/../lib/gcc/arm-none-eabi/4.7.1/thumb/crtend.o

.got
 *(.got.plt)
 *(.got)
 *(.rel.got)

.ewram          0x0204d8f4        0x0
                0x0204d8f4                __ewram_start = ABSOLUTE (.)
 *(.ewram)
 *ewram.*(.text)
                0x0204d8f4                . = ALIGN (0x4)

.data           0x0204d8f4      0xa60
                0x0204d8f4                __data_start = ABSOLUTE (.)
 *(.data)
 .data          0x0204d8f4        0x0 /users/enseig/fpecheux/devkitpro/devkitARM/bin/../lib/gcc/arm-none-eabi/4.7.1/../../../../arm-none-eabi/lib/thumb/ds_arm9_crt0.o
 .data          0x0204d8f4        0x0 /users/enseig/fpecheux/devkitpro/devkitARM/bin/../lib/gcc/arm-none-eabi/4.7.1/thumb/crti.o
 .data          0x0204d8f4        0x4 /users/enseig/fpecheux/devkitpro/devkitARM/bin/../lib/gcc/arm-none-eabi/4.7.1/thumb/crtbegin.o
                0x0204d8f4                __dso_handle
 .data          0x0204d8f8        0x0 alchemy0.o
 .data          0x0204d8f8        0x0 alchemy1.o
 .data          0x0204d8f8        0x0 soundbank.bin.o
 .data          0x0204d8f8      0x190 template.o
                0x0204d8f8                compatMatrix
 .data          0x0204da88        0x0 /users/enseig/fpecheux/devkitpro/libnds/lib/libmm9.a(mm_comms.o)
 .data          0x0204da88        0x0 /users/enseig/fpecheux/devkitpro/libnds/lib/libmm9.a(mm_main9.o)
 .data          0x0204da88        0x0 /users/enseig/fpecheux/devkitpro/libnds/lib/libmm9.a(mm_memory.o)
 .data          0x0204da88        0x0 /users/enseig/fpecheux/devkitpro/libnds/lib/libmm9.a(mm_soundbank.o)
 .data          0x0204da88        0x0 /users/enseig/fpecheux/devkitpro/libnds/lib/libmm9.a(mm_flusher.o)
 .data          0x0204da88        0x3 /users/enseig/fpecheux/devkitpro/libnds/lib/libnds9.a(keys.o)
 *fill*         0x0204da8b        0x1 ff
 .data          0x0204da8c       0x30 /users/enseig/fpecheux/devkitpro/libnds/lib/libnds9.a(sprite.o)
                0x0204da8c                oamMain
                0x0204daa4                oamSub
 .data          0x0204dabc        0x0 /users/enseig/fpecheux/devkitpro/libnds/lib/libnds9.a(sprite_alloc.o)
 .data          0x0204dabc        0x0 /users/enseig/fpecheux/devkitpro/libnds/lib/libnds9.a(touch.o)
 .data          0x0204dabc        0x0 /users/enseig/fpecheux/devkitpro/libnds/lib/libnds9.a(trig.o)
 .data          0x0204dabc        0x0 /users/enseig/fpecheux/devkitpro/libnds/lib/libnds9.a(initSystem.o)
 .data          0x0204dabc       0x10 /users/enseig/fpecheux/devkitpro/libnds/lib/libnds9.a(fifosystem.o)
                0x0204dabc                fifo_buffer_free
                0x0204dac0                fifo_freewords
                0x0204dac4                fifo_send_queue
                0x0204dac8                fifo_receive_queue
 .data          0x0204dacc        0x0 /users/enseig/fpecheux/devkitpro/libnds/lib/libnds9.a(interrupts.o)
 .data          0x0204dacc        0x0 /users/enseig/fpecheux/devkitpro/libnds/lib/libnds9.a(libnds_exit.arm.o)
 .data          0x0204dacc        0x0 /users/enseig/fpecheux/devkitpro/libnds/lib/libnds9.a(dcache.o)
 .data          0x0204dacc        0x0 /users/enseig/fpecheux/devkitpro/libnds/lib/libnds9.a(mpu_setup.o)
 .data          0x0204dacc        0x0 /users/enseig/fpecheux/devkitpro/libnds/lib/libnds9.a(biosCalls.o)
 .data          0x0204dacc        0x0 /users/enseig/fpecheux/devkitpro/libnds/lib/libnds9.a(interruptDispatcher.o)
 .data          0x0204dacc        0x0 /users/enseig/fpecheux/devkitpro/libnds/lib/libnds9.a(swiSoftReset.o)
 .data          0x0204dacc        0x0 /users/enseig/fpecheux/devkitpro/libnds/lib/libnds9.a(system.o)
 .data          0x0204dacc        0x0 /users/enseig/fpecheux/devkitpro/libnds/lib/libnds9.a(video.o)
 .data          0x0204dacc        0x0 /users/enseig/fpecheux/devkitpro/devkitARM/bin/../lib/gcc/arm-none-eabi/4.7.1/../../../../arm-none-eabi/lib/thumb/libg.a(lib_a-bsearch.o)
 .data          0x0204dacc        0x0 /users/enseig/fpecheux/devkitpro/devkitARM/bin/../lib/gcc/arm-none-eabi/4.7.1/../../../../arm-none-eabi/lib/thumb/libg.a(lib_a-fclose.o)
 .data          0x0204dacc        0x0 /users/enseig/fpecheux/devkitpro/devkitARM/bin/../lib/gcc/arm-none-eabi/4.7.1/../../../../arm-none-eabi/lib/thumb/libg.a(lib_a-fflush.o)
 .data          0x0204dacc        0x0 /users/enseig/fpecheux/devkitpro/devkitARM/bin/../lib/gcc/arm-none-eabi/4.7.1/../../../../arm-none-eabi/lib/thumb/libg.a(lib_a-findfp.o)
 .data          0x0204dacc        0x0 /users/enseig/fpecheux/devkitpro/devkitARM/bin/../lib/gcc/arm-none-eabi/4.7.1/../../../../arm-none-eabi/lib/thumb/libg.a(lib_a-fopen.o)
 .data          0x0204dacc        0x0 /users/enseig/fpecheux/devkitpro/devkitARM/bin/../lib/gcc/arm-none-eabi/4.7.1/../../../../arm-none-eabi/lib/thumb/libg.a(lib_a-fread.o)
 .data          0x0204dacc        0x0 /users/enseig/fpecheux/devkitpro/devkitARM/bin/../lib/gcc/arm-none-eabi/4.7.1/../../../../arm-none-eabi/lib/thumb/libg.a(lib_a-freer.o)
 .data          0x0204dacc        0x0 /users/enseig/fpecheux/devkitpro/devkitARM/bin/../lib/gcc/arm-none-eabi/4.7.1/../../../../arm-none-eabi/lib/thumb/libg.a(lib_a-fseek.o)
 .data          0x0204dacc        0x0 /users/enseig/fpecheux/devkitpro/devkitARM/bin/../lib/gcc/arm-none-eabi/4.7.1/../../../../arm-none-eabi/lib/thumb/libg.a(lib_a-fwalk.o)
 *fill*         0x0204dacc        0x4 ff
 .data          0x0204dad0      0x430 /users/enseig/fpecheux/devkitpro/devkitARM/bin/../lib/gcc/arm-none-eabi/4.7.1/../../../../arm-none-eabi/lib/thumb/libg.a(lib_a-impure.o)
                0x0204dad0                _impure_ptr
 .data          0x0204df00        0x0 /users/enseig/fpecheux/devkitpro/devkitARM/bin/../lib/gcc/arm-none-eabi/4.7.1/../../../../arm-none-eabi/lib/thumb/libg.a(lib_a-init.o)
 .data          0x0204df00        0x0 /users/enseig/fpecheux/devkitpro/devkitARM/bin/../lib/gcc/arm-none-eabi/4.7.1/../../../../arm-none-eabi/lib/thumb/libg.a(lib_a-makebuf.o)
 .data          0x0204df00        0x0 /users/enseig/fpecheux/devkitpro/devkitARM/bin/../lib/gcc/arm-none-eabi/4.7.1/../../../../arm-none-eabi/lib/thumb/libg.a(lib_a-malloc.o)
 .data          0x0204df00      0x410 /users/enseig/fpecheux/devkitpro/devkitARM/bin/../lib/gcc/arm-none-eabi/4.7.1/../../../../arm-none-eabi/lib/thumb/libg.a(lib_a-mallocr.o)
                0x0204df00                __malloc_av_
                0x0204e308                __malloc_sbrk_base
                0x0204e30c                __malloc_trim_threshold
 .data          0x0204e310        0x0 /users/enseig/fpecheux/devkitpro/devkitARM/bin/../lib/gcc/arm-none-eabi/4.7.1/../../../../arm-none-eabi/lib/thumb/libg.a(lib_a-memcpy-stub.o)
 .data          0x0204e310        0x0 /users/enseig/fpecheux/devkitpro/devkitARM/bin/../lib/gcc/arm-none-eabi/4.7.1/../../../../arm-none-eabi/lib/thumb/libg.a(lib_a-memset.o)
 .data          0x0204e310        0x0 /users/enseig/fpecheux/devkitpro/devkitARM/bin/../lib/gcc/arm-none-eabi/4.7.1/../../../../arm-none-eabi/lib/thumb/libg.a(lib_a-mlock.o)
 .data          0x0204e310        0x0 /users/enseig/fpecheux/devkitpro/devkitARM/bin/../lib/gcc/arm-none-eabi/4.7.1/../../../../arm-none-eabi/lib/thumb/libg.a(lib_a-realloc.o)
 .data          0x0204e310        0x0 /users/enseig/fpecheux/devkitpro/devkitARM/bin/../lib/gcc/arm-none-eabi/4.7.1/../../../../arm-none-eabi/lib/thumb/libg.a(lib_a-reallocr.o)
 .data          0x0204e310        0x0 /users/enseig/fpecheux/devkitpro/devkitARM/bin/../lib/gcc/arm-none-eabi/4.7.1/../../../../arm-none-eabi/lib/thumb/libg.a(lib_a-refill.o)
 .data          0x0204e310        0x0 /users/enseig/fpecheux/devkitpro/devkitARM/bin/../lib/gcc/arm-none-eabi/4.7.1/../../../../arm-none-eabi/lib/thumb/libg.a(lib_a-stdio.o)
 .data          0x0204e310        0x0 /users/enseig/fpecheux/devkitpro/devkitARM/bin/../lib/gcc/arm-none-eabi/4.7.1/../../../../arm-none-eabi/lib/thumb/libg.a(lib_a-flags.o)
 .data          0x0204e310        0x0 /users/enseig/fpecheux/devkitpro/devkitARM/bin/../lib/gcc/arm-none-eabi/4.7.1/../../../../arm-none-eabi/lib/thumb/libg.a(lib_a-memmove.o)
 .data          0x0204e310        0x0 /users/enseig/fpecheux/devkitpro/devkitARM/bin/../lib/gcc/arm-none-eabi/4.7.1/../../../../arm-none-eabi/lib/thumb/libsysbase.a(close.o)
 .data          0x0204e310        0x0 /users/enseig/fpecheux/devkitpro/devkitARM/bin/../lib/gcc/arm-none-eabi/4.7.1/../../../../arm-none-eabi/lib/thumb/libsysbase.a(fstat.o)
 .data          0x0204e310        0x0 /users/enseig/fpecheux/devkitpro/devkitARM/bin/../lib/gcc/arm-none-eabi/4.7.1/../../../../arm-none-eabi/lib/thumb/libsysbase.a(isatty.o)
 .data          0x0204e310        0x0 /users/enseig/fpecheux/devkitpro/devkitARM/bin/../lib/gcc/arm-none-eabi/4.7.1/../../../../arm-none-eabi/lib/thumb/libsysbase.a(lseek.o)
 .data          0x0204e310        0x0 /users/enseig/fpecheux/devkitpro/devkitARM/bin/../lib/gcc/arm-none-eabi/4.7.1/../../../../arm-none-eabi/lib/thumb/libsysbase.a(open.o)
 .data          0x0204e310        0x0 /users/enseig/fpecheux/devkitpro/devkitARM/bin/../lib/gcc/arm-none-eabi/4.7.1/../../../../arm-none-eabi/lib/thumb/libsysbase.a(read.o)
 .data          0x0204e310        0x0 /users/enseig/fpecheux/devkitpro/devkitARM/bin/../lib/gcc/arm-none-eabi/4.7.1/../../../../arm-none-eabi/lib/thumb/libsysbase.a(sbrk.o)
 .data          0x0204e310        0x0 /users/enseig/fpecheux/devkitpro/devkitARM/bin/../lib/gcc/arm-none-eabi/4.7.1/../../../../arm-none-eabi/lib/thumb/libsysbase.a(times.o)
 .data          0x0204e310        0x0 /users/enseig/fpecheux/devkitpro/devkitARM/bin/../lib/gcc/arm-none-eabi/4.7.1/../../../../arm-none-eabi/lib/thumb/libsysbase.a(write.o)
 .data          0x0204e310        0x0 /users/enseig/fpecheux/devkitpro/devkitARM/bin/../lib/gcc/arm-none-eabi/4.7.1/../../../../arm-none-eabi/lib/thumb/libsysbase.a(malloc_vars.o)
 .data          0x0204e310        0x0 /users/enseig/fpecheux/devkitpro/devkitARM/bin/../lib/gcc/arm-none-eabi/4.7.1/../../../../arm-none-eabi/lib/thumb/libsysbase.a(build_argv.o)
 .data          0x0204e310        0x0 /users/enseig/fpecheux/devkitpro/devkitARM/bin/../lib/gcc/arm-none-eabi/4.7.1/../../../../arm-none-eabi/lib/thumb/libsysbase.a(syscall_support.o)
 .data          0x0204e310        0x0 /users/enseig/fpecheux/devkitpro/devkitARM/bin/../lib/gcc/arm-none-eabi/4.7.1/../../../../arm-none-eabi/lib/thumb/libsysbase.a(handle_manager.o)
 .data          0x0204e310       0x44 /users/enseig/fpecheux/devkitpro/devkitARM/bin/../lib/gcc/arm-none-eabi/4.7.1/../../../../arm-none-eabi/lib/thumb/libsysbase.a(iosupport.o)
                0x0204e314                devoptab_list
 .data          0x0204e354        0x0 /users/enseig/fpecheux/devkitpro/devkitARM/bin/../lib/gcc/arm-none-eabi/4.7.1/thumb/libgcc.a(_udivsi3.o)
 .data          0x0204e354        0x0 /users/enseig/fpecheux/devkitpro/devkitARM/bin/../lib/gcc/arm-none-eabi/4.7.1/thumb/libgcc.a(_dvmd_tls.o)
 .data          0x0204e354        0x0 /users/enseig/fpecheux/devkitpro/devkitARM/bin/../lib/gcc/arm-none-eabi/4.7.1/../../../../arm-none-eabi/lib/thumb/libg.a(lib_a-errno.o)
 .data          0x0204e354        0x0 /users/enseig/fpecheux/devkitpro/devkitARM/bin/../lib/gcc/arm-none-eabi/4.7.1/../../../../arm-none-eabi/lib/thumb/libg.a(lib_a-strchr.o)
 .data          0x0204e354        0x0 /users/enseig/fpecheux/devkitpro/devkitARM/bin/../lib/gcc/arm-none-eabi/4.7.1/../../../../arm-none-eabi/lib/thumb/libg.a(lib_a-strcmp.o)
 .data          0x0204e354        0x0 /users/enseig/fpecheux/devkitpro/devkitARM/bin/../lib/gcc/arm-none-eabi/4.7.1/../../../../arm-none-eabi/lib/thumb/libg.a(lib_a-strlen.o)
 .data          0x0204e354        0x0 /users/enseig/fpecheux/devkitpro/devkitARM/bin/../lib/gcc/arm-none-eabi/4.7.1/../../../../arm-none-eabi/lib/thumb/libg.a(lib_a-strncmp.o)
 .data          0x0204e354        0x0 /users/enseig/fpecheux/devkitpro/devkitARM/bin/../lib/gcc/arm-none-eabi/4.7.1/thumb/crtend.o
 .data          0x0204e354        0x0 /users/enseig/fpecheux/devkitpro/devkitARM/bin/../lib/gcc/arm-none-eabi/4.7.1/thumb/crtn.o
 *(.data.*)
 *(.gnu.linkonce.d*)
                0x0204e354                . = ALIGN (0x4)
                0x0204e354                __data_end = ABSOLUTE (.)
                0x0204e354                __dtcm_lma = .
                0x0204e354                __bss_vma = .

.igot.plt       0x0204e354        0x0
 .igot.plt      0x00000000        0x0 /users/enseig/fpecheux/devkitpro/devkitARM/bin/../lib/gcc/arm-none-eabi/4.7.1/../../../../arm-none-eabi/lib/thumb/ds_arm9_crt0.o

.tm_clone_table
                0x0204e354        0x0
 .tm_clone_table
                0x0204e354        0x0 /users/enseig/fpecheux/devkitpro/devkitARM/bin/../lib/gcc/arm-none-eabi/4.7.1/thumb/crtbegin.o
 .tm_clone_table
                0x0204e354        0x0 /users/enseig/fpecheux/devkitpro/devkitARM/bin/../lib/gcc/arm-none-eabi/4.7.1/thumb/crtend.o

.dtcm           0x0b000000        0x0 load address 0x0204e354
 *(.dtcm)
 *(.dtcm.*)
                0x0b000000                . = ALIGN (0x4)
                0x0b000000                __dtcm_end = ABSOLUTE (.)
                0x0204e354                __itcm_lma = (__dtcm_lma + SIZEOF (.dtcm))

.itcm           0x01000100      0x194 load address 0x0204e354
 *(.itcm)
 .itcm          0x01000100       0xc8 /users/enseig/fpecheux/devkitpro/libnds/lib/libnds9.a(interrupts.o)
                0x01000100                irqTable
 .itcm          0x010001c8       0xcc /users/enseig/fpecheux/devkitpro/libnds/lib/libnds9.a(interruptDispatcher.o)
                0x010001c8                IntrMain
 *itcm.*(.text)
                0x01000294                . = ALIGN (0x4)
                0x01000294                __itcm_end = ABSOLUTE (.)
                0x0204e4e8                __vectors_lma = (__itcm_lma + SIZEOF (.itcm))

.vectors        0x01000000        0x0 load address 0x0204e4e8
 *(.vectors)
 *vectors.*(.text)
                0x01000000                . = ALIGN (0x4)
                0x01000000                __vectors_end = ABSOLUTE (.)

.sbss           0x0b000000        0x0
                0x0b000000                __sbss_start = ABSOLUTE (.)
                0x0b000000                __sbss_start__ = ABSOLUTE (.)
 *(.sbss)
                0x0b000000                . = ALIGN (0x4)
                0x0b000000                __sbss_end = ABSOLUTE (.)

.bss            0x0204e354     0x2474
                0x0204e354                __bss_start = ABSOLUTE (.)
                0x0204e354                __bss_start__ = ABSOLUTE (.)
 *(.dynbss)
 *(.gnu.linkonce.b*)
 *(.bss*)
 .bss           0x0204e354        0x0 /users/enseig/fpecheux/devkitpro/devkitARM/bin/../lib/gcc/arm-none-eabi/4.7.1/../../../../arm-none-eabi/lib/thumb/ds_arm9_crt0.o
 .bss           0x0204e354        0x0 /users/enseig/fpecheux/devkitpro/devkitARM/bin/../lib/gcc/arm-none-eabi/4.7.1/thumb/crti.o
 .bss           0x0204e354       0x1c /users/enseig/fpecheux/devkitpro/devkitARM/bin/../lib/gcc/arm-none-eabi/4.7.1/thumb/crtbegin.o
 .bss           0x0204e370        0x0 alchemy0.o
 .bss           0x0204e370        0x0 alchemy1.o
 .bss           0x0204e370        0x0 soundbank.bin.o
 .bss           0x0204e370        0x0 template.o
 .bss           0x0204e370       0x18 /users/enseig/fpecheux/devkitpro/libnds/lib/libmm9.a(mm_comms.o)
 .bss           0x0204e388       0x1c /users/enseig/fpecheux/devkitpro/libnds/lib/libmm9.a(mm_main9.o)
                0x0204e388                mmcbMemory
                0x0204e38c                mmModuleCount
                0x0204e390                mmSampleCount
                0x0204e394                mmModuleBank
                0x0204e394                mmMemoryBank
                0x0204e398                mmSampleBank
                0x0204e39c                mmCallback
                0x0204e3a0                mmActiveStatus
 .bss           0x0204e3a4        0x0 /users/enseig/fpecheux/devkitpro/libnds/lib/libmm9.a(mm_memory.o)
 .bss           0x0204e3a4       0x44 /users/enseig/fpecheux/devkitpro/libnds/lib/libmm9.a(mm_soundbank.o)
 .bss           0x0204e3e8        0x0 /users/enseig/fpecheux/devkitpro/libnds/lib/libmm9.a(mm_flusher.o)
 .bss           0x0204e3e8        0x6 /users/enseig/fpecheux/devkitpro/libnds/lib/libnds9.a(keys.o)
 .bss           0x0204e3ee        0x0 /users/enseig/fpecheux/devkitpro/libnds/lib/libnds9.a(sprite.o)
 .bss           0x0204e3ee        0x0 /users/enseig/fpecheux/devkitpro/libnds/lib/libnds9.a(sprite_alloc.o)
 .bss           0x0204e3ee        0x0 /users/enseig/fpecheux/devkitpro/libnds/lib/libnds9.a(touch.o)
 .bss           0x0204e3ee        0x0 /users/enseig/fpecheux/devkitpro/libnds/lib/libnds9.a(trig.o)
 .bss           0x0204e3ee        0x0 /users/enseig/fpecheux/devkitpro/libnds/lib/libnds9.a(initSystem.o)
 *fill*         0x0204e3ee        0x2 00
 .bss           0x0204e3f0        0x8 /users/enseig/fpecheux/devkitpro/libnds/lib/libnds9.a(fifosystem.o)
                0x0204e3f4                processing
 .bss           0x0204e3f8        0x0 /users/enseig/fpecheux/devkitpro/libnds/lib/libnds9.a(interrupts.o)
 .bss           0x0204e3f8        0x0 /users/enseig/fpecheux/devkitpro/libnds/lib/libnds9.a(libnds_exit.arm.o)
 .bss           0x0204e3f8        0x0 /users/enseig/fpecheux/devkitpro/libnds/lib/libnds9.a(dcache.o)
 .bss           0x0204e3f8        0x0 /users/enseig/fpecheux/devkitpro/libnds/lib/libnds9.a(mpu_setup.o)
 .bss           0x0204e3f8        0x0 /users/enseig/fpecheux/devkitpro/libnds/lib/libnds9.a(biosCalls.o)
 .bss           0x0204e3f8        0x0 /users/enseig/fpecheux/devkitpro/libnds/lib/libnds9.a(interruptDispatcher.o)
 .bss           0x0204e3f8        0x0 /users/enseig/fpecheux/devkitpro/libnds/lib/libnds9.a(swiSoftReset.o)
 .bss           0x0204e3f8        0x4 /users/enseig/fpecheux/devkitpro/libnds/lib/libnds9.a(system.o)
 .bss           0x0204e3fc        0x0 /users/enseig/fpecheux/devkitpro/libnds/lib/libnds9.a(video.o)
 .bss           0x0204e3fc        0x0 /users/enseig/fpecheux/devkitpro/devkitARM/bin/../lib/gcc/arm-none-eabi/4.7.1/../../../../arm-none-eabi/lib/thumb/libg.a(lib_a-bsearch.o)
 .bss           0x0204e3fc        0x0 /users/enseig/fpecheux/devkitpro/devkitARM/bin/../lib/gcc/arm-none-eabi/4.7.1/../../../../arm-none-eabi/lib/thumb/libg.a(lib_a-fclose.o)
 .bss           0x0204e3fc        0x0 /users/enseig/fpecheux/devkitpro/devkitARM/bin/../lib/gcc/arm-none-eabi/4.7.1/../../../../arm-none-eabi/lib/thumb/libg.a(lib_a-fflush.o)
 .bss           0x0204e3fc        0x0 /users/enseig/fpecheux/devkitpro/devkitARM/bin/../lib/gcc/arm-none-eabi/4.7.1/../../../../arm-none-eabi/lib/thumb/libg.a(lib_a-findfp.o)
 .bss           0x0204e3fc        0x0 /users/enseig/fpecheux/devkitpro/devkitARM/bin/../lib/gcc/arm-none-eabi/4.7.1/../../../../arm-none-eabi/lib/thumb/libg.a(lib_a-fopen.o)
 .bss           0x0204e3fc        0x0 /users/enseig/fpecheux/devkitpro/devkitARM/bin/../lib/gcc/arm-none-eabi/4.7.1/../../../../arm-none-eabi/lib/thumb/libg.a(lib_a-fread.o)
 .bss           0x0204e3fc        0x0 /users/enseig/fpecheux/devkitpro/devkitARM/bin/../lib/gcc/arm-none-eabi/4.7.1/../../../../arm-none-eabi/lib/thumb/libg.a(lib_a-freer.o)
 .bss           0x0204e3fc        0x0 /users/enseig/fpecheux/devkitpro/devkitARM/bin/../lib/gcc/arm-none-eabi/4.7.1/../../../../arm-none-eabi/lib/thumb/libg.a(lib_a-fseek.o)
 .bss           0x0204e3fc        0x0 /users/enseig/fpecheux/devkitpro/devkitARM/bin/../lib/gcc/arm-none-eabi/4.7.1/../../../../arm-none-eabi/lib/thumb/libg.a(lib_a-fwalk.o)
 .bss           0x0204e3fc        0x0 /users/enseig/fpecheux/devkitpro/devkitARM/bin/../lib/gcc/arm-none-eabi/4.7.1/../../../../arm-none-eabi/lib/thumb/libg.a(lib_a-impure.o)
 .bss           0x0204e3fc        0x0 /users/enseig/fpecheux/devkitpro/devkitARM/bin/../lib/gcc/arm-none-eabi/4.7.1/../../../../arm-none-eabi/lib/thumb/libg.a(lib_a-init.o)
 .bss           0x0204e3fc        0x0 /users/enseig/fpecheux/devkitpro/devkitARM/bin/../lib/gcc/arm-none-eabi/4.7.1/../../../../arm-none-eabi/lib/thumb/libg.a(lib_a-makebuf.o)
 .bss           0x0204e3fc        0x0 /users/enseig/fpecheux/devkitpro/devkitARM/bin/../lib/gcc/arm-none-eabi/4.7.1/../../../../arm-none-eabi/lib/thumb/libg.a(lib_a-malloc.o)
 .bss           0x0204e3fc       0x34 /users/enseig/fpecheux/devkitpro/devkitARM/bin/../lib/gcc/arm-none-eabi/4.7.1/../../../../arm-none-eabi/lib/thumb/libg.a(lib_a-mallocr.o)
                0x0204e3fc                __malloc_top_pad
                0x0204e400                __malloc_current_mallinfo
                0x0204e428                __malloc_max_sbrked_mem
                0x0204e42c                __malloc_max_total_mem
 .bss           0x0204e430        0x0 /users/enseig/fpecheux/devkitpro/devkitARM/bin/../lib/gcc/arm-none-eabi/4.7.1/../../../../arm-none-eabi/lib/thumb/libg.a(lib_a-memcpy-stub.o)
 .bss           0x0204e430        0x0 /users/enseig/fpecheux/devkitpro/devkitARM/bin/../lib/gcc/arm-none-eabi/4.7.1/../../../../arm-none-eabi/lib/thumb/libg.a(lib_a-memset.o)
 .bss           0x0204e430        0x0 /users/enseig/fpecheux/devkitpro/devkitARM/bin/../lib/gcc/arm-none-eabi/4.7.1/../../../../arm-none-eabi/lib/thumb/libg.a(lib_a-mlock.o)
 .bss           0x0204e430        0x0 /users/enseig/fpecheux/devkitpro/devkitARM/bin/../lib/gcc/arm-none-eabi/4.7.1/../../../../arm-none-eabi/lib/thumb/libg.a(lib_a-realloc.o)
 .bss           0x0204e430        0x0 /users/enseig/fpecheux/devkitpro/devkitARM/bin/../lib/gcc/arm-none-eabi/4.7.1/../../../../arm-none-eabi/lib/thumb/libg.a(lib_a-reallocr.o)
 .bss           0x0204e430        0x0 /users/enseig/fpecheux/devkitpro/devkitARM/bin/../lib/gcc/arm-none-eabi/4.7.1/../../../../arm-none-eabi/lib/thumb/libg.a(lib_a-refill.o)
 .bss           0x0204e430        0x0 /users/enseig/fpecheux/devkitpro/devkitARM/bin/../lib/gcc/arm-none-eabi/4.7.1/../../../../arm-none-eabi/lib/thumb/libg.a(lib_a-stdio.o)
 .bss           0x0204e430        0x0 /users/enseig/fpecheux/devkitpro/devkitARM/bin/../lib/gcc/arm-none-eabi/4.7.1/../../../../arm-none-eabi/lib/thumb/libg.a(lib_a-flags.o)
 .bss           0x0204e430        0x0 /users/enseig/fpecheux/devkitpro/devkitARM/bin/../lib/gcc/arm-none-eabi/4.7.1/../../../../arm-none-eabi/lib/thumb/libg.a(lib_a-memmove.o)
 .bss           0x0204e430        0x0 /users/enseig/fpecheux/devkitpro/devkitARM/bin/../lib/gcc/arm-none-eabi/4.7.1/../../../../arm-none-eabi/lib/thumb/libsysbase.a(close.o)
 .bss           0x0204e430        0x0 /users/enseig/fpecheux/devkitpro/devkitARM/bin/../lib/gcc/arm-none-eabi/4.7.1/../../../../arm-none-eabi/lib/thumb/libsysbase.a(fstat.o)
 .bss           0x0204e430        0x0 /users/enseig/fpecheux/devkitpro/devkitARM/bin/../lib/gcc/arm-none-eabi/4.7.1/../../../../arm-none-eabi/lib/thumb/libsysbase.a(isatty.o)
 .bss           0x0204e430        0x0 /users/enseig/fpecheux/devkitpro/devkitARM/bin/../lib/gcc/arm-none-eabi/4.7.1/../../../../arm-none-eabi/lib/thumb/libsysbase.a(lseek.o)
 .bss           0x0204e430        0x0 /users/enseig/fpecheux/devkitpro/devkitARM/bin/../lib/gcc/arm-none-eabi/4.7.1/../../../../arm-none-eabi/lib/thumb/libsysbase.a(open.o)
 .bss           0x0204e430        0x0 /users/enseig/fpecheux/devkitpro/devkitARM/bin/../lib/gcc/arm-none-eabi/4.7.1/../../../../arm-none-eabi/lib/thumb/libsysbase.a(read.o)
 .bss           0x0204e430        0x4 /users/enseig/fpecheux/devkitpro/devkitARM/bin/../lib/gcc/arm-none-eabi/4.7.1/../../../../arm-none-eabi/lib/thumb/libsysbase.a(sbrk.o)
 .bss           0x0204e434        0x0 /users/enseig/fpecheux/devkitpro/devkitARM/bin/../lib/gcc/arm-none-eabi/4.7.1/../../../../arm-none-eabi/lib/thumb/libsysbase.a(times.o)
 .bss           0x0204e434        0x0 /users/enseig/fpecheux/devkitpro/devkitARM/bin/../lib/gcc/arm-none-eabi/4.7.1/../../../../arm-none-eabi/lib/thumb/libsysbase.a(write.o)
 .bss           0x0204e434        0x8 /users/enseig/fpecheux/devkitpro/devkitARM/bin/../lib/gcc/arm-none-eabi/4.7.1/../../../../arm-none-eabi/lib/thumb/libsysbase.a(malloc_vars.o)
                0x0204e434                fake_heap_start
                0x0204e438                fake_heap_end
 .bss           0x0204e43c        0x0 /users/enseig/fpecheux/devkitpro/devkitARM/bin/../lib/gcc/arm-none-eabi/4.7.1/../../../../arm-none-eabi/lib/thumb/libsysbase.a(build_argv.o)
 .bss           0x0204e43c        0x8 /users/enseig/fpecheux/devkitpro/devkitARM/bin/../lib/gcc/arm-none-eabi/4.7.1/../../../../arm-none-eabi/lib/thumb/libsysbase.a(syscall_support.o)
                0x0204e43c                __syscalls
 .bss           0x0204e444     0x1000 /users/enseig/fpecheux/devkitpro/devkitARM/bin/../lib/gcc/arm-none-eabi/4.7.1/../../../../arm-none-eabi/lib/thumb/libsysbase.a(handle_manager.o)
 .bss           0x0204f444        0x0 /users/enseig/fpecheux/devkitpro/devkitARM/bin/../lib/gcc/arm-none-eabi/4.7.1/../../../../arm-none-eabi/lib/thumb/libsysbase.a(iosupport.o)
 .bss           0x0204f444        0x0 /users/enseig/fpecheux/devkitpro/devkitARM/bin/../lib/gcc/arm-none-eabi/4.7.1/thumb/libgcc.a(_udivsi3.o)
 .bss           0x0204f444        0x0 /users/enseig/fpecheux/devkitpro/devkitARM/bin/../lib/gcc/arm-none-eabi/4.7.1/thumb/libgcc.a(_dvmd_tls.o)
 .bss           0x0204f444        0x0 /users/enseig/fpecheux/devkitpro/devkitARM/bin/../lib/gcc/arm-none-eabi/4.7.1/../../../../arm-none-eabi/lib/thumb/libg.a(lib_a-errno.o)
 .bss           0x0204f444        0x0 /users/enseig/fpecheux/devkitpro/devkitARM/bin/../lib/gcc/arm-none-eabi/4.7.1/../../../../arm-none-eabi/lib/thumb/libg.a(lib_a-strchr.o)
 .bss           0x0204f444        0x0 /users/enseig/fpecheux/devkitpro/devkitARM/bin/../lib/gcc/arm-none-eabi/4.7.1/../../../../arm-none-eabi/lib/thumb/libg.a(lib_a-strcmp.o)
 .bss           0x0204f444        0x0 /users/enseig/fpecheux/devkitpro/devkitARM/bin/../lib/gcc/arm-none-eabi/4.7.1/../../../../arm-none-eabi/lib/thumb/libg.a(lib_a-strlen.o)
 .bss           0x0204f444        0x0 /users/enseig/fpecheux/devkitpro/devkitARM/bin/../lib/gcc/arm-none-eabi/4.7.1/../../../../arm-none-eabi/lib/thumb/libg.a(lib_a-strncmp.o)
 .bss           0x0204f444        0x0 /users/enseig/fpecheux/devkitpro/devkitARM/bin/../lib/gcc/arm-none-eabi/4.7.1/thumb/crtend.o
 .bss           0x0204f444        0x0 /users/enseig/fpecheux/devkitpro/devkitARM/bin/../lib/gcc/arm-none-eabi/4.7.1/thumb/crtn.o
 *(COMMON)
 COMMON         0x0204f444      0x13c template.o
                0x0204f444                secondElement
                0x0204f448                firstElement
                0x0204f44c                listeSize
                0x0204f450                cptElement
                0x0204f454                liste
                0x0204f4a4                idxListe
                0x0204f4a8                sp
 COMMON         0x0204f580      0x800 /users/enseig/fpecheux/devkitpro/libnds/lib/libnds9.a(sprite.o)
                0x0204f580                OamMemorySub
                0x0204f980                OamMemory
 COMMON         0x0204fd80        0x1 /users/enseig/fpecheux/devkitpro/libnds/lib/libnds9.a(initSystem.o)
                0x0204fd80                __dsimode
 *fill*         0x0204fd81        0x3 00
 COMMON         0x0204fd84      0xa40 /users/enseig/fpecheux/devkitpro/libnds/lib/libnds9.a(fifosystem.o)
                0x0204fd84                fifo_datamsg_data
                0x0204fdc4                fifo_buffer
                0x020505c4                fifo_value32_func
                0x02050604                fifo_address_func
                0x02050644                fifo_value32_data
                0x02050684                fifo_value32_queue
                0x020506c4                fifo_data_queue
                0x02050704                fifo_address_data
                0x02050744                fifo_datamsg_func
                0x02050784                fifo_address_queue
 COMMON         0x020507c4        0x4 /users/enseig/fpecheux/devkitpro/devkitARM/bin/../lib/gcc/arm-none-eabi/4.7.1/../../../../arm-none-eabi/lib/thumb/libsysbase.a(times.o)
                0x020507c4                punixTime
                0x020507c8                . = ALIGN (0x4)
                0x020507c8                __bss_end__ = ABSOLUTE (.)
                0x020507c8                __end__ = ABSOLUTE (.)

.stab
 *(.stab)

.stabstr
 *(.stabstr)

.stab.excl
 *(.stab.excl)

.stab.exclstr
 *(.stab.exclstr)

.stab.index
 *(.stab.index)

.stab.indexstr
 *(.stab.indexstr)

.comment        0x00000000       0x44
 *(.comment)
 .comment       0x00000000       0x22 /users/enseig/fpecheux/devkitpro/devkitARM/bin/../lib/gcc/arm-none-eabi/4.7.1/thumb/crtbegin.o
                                 0x23 (size before relaxing)
 .comment       0x00000000       0x23 template.o
 .comment       0x00000022       0x22 /users/enseig/fpecheux/devkitpro/libnds/lib/libnds9.a(keys.o)
                                 0x23 (size before relaxing)
 .comment       0x00000000       0x23 /users/enseig/fpecheux/devkitpro/libnds/lib/libnds9.a(sprite.o)
 .comment       0x00000000       0x23 /users/enseig/fpecheux/devkitpro/libnds/lib/libnds9.a(sprite_alloc.o)
 .comment       0x00000000       0x23 /users/enseig/fpecheux/devkitpro/libnds/lib/libnds9.a(touch.o)
 .comment       0x00000000       0x23 /users/enseig/fpecheux/devkitpro/libnds/lib/libnds9.a(trig.o)
 .comment       0x00000000       0x23 /users/enseig/fpecheux/devkitpro/libnds/lib/libnds9.a(initSystem.o)
 .comment       0x00000000       0x23 /users/enseig/fpecheux/devkitpro/libnds/lib/libnds9.a(fifosystem.o)
 .comment       0x00000000       0x23 /users/enseig/fpecheux/devkitpro/libnds/lib/libnds9.a(interrupts.o)
 .comment       0x00000000       0x23 /users/enseig/fpecheux/devkitpro/libnds/lib/libnds9.a(libnds_exit.arm.o)
 .comment       0x00000000       0x23 /users/enseig/fpecheux/devkitpro/libnds/lib/libnds9.a(system.o)
 .comment       0x00000000       0x23 /users/enseig/fpecheux/devkitpro/libnds/lib/libnds9.a(video.o)
 .comment       0x00000000       0x23 /users/enseig/fpecheux/devkitpro/devkitARM/bin/../lib/gcc/arm-none-eabi/4.7.1/../../../../arm-none-eabi/lib/thumb/libg.a(lib_a-bsearch.o)
 .comment       0x00000000       0x23 /users/enseig/fpecheux/devkitpro/devkitARM/bin/../lib/gcc/arm-none-eabi/4.7.1/../../../../arm-none-eabi/lib/thumb/libg.a(lib_a-fclose.o)
 .comment       0x00000000       0x23 /users/enseig/fpecheux/devkitpro/devkitARM/bin/../lib/gcc/arm-none-eabi/4.7.1/../../../../arm-none-eabi/lib/thumb/libg.a(lib_a-fflush.o)
 .comment       0x00000000       0x23 /users/enseig/fpecheux/devkitpro/devkitARM/bin/../lib/gcc/arm-none-eabi/4.7.1/../../../../arm-none-eabi/lib/thumb/libg.a(lib_a-findfp.o)
 .comment       0x00000000       0x23 /users/enseig/fpecheux/devkitpro/devkitARM/bin/../lib/gcc/arm-none-eabi/4.7.1/../../../../arm-none-eabi/lib/thumb/libg.a(lib_a-fopen.o)
 .comment       0x00000000       0x23 /users/enseig/fpecheux/devkitpro/devkitARM/bin/../lib/gcc/arm-none-eabi/4.7.1/../../../../arm-none-eabi/lib/thumb/libg.a(lib_a-fread.o)
 .comment       0x00000000       0x23 /users/enseig/fpecheux/devkitpro/devkitARM/bin/../lib/gcc/arm-none-eabi/4.7.1/../../../../arm-none-eabi/lib/thumb/libg.a(lib_a-freer.o)
 .comment       0x00000000       0x23 /users/enseig/fpecheux/devkitpro/devkitARM/bin/../lib/gcc/arm-none-eabi/4.7.1/../../../../arm-none-eabi/lib/thumb/libg.a(lib_a-fseek.o)
 .comment       0x00000000       0x23 /users/enseig/fpecheux/devkitpro/devkitARM/bin/../lib/gcc/arm-none-eabi/4.7.1/../../../../arm-none-eabi/lib/thumb/libg.a(lib_a-fwalk.o)
 .comment       0x00000000       0x23 /users/enseig/fpecheux/devkitpro/devkitARM/bin/../lib/gcc/arm-none-eabi/4.7.1/../../../../arm-none-eabi/lib/thumb/libg.a(lib_a-impure.o)
 .comment       0x00000000       0x23 /users/enseig/fpecheux/devkitpro/devkitARM/bin/../lib/gcc/arm-none-eabi/4.7.1/../../../../arm-none-eabi/lib/thumb/libg.a(lib_a-init.o)
 .comment       0x00000000       0x23 /users/enseig/fpecheux/devkitpro/devkitARM/bin/../lib/gcc/arm-none-eabi/4.7.1/../../../../arm-none-eabi/lib/thumb/libg.a(lib_a-makebuf.o)
 .comment       0x00000000       0x23 /users/enseig/fpecheux/devkitpro/devkitARM/bin/../lib/gcc/arm-none-eabi/4.7.1/../../../../arm-none-eabi/lib/thumb/libg.a(lib_a-malloc.o)
 .comment       0x00000000       0x23 /users/enseig/fpecheux/devkitpro/devkitARM/bin/../lib/gcc/arm-none-eabi/4.7.1/../../../../arm-none-eabi/lib/thumb/libg.a(lib_a-mallocr.o)
 .comment       0x00000000       0x23 /users/enseig/fpecheux/devkitpro/devkitARM/bin/../lib/gcc/arm-none-eabi/4.7.1/../../../../arm-none-eabi/lib/thumb/libg.a(lib_a-memcpy-stub.o)
 .comment       0x00000000       0x23 /users/enseig/fpecheux/devkitpro/devkitARM/bin/../lib/gcc/arm-none-eabi/4.7.1/../../../../arm-none-eabi/lib/thumb/libg.a(lib_a-memset.o)
 .comment       0x00000000       0x23 /users/enseig/fpecheux/devkitpro/devkitARM/bin/../lib/gcc/arm-none-eabi/4.7.1/../../../../arm-none-eabi/lib/thumb/libg.a(lib_a-mlock.o)
 .comment       0x00000000       0x23 /users/enseig/fpecheux/devkitpro/devkitARM/bin/../lib/gcc/arm-none-eabi/4.7.1/../../../../arm-none-eabi/lib/thumb/libg.a(lib_a-realloc.o)
 .comment       0x00000000       0x23 /users/enseig/fpecheux/devkitpro/devkitARM/bin/../lib/gcc/arm-none-eabi/4.7.1/../../../../arm-none-eabi/lib/thumb/libg.a(lib_a-reallocr.o)
 .comment       0x00000000       0x23 /users/enseig/fpecheux/devkitpro/devkitARM/bin/../lib/gcc/arm-none-eabi/4.7.1/../../../../arm-none-eabi/lib/thumb/libg.a(lib_a-refill.o)
 .comment       0x00000000       0x23 /users/enseig/fpecheux/devkitpro/devkitARM/bin/../lib/gcc/arm-none-eabi/4.7.1/../../../../arm-none-eabi/lib/thumb/libg.a(lib_a-stdio.o)
 .comment       0x00000000       0x23 /users/enseig/fpecheux/devkitpro/devkitARM/bin/../lib/gcc/arm-none-eabi/4.7.1/../../../../arm-none-eabi/lib/thumb/libg.a(lib_a-flags.o)
 .comment       0x00000000       0x23 /users/enseig/fpecheux/devkitpro/devkitARM/bin/../lib/gcc/arm-none-eabi/4.7.1/../../../../arm-none-eabi/lib/thumb/libg.a(lib_a-memmove.o)
 .comment       0x00000000       0x23 /users/enseig/fpecheux/devkitpro/devkitARM/bin/../lib/gcc/arm-none-eabi/4.7.1/../../../../arm-none-eabi/lib/thumb/libsysbase.a(close.o)
 .comment       0x00000000       0x23 /users/enseig/fpecheux/devkitpro/devkitARM/bin/../lib/gcc/arm-none-eabi/4.7.1/../../../../arm-none-eabi/lib/thumb/libsysbase.a(fstat.o)
 .comment       0x00000000       0x23 /users/enseig/fpecheux/devkitpro/devkitARM/bin/../lib/gcc/arm-none-eabi/4.7.1/../../../../arm-none-eabi/lib/thumb/libsysbase.a(isatty.o)
 .comment       0x00000000       0x23 /users/enseig/fpecheux/devkitpro/devkitARM/bin/../lib/gcc/arm-none-eabi/4.7.1/../../../../arm-none-eabi/lib/thumb/libsysbase.a(lseek.o)
 .comment       0x00000000       0x23 /users/enseig/fpecheux/devkitpro/devkitARM/bin/../lib/gcc/arm-none-eabi/4.7.1/../../../../arm-none-eabi/lib/thumb/libsysbase.a(open.o)
 .comment       0x00000000       0x23 /users/enseig/fpecheux/devkitpro/devkitARM/bin/../lib/gcc/arm-none-eabi/4.7.1/../../../../arm-none-eabi/lib/thumb/libsysbase.a(read.o)
 .comment       0x00000000       0x23 /users/enseig/fpecheux/devkitpro/devkitARM/bin/../lib/gcc/arm-none-eabi/4.7.1/../../../../arm-none-eabi/lib/thumb/libsysbase.a(sbrk.o)
 .comment       0x00000000       0x23 /users/enseig/fpecheux/devkitpro/devkitARM/bin/../lib/gcc/arm-none-eabi/4.7.1/../../../../arm-none-eabi/lib/thumb/libsysbase.a(times.o)
 .comment       0x00000000       0x23 /users/enseig/fpecheux/devkitpro/devkitARM/bin/../lib/gcc/arm-none-eabi/4.7.1/../../../../arm-none-eabi/lib/thumb/libsysbase.a(write.o)
 .comment       0x00000000       0x23 /users/enseig/fpecheux/devkitpro/devkitARM/bin/../lib/gcc/arm-none-eabi/4.7.1/../../../../arm-none-eabi/lib/thumb/libsysbase.a(malloc_vars.o)
 .comment       0x00000000       0x23 /users/enseig/fpecheux/devkitpro/devkitARM/bin/../lib/gcc/arm-none-eabi/4.7.1/../../../../arm-none-eabi/lib/thumb/libsysbase.a(build_argv.o)
 .comment       0x00000000       0x23 /users/enseig/fpecheux/devkitpro/devkitARM/bin/../lib/gcc/arm-none-eabi/4.7.1/../../../../arm-none-eabi/lib/thumb/libsysbase.a(syscall_support.o)
 .comment       0x00000000       0x23 /users/enseig/fpecheux/devkitpro/devkitARM/bin/../lib/gcc/arm-none-eabi/4.7.1/../../../../arm-none-eabi/lib/thumb/libsysbase.a(handle_manager.o)
 .comment       0x00000000       0x23 /users/enseig/fpecheux/devkitpro/devkitARM/bin/../lib/gcc/arm-none-eabi/4.7.1/../../../../arm-none-eabi/lib/thumb/libsysbase.a(iosupport.o)
 .comment       0x00000000       0x23 /users/enseig/fpecheux/devkitpro/devkitARM/bin/../lib/gcc/arm-none-eabi/4.7.1/../../../../arm-none-eabi/lib/thumb/libg.a(lib_a-errno.o)
 .comment       0x00000000       0x23 /users/enseig/fpecheux/devkitpro/devkitARM/bin/../lib/gcc/arm-none-eabi/4.7.1/../../../../arm-none-eabi/lib/thumb/libg.a(lib_a-strchr.o)
 .comment       0x00000000       0x23 /users/enseig/fpecheux/devkitpro/devkitARM/bin/../lib/gcc/arm-none-eabi/4.7.1/../../../../arm-none-eabi/lib/thumb/libg.a(lib_a-strcmp.o)
 .comment       0x00000000       0x23 /users/enseig/fpecheux/devkitpro/devkitARM/bin/../lib/gcc/arm-none-eabi/4.7.1/../../../../arm-none-eabi/lib/thumb/libg.a(lib_a-strlen.o)
 .comment       0x00000000       0x23 /users/enseig/fpecheux/devkitpro/devkitARM/bin/../lib/gcc/arm-none-eabi/4.7.1/../../../../arm-none-eabi/lib/thumb/libg.a(lib_a-strncmp.o)
 .comment       0x00000000       0x23 /users/enseig/fpecheux/devkitpro/devkitARM/bin/../lib/gcc/arm-none-eabi/4.7.1/thumb/crtend.o

.ARM.attributes
                0x00000000       0x2f
 .ARM.attributes
                0x00000000       0x23 /users/enseig/fpecheux/devkitpro/devkitARM/bin/../lib/gcc/arm-none-eabi/4.7.1/../../../../arm-none-eabi/lib/thumb/ds_arm9_crt0.o
 .ARM.attributes
                0x00000023       0x18 /users/enseig/fpecheux/devkitpro/devkitARM/bin/../lib/gcc/arm-none-eabi/4.7.1/thumb/crti.o
 .ARM.attributes
                0x0000003b       0x32 /users/enseig/fpecheux/devkitpro/devkitARM/bin/../lib/gcc/arm-none-eabi/4.7.1/thumb/crtbegin.o
 .ARM.attributes
                0x0000006d       0x16 alchemy0.o
 .ARM.attributes
                0x00000083       0x16 alchemy1.o
 .ARM.attributes
                0x00000099       0x16 soundbank.bin.o
 .ARM.attributes
                0x000000af       0x29 template.o
 .ARM.attributes
                0x000000d8       0x1d /users/enseig/fpecheux/devkitpro/libnds/lib/libmm9.a(mm_comms.o)
 .ARM.attributes
                0x000000f5       0x1d /users/enseig/fpecheux/devkitpro/libnds/lib/libmm9.a(mm_main9.o)
 .ARM.attributes
                0x00000112       0x1d /users/enseig/fpecheux/devkitpro/libnds/lib/libmm9.a(mm_memory.o)
 .ARM.attributes
                0x0000012f       0x1d /users/enseig/fpecheux/devkitpro/libnds/lib/libmm9.a(mm_soundbank.o)
 .ARM.attributes
                0x0000014c       0x1d /users/enseig/fpecheux/devkitpro/libnds/lib/libmm9.a(mm_flusher.o)
 .ARM.attributes
                0x00000169       0x29 /users/enseig/fpecheux/devkitpro/libnds/lib/libnds9.a(keys.o)
 .ARM.attributes
                0x00000192       0x29 /users/enseig/fpecheux/devkitpro/libnds/lib/libnds9.a(sprite.o)
 .ARM.attributes
                0x000001bb       0x29 /users/enseig/fpecheux/devkitpro/libnds/lib/libnds9.a(sprite_alloc.o)
 .ARM.attributes
                0x000001e4       0x29 /users/enseig/fpecheux/devkitpro/libnds/lib/libnds9.a(touch.o)
 .ARM.attributes
                0x0000020d       0x29 /users/enseig/fpecheux/devkitpro/libnds/lib/libnds9.a(trig.o)
 .ARM.attributes
                0x00000236       0x29 /users/enseig/fpecheux/devkitpro/libnds/lib/libnds9.a(initSystem.o)
 .ARM.attributes
                0x0000025f       0x29 /users/enseig/fpecheux/devkitpro/libnds/lib/libnds9.a(fifosystem.o)
 .ARM.attributes
                0x00000288       0x29 /users/enseig/fpecheux/devkitpro/libnds/lib/libnds9.a(interrupts.o)
 .ARM.attributes
                0x000002b1       0x29 /users/enseig/fpecheux/devkitpro/libnds/lib/libnds9.a(libnds_exit.arm.o)
 .ARM.attributes
                0x000002da       0x1d /users/enseig/fpecheux/devkitpro/libnds/lib/libnds9.a(dcache.o)
 .ARM.attributes
                0x000002f7       0x23 /users/enseig/fpecheux/devkitpro/libnds/lib/libnds9.a(mpu_setup.o)
 .ARM.attributes
                0x0000031a       0x1d /users/enseig/fpecheux/devkitpro/libnds/lib/libnds9.a(biosCalls.o)
 .ARM.attributes
                0x00000337       0x1d /users/enseig/fpecheux/devkitpro/libnds/lib/libnds9.a(interruptDispatcher.o)
 .ARM.attributes
                0x00000354       0x23 /users/enseig/fpecheux/devkitpro/libnds/lib/libnds9.a(swiSoftReset.o)
 .ARM.attributes
                0x00000377       0x29 /users/enseig/fpecheux/devkitpro/libnds/lib/libnds9.a(system.o)
 .ARM.attributes
                0x000003a0       0x29 /users/enseig/fpecheux/devkitpro/libnds/lib/libnds9.a(video.o)
 .ARM.attributes
                0x000003c9       0x32 /users/enseig/fpecheux/devkitpro/devkitARM/bin/../lib/gcc/arm-none-eabi/4.7.1/../../../../arm-none-eabi/lib/thumb/libg.a(lib_a-bsearch.o)
 .ARM.attributes
                0x000003fb       0x32 /users/enseig/fpecheux/devkitpro/devkitARM/bin/../lib/gcc/arm-none-eabi/4.7.1/../../../../arm-none-eabi/lib/thumb/libg.a(lib_a-fclose.o)
 .ARM.attributes
                0x0000042d       0x32 /users/enseig/fpecheux/devkitpro/devkitARM/bin/../lib/gcc/arm-none-eabi/4.7.1/../../../../arm-none-eabi/lib/thumb/libg.a(lib_a-fflush.o)
 .ARM.attributes
                0x0000045f       0x32 /users/enseig/fpecheux/devkitpro/devkitARM/bin/../lib/gcc/arm-none-eabi/4.7.1/../../../../arm-none-eabi/lib/thumb/libg.a(lib_a-findfp.o)
 .ARM.attributes
                0x00000491       0x32 /users/enseig/fpecheux/devkitpro/devkitARM/bin/../lib/gcc/arm-none-eabi/4.7.1/../../../../arm-none-eabi/lib/thumb/libg.a(lib_a-fopen.o)
 .ARM.attributes
                0x000004c3       0x32 /users/enseig/fpecheux/devkitpro/devkitARM/bin/../lib/gcc/arm-none-eabi/4.7.1/../../../../arm-none-eabi/lib/thumb/libg.a(lib_a-fread.o)
 .ARM.attributes
                0x000004f5       0x32 /users/enseig/fpecheux/devkitpro/devkitARM/bin/../lib/gcc/arm-none-eabi/4.7.1/../../../../arm-none-eabi/lib/thumb/libg.a(lib_a-freer.o)
 .ARM.attributes
                0x00000527       0x32 /users/enseig/fpecheux/devkitpro/devkitARM/bin/../lib/gcc/arm-none-eabi/4.7.1/../../../../arm-none-eabi/lib/thumb/libg.a(lib_a-fseek.o)
 .ARM.attributes
                0x00000559       0x32 /users/enseig/fpecheux/devkitpro/devkitARM/bin/../lib/gcc/arm-none-eabi/4.7.1/../../../../arm-none-eabi/lib/thumb/libg.a(lib_a-fwalk.o)
 .ARM.attributes
                0x0000058b       0x32 /users/enseig/fpecheux/devkitpro/devkitARM/bin/../lib/gcc/arm-none-eabi/4.7.1/../../../../arm-none-eabi/lib/thumb/libg.a(lib_a-impure.o)
 .ARM.attributes
                0x000005bd       0x32 /users/enseig/fpecheux/devkitpro/devkitARM/bin/../lib/gcc/arm-none-eabi/4.7.1/../../../../arm-none-eabi/lib/thumb/libg.a(lib_a-init.o)
 .ARM.attributes
                0x000005ef       0x32 /users/enseig/fpecheux/devkitpro/devkitARM/bin/../lib/gcc/arm-none-eabi/4.7.1/../../../../arm-none-eabi/lib/thumb/libg.a(lib_a-makebuf.o)
 .ARM.attributes
                0x00000621       0x32 /users/enseig/fpecheux/devkitpro/devkitARM/bin/../lib/gcc/arm-none-eabi/4.7.1/../../../../arm-none-eabi/lib/thumb/libg.a(lib_a-malloc.o)
 .ARM.attributes
                0x00000653       0x32 /users/enseig/fpecheux/devkitpro/devkitARM/bin/../lib/gcc/arm-none-eabi/4.7.1/../../../../arm-none-eabi/lib/thumb/libg.a(lib_a-mallocr.o)
 .ARM.attributes
                0x00000685       0x32 /users/enseig/fpecheux/devkitpro/devkitARM/bin/../lib/gcc/arm-none-eabi/4.7.1/../../../../arm-none-eabi/lib/thumb/libg.a(lib_a-memcpy-stub.o)
 .ARM.attributes
                0x000006b7       0x32 /users/enseig/fpecheux/devkitpro/devkitARM/bin/../lib/gcc/arm-none-eabi/4.7.1/../../../../arm-none-eabi/lib/thumb/libg.a(lib_a-memset.o)
 .ARM.attributes
                0x000006e9       0x32 /users/enseig/fpecheux/devkitpro/devkitARM/bin/../lib/gcc/arm-none-eabi/4.7.1/../../../../arm-none-eabi/lib/thumb/libg.a(lib_a-mlock.o)
 .ARM.attributes
                0x0000071b       0x32 /users/enseig/fpecheux/devkitpro/devkitARM/bin/../lib/gcc/arm-none-eabi/4.7.1/../../../../arm-none-eabi/lib/thumb/libg.a(lib_a-realloc.o)
 .ARM.attributes
                0x0000074d       0x32 /users/enseig/fpecheux/devkitpro/devkitARM/bin/../lib/gcc/arm-none-eabi/4.7.1/../../../../arm-none-eabi/lib/thumb/libg.a(lib_a-reallocr.o)
 .ARM.attributes
                0x0000077f       0x32 /users/enseig/fpecheux/devkitpro/devkitARM/bin/../lib/gcc/arm-none-eabi/4.7.1/../../../../arm-none-eabi/lib/thumb/libg.a(lib_a-refill.o)
 .ARM.attributes
                0x000007b1       0x32 /users/enseig/fpecheux/devkitpro/devkitARM/bin/../lib/gcc/arm-none-eabi/4.7.1/../../../../arm-none-eabi/lib/thumb/libg.a(lib_a-stdio.o)
 .ARM.attributes
                0x000007e3       0x32 /users/enseig/fpecheux/devkitpro/devkitARM/bin/../lib/gcc/arm-none-eabi/4.7.1/../../../../arm-none-eabi/lib/thumb/libg.a(lib_a-flags.o)
 .ARM.attributes
                0x00000815       0x32 /users/enseig/fpecheux/devkitpro/devkitARM/bin/../lib/gcc/arm-none-eabi/4.7.1/../../../../arm-none-eabi/lib/thumb/libg.a(lib_a-memmove.o)
 .ARM.attributes
                0x00000847       0x32 /users/enseig/fpecheux/devkitpro/devkitARM/bin/../lib/gcc/arm-none-eabi/4.7.1/../../../../arm-none-eabi/lib/thumb/libsysbase.a(close.o)
 .ARM.attributes
                0x00000879       0x32 /users/enseig/fpecheux/devkitpro/devkitARM/bin/../lib/gcc/arm-none-eabi/4.7.1/../../../../arm-none-eabi/lib/thumb/libsysbase.a(fstat.o)
 .ARM.attributes
                0x000008ab       0x32 /users/enseig/fpecheux/devkitpro/devkitARM/bin/../lib/gcc/arm-none-eabi/4.7.1/../../../../arm-none-eabi/lib/thumb/libsysbase.a(isatty.o)
 .ARM.attributes
                0x000008dd       0x32 /users/enseig/fpecheux/devkitpro/devkitARM/bin/../lib/gcc/arm-none-eabi/4.7.1/../../../../arm-none-eabi/lib/thumb/libsysbase.a(lseek.o)
 .ARM.attributes
                0x0000090f       0x32 /users/enseig/fpecheux/devkitpro/devkitARM/bin/../lib/gcc/arm-none-eabi/4.7.1/../../../../arm-none-eabi/lib/thumb/libsysbase.a(open.o)
 .ARM.attributes
                0x00000941       0x32 /users/enseig/fpecheux/devkitpro/devkitARM/bin/../lib/gcc/arm-none-eabi/4.7.1/../../../../arm-none-eabi/lib/thumb/libsysbase.a(read.o)
 .ARM.attributes
                0x00000973       0x32 /users/enseig/fpecheux/devkitpro/devkitARM/bin/../lib/gcc/arm-none-eabi/4.7.1/../../../../arm-none-eabi/lib/thumb/libsysbase.a(sbrk.o)
 .ARM.attributes
                0x000009a5       0x32 /users/enseig/fpecheux/devkitpro/devkitARM/bin/../lib/gcc/arm-none-eabi/4.7.1/../../../../arm-none-eabi/lib/thumb/libsysbase.a(times.o)
 .ARM.attributes
                0x000009d7       0x32 /users/enseig/fpecheux/devkitpro/devkitARM/bin/../lib/gcc/arm-none-eabi/4.7.1/../../../../arm-none-eabi/lib/thumb/libsysbase.a(write.o)
 .ARM.attributes
                0x00000a09       0x32 /users/enseig/fpecheux/devkitpro/devkitARM/bin/../lib/gcc/arm-none-eabi/4.7.1/../../../../arm-none-eabi/lib/thumb/libsysbase.a(malloc_vars.o)
 .ARM.attributes
                0x00000a3b       0x32 /users/enseig/fpecheux/devkitpro/devkitARM/bin/../lib/gcc/arm-none-eabi/4.7.1/../../../../arm-none-eabi/lib/thumb/libsysbase.a(build_argv.o)
 .ARM.attributes
                0x00000a6d       0x32 /users/enseig/fpecheux/devkitpro/devkitARM/bin/../lib/gcc/arm-none-eabi/4.7.1/../../../../arm-none-eabi/lib/thumb/libsysbase.a(syscall_support.o)
 .ARM.attributes
                0x00000a9f       0x32 /users/enseig/fpecheux/devkitpro/devkitARM/bin/../lib/gcc/arm-none-eabi/4.7.1/../../../../arm-none-eabi/lib/thumb/libsysbase.a(handle_manager.o)
 .ARM.attributes
                0x00000ad1       0x32 /users/enseig/fpecheux/devkitpro/devkitARM/bin/../lib/gcc/arm-none-eabi/4.7.1/../../../../arm-none-eabi/lib/thumb/libsysbase.a(iosupport.o)
 .ARM.attributes
                0x00000b03       0x1a /users/enseig/fpecheux/devkitpro/devkitARM/bin/../lib/gcc/arm-none-eabi/4.7.1/thumb/libgcc.a(_udivsi3.o)
 .ARM.attributes
                0x00000b1d       0x18 /users/enseig/fpecheux/devkitpro/devkitARM/bin/../lib/gcc/arm-none-eabi/4.7.1/thumb/libgcc.a(_dvmd_tls.o)
 .ARM.attributes
                0x00000b35       0x32 /users/enseig/fpecheux/devkitpro/devkitARM/bin/../lib/gcc/arm-none-eabi/4.7.1/../../../../arm-none-eabi/lib/thumb/libg.a(lib_a-errno.o)
 .ARM.attributes
                0x00000b67       0x32 /users/enseig/fpecheux/devkitpro/devkitARM/bin/../lib/gcc/arm-none-eabi/4.7.1/../../../../arm-none-eabi/lib/thumb/libg.a(lib_a-strchr.o)
 .ARM.attributes
                0x00000b99       0x32 /users/enseig/fpecheux/devkitpro/devkitARM/bin/../lib/gcc/arm-none-eabi/4.7.1/../../../../arm-none-eabi/lib/thumb/libg.a(lib_a-strcmp.o)
 .ARM.attributes
                0x00000bcb       0x32 /users/enseig/fpecheux/devkitpro/devkitARM/bin/../lib/gcc/arm-none-eabi/4.7.1/../../../../arm-none-eabi/lib/thumb/libg.a(lib_a-strlen.o)
 .ARM.attributes
                0x00000bfd       0x32 /users/enseig/fpecheux/devkitpro/devkitARM/bin/../lib/gcc/arm-none-eabi/4.7.1/../../../../arm-none-eabi/lib/thumb/libg.a(lib_a-strncmp.o)
 .ARM.attributes
                0x00000c2f       0x32 /users/enseig/fpecheux/devkitpro/devkitARM/bin/../lib/gcc/arm-none-eabi/4.7.1/thumb/crtend.o
 .ARM.attributes
                0x00000c61       0x18 /users/enseig/fpecheux/devkitpro/devkitARM/bin/../lib/gcc/arm-none-eabi/4.7.1/thumb/crtn.o

.debug
 *(.debug)

.line
 *(.line)

.debug_srcinfo
 *(.debug_srcinfo)

.debug_sfnames
 *(.debug_sfnames)

.debug_aranges  0x00000000      0x228
 *(.debug_aranges)
 .debug_aranges
                0x00000000       0x28 template.o
 .debug_aranges
                0x00000028       0x20 /users/enseig/fpecheux/devkitpro/libnds/lib/libnds9.a(keys.o)
 .debug_aranges
                0x00000048       0x20 /users/enseig/fpecheux/devkitpro/libnds/lib/libnds9.a(sprite.o)
 .debug_aranges
                0x00000068       0x20 /users/enseig/fpecheux/devkitpro/libnds/lib/libnds9.a(sprite_alloc.o)
 .debug_aranges
                0x00000088       0x20 /users/enseig/fpecheux/devkitpro/libnds/lib/libnds9.a(touch.o)
 .debug_aranges
                0x000000a8       0x20 /users/enseig/fpecheux/devkitpro/libnds/lib/libnds9.a(trig.o)
 .debug_aranges
                0x000000c8       0x20 /users/enseig/fpecheux/devkitpro/libnds/lib/libnds9.a(initSystem.o)
 .debug_aranges
                0x000000e8       0x20 /users/enseig/fpecheux/devkitpro/libnds/lib/libnds9.a(fifosystem.o)
 .debug_aranges
                0x00000108       0x20 /users/enseig/fpecheux/devkitpro/libnds/lib/libnds9.a(interrupts.o)
 .debug_aranges
                0x00000128       0x20 /users/enseig/fpecheux/devkitpro/libnds/lib/libnds9.a(libnds_exit.arm.o)
 .debug_aranges
                0x00000148       0x20 /users/enseig/fpecheux/devkitpro/libnds/lib/libnds9.a(dcache.o)
 .debug_aranges
                0x00000168       0x20 /users/enseig/fpecheux/devkitpro/libnds/lib/libnds9.a(mpu_setup.o)
 .debug_aranges
                0x00000188       0x20 /users/enseig/fpecheux/devkitpro/libnds/lib/libnds9.a(biosCalls.o)
 .debug_aranges
                0x000001a8       0x20 /users/enseig/fpecheux/devkitpro/libnds/lib/libnds9.a(interruptDispatcher.o)
 .debug_aranges
                0x000001c8       0x20 /users/enseig/fpecheux/devkitpro/libnds/lib/libnds9.a(swiSoftReset.o)
 .debug_aranges
                0x000001e8       0x20 /users/enseig/fpecheux/devkitpro/libnds/lib/libnds9.a(system.o)
 .debug_aranges
                0x00000208       0x20 /users/enseig/fpecheux/devkitpro/libnds/lib/libnds9.a(video.o)

.debug_pubnames
 *(.debug_pubnames)

.debug_info     0x00000000     0x8916
 *(.debug_info)
 .debug_info    0x00000000     0x1d01 template.o
 .debug_info    0x00001d01      0x415 /users/enseig/fpecheux/devkitpro/libnds/lib/libnds9.a(keys.o)
 .debug_info    0x00002116      0xca8 /users/enseig/fpecheux/devkitpro/libnds/lib/libnds9.a(sprite.o)
 .debug_info    0x00002dbe     0x10ac /users/enseig/fpecheux/devkitpro/libnds/lib/libnds9.a(sprite_alloc.o)
 .debug_info    0x00003e6a      0x302 /users/enseig/fpecheux/devkitpro/libnds/lib/libnds9.a(touch.o)
 .debug_info    0x0000416c      0x55c /users/enseig/fpecheux/devkitpro/libnds/lib/libnds9.a(trig.o)
 .debug_info    0x000046c8     0x1030 /users/enseig/fpecheux/devkitpro/libnds/lib/libnds9.a(initSystem.o)
 .debug_info    0x000056f8     0x1546 /users/enseig/fpecheux/devkitpro/libnds/lib/libnds9.a(fifosystem.o)
 .debug_info    0x00006c3e      0x5b4 /users/enseig/fpecheux/devkitpro/libnds/lib/libnds9.a(interrupts.o)
 .debug_info    0x000071f2      0x323 /users/enseig/fpecheux/devkitpro/libnds/lib/libnds9.a(libnds_exit.arm.o)
 .debug_info    0x00007515       0xba /users/enseig/fpecheux/devkitpro/libnds/lib/libnds9.a(dcache.o)
 .debug_info    0x000075cf       0xc4 /users/enseig/fpecheux/devkitpro/libnds/lib/libnds9.a(mpu_setup.o)
 .debug_info    0x00007693       0xbf /users/enseig/fpecheux/devkitpro/libnds/lib/libnds9.a(biosCalls.o)
 .debug_info    0x00007752       0xc9 /users/enseig/fpecheux/devkitpro/libnds/lib/libnds9.a(interruptDispatcher.o)
 .debug_info    0x0000781b       0xc2 /users/enseig/fpecheux/devkitpro/libnds/lib/libnds9.a(swiSoftReset.o)
 .debug_info    0x000078dd      0x91b /users/enseig/fpecheux/devkitpro/libnds/lib/libnds9.a(system.o)
 .debug_info    0x000081f8      0x71e /users/enseig/fpecheux/devkitpro/libnds/lib/libnds9.a(video.o)

.debug_abbrev   0x00000000     0x1fe7
 *(.debug_abbrev)
 .debug_abbrev  0x00000000      0x513 template.o
 .debug_abbrev  0x00000513      0x185 /users/enseig/fpecheux/devkitpro/libnds/lib/libnds9.a(keys.o)
 .debug_abbrev  0x00000698      0x34d /users/enseig/fpecheux/devkitpro/libnds/lib/libnds9.a(sprite.o)
 .debug_abbrev  0x000009e5      0x30e /users/enseig/fpecheux/devkitpro/libnds/lib/libnds9.a(sprite_alloc.o)
 .debug_abbrev  0x00000cf3      0x124 /users/enseig/fpecheux/devkitpro/libnds/lib/libnds9.a(touch.o)
 .debug_abbrev  0x00000e17      0x1ff /users/enseig/fpecheux/devkitpro/libnds/lib/libnds9.a(trig.o)
 .debug_abbrev  0x00001016      0x2dc /users/enseig/fpecheux/devkitpro/libnds/lib/libnds9.a(initSystem.o)
 .debug_abbrev  0x000012f2      0x470 /users/enseig/fpecheux/devkitpro/libnds/lib/libnds9.a(fifosystem.o)
 .debug_abbrev  0x00001762      0x239 /users/enseig/fpecheux/devkitpro/libnds/lib/libnds9.a(interrupts.o)
 .debug_abbrev  0x0000199b      0x175 /users/enseig/fpecheux/devkitpro/libnds/lib/libnds9.a(libnds_exit.arm.o)
 .debug_abbrev  0x00001b10       0x14 /users/enseig/fpecheux/devkitpro/libnds/lib/libnds9.a(dcache.o)
 .debug_abbrev  0x00001b24       0x14 /users/enseig/fpecheux/devkitpro/libnds/lib/libnds9.a(mpu_setup.o)
 .debug_abbrev  0x00001b38       0x14 /users/enseig/fpecheux/devkitpro/libnds/lib/libnds9.a(biosCalls.o)
 .debug_abbrev  0x00001b4c       0x14 /users/enseig/fpecheux/devkitpro/libnds/lib/libnds9.a(interruptDispatcher.o)
 .debug_abbrev  0x00001b60       0x14 /users/enseig/fpecheux/devkitpro/libnds/lib/libnds9.a(swiSoftReset.o)
 .debug_abbrev  0x00001b74      0x26a /users/enseig/fpecheux/devkitpro/libnds/lib/libnds9.a(system.o)
 .debug_abbrev  0x00001dde      0x209 /users/enseig/fpecheux/devkitpro/libnds/lib/libnds9.a(video.o)

.debug_line     0x00000000     0x2984
 *(.debug_line)
 .debug_line    0x00000000      0x54f template.o
 .debug_line    0x0000054f      0x23f /users/enseig/fpecheux/devkitpro/libnds/lib/libnds9.a(keys.o)
 .debug_line    0x0000078e      0x32f /users/enseig/fpecheux/devkitpro/libnds/lib/libnds9.a(sprite.o)
 .debug_line    0x00000abd      0x2f9 /users/enseig/fpecheux/devkitpro/libnds/lib/libnds9.a(sprite_alloc.o)
 .debug_line    0x00000db6      0x21e /users/enseig/fpecheux/devkitpro/libnds/lib/libnds9.a(touch.o)
 .debug_line    0x00000fd4      0x2a4 /users/enseig/fpecheux/devkitpro/libnds/lib/libnds9.a(trig.o)
 .debug_line    0x00001278      0x37e /users/enseig/fpecheux/devkitpro/libnds/lib/libnds9.a(initSystem.o)
 .debug_line    0x000015f6      0x6c9 /users/enseig/fpecheux/devkitpro/libnds/lib/libnds9.a(fifosystem.o)
 .debug_line    0x00001cbf      0x26e /users/enseig/fpecheux/devkitpro/libnds/lib/libnds9.a(interrupts.o)
 .debug_line    0x00001f2d      0x1cc /users/enseig/fpecheux/devkitpro/libnds/lib/libnds9.a(libnds_exit.arm.o)
 .debug_line    0x000020f9       0xa2 /users/enseig/fpecheux/devkitpro/libnds/lib/libnds9.a(dcache.o)
 .debug_line    0x0000219b      0x101 /users/enseig/fpecheux/devkitpro/libnds/lib/libnds9.a(mpu_setup.o)
 .debug_line    0x0000229c       0xc3 /users/enseig/fpecheux/devkitpro/libnds/lib/libnds9.a(biosCalls.o)
 .debug_line    0x0000235f       0xc7 /users/enseig/fpecheux/devkitpro/libnds/lib/libnds9.a(interruptDispatcher.o)
 .debug_line    0x00002426       0x97 /users/enseig/fpecheux/devkitpro/libnds/lib/libnds9.a(swiSoftReset.o)
 .debug_line    0x000024bd      0x286 /users/enseig/fpecheux/devkitpro/libnds/lib/libnds9.a(system.o)
 .debug_line    0x00002743      0x241 /users/enseig/fpecheux/devkitpro/libnds/lib/libnds9.a(video.o)

.debug_frame    0x00000000      0x9ec
 *(.debug_frame)
 .debug_frame   0x00000000      0x100 template.o
 .debug_frame   0x00000100       0x8c /users/enseig/fpecheux/devkitpro/libnds/lib/libnds9.a(keys.o)
 .debug_frame   0x0000018c      0x114 /users/enseig/fpecheux/devkitpro/libnds/lib/libnds9.a(sprite.o)
 .debug_frame   0x000002a0       0xbc /users/enseig/fpecheux/devkitpro/libnds/lib/libnds9.a(sprite_alloc.o)
 .debug_frame   0x0000035c       0x44 /users/enseig/fpecheux/devkitpro/libnds/lib/libnds9.a(touch.o)
 .debug_frame   0x000003a0       0xf0 /users/enseig/fpecheux/devkitpro/libnds/lib/libnds9.a(trig.o)
 .debug_frame   0x00000490       0x2c /users/enseig/fpecheux/devkitpro/libnds/lib/libnds9.a(initSystem.o)
 .debug_frame   0x000004bc      0x2b8 /users/enseig/fpecheux/devkitpro/libnds/lib/libnds9.a(fifosystem.o)
 .debug_frame   0x00000774       0xb4 /users/enseig/fpecheux/devkitpro/libnds/lib/libnds9.a(interrupts.o)
 .debug_frame   0x00000828       0x38 /users/enseig/fpecheux/devkitpro/libnds/lib/libnds9.a(libnds_exit.arm.o)
 .debug_frame   0x00000860       0xc8 /users/enseig/fpecheux/devkitpro/libnds/lib/libnds9.a(system.o)
 .debug_frame   0x00000928       0xc4 /users/enseig/fpecheux/devkitpro/libnds/lib/libnds9.a(video.o)

.debug_str      0x00000000     0x2cab
 *(.debug_str)
 .debug_str     0x00000000      0xd45 template.o
                                0xded (size before relaxing)
 .debug_str     0x00000d45      0x17b /users/enseig/fpecheux/devkitpro/libnds/lib/libnds9.a(keys.o)
                                0x2f5 (size before relaxing)
 .debug_str     0x00000ec0      0x1a9 /users/enseig/fpecheux/devkitpro/libnds/lib/libnds9.a(sprite.o)
                                0x7bf (size before relaxing)
 .debug_str     0x00001069      0x104 /users/enseig/fpecheux/devkitpro/libnds/lib/libnds9.a(sprite_alloc.o)
                                0x75b (size before relaxing)
 .debug_str     0x0000116d       0x66 /users/enseig/fpecheux/devkitpro/libnds/lib/libnds9.a(touch.o)
                                0x211 (size before relaxing)
 .debug_str     0x000011d3       0xf0 /users/enseig/fpecheux/devkitpro/libnds/lib/libnds9.a(trig.o)
                                0x1e9 (size before relaxing)
 .debug_str     0x000012c3      0x72d /users/enseig/fpecheux/devkitpro/libnds/lib/libnds9.a(initSystem.o)
                                0xa02 (size before relaxing)
 .debug_str     0x000019f0      0x4ee /users/enseig/fpecheux/devkitpro/libnds/lib/libnds9.a(fifosystem.o)
                                0x793 (size before relaxing)
 .debug_str     0x00001ede      0x10e /users/enseig/fpecheux/devkitpro/libnds/lib/libnds9.a(interrupts.o)
                                0x382 (size before relaxing)
 .debug_str     0x00001fec      0x142 /users/enseig/fpecheux/devkitpro/libnds/lib/libnds9.a(libnds_exit.arm.o)
                                0x2c6 (size before relaxing)
 .debug_str     0x0000212e      0x268 /users/enseig/fpecheux/devkitpro/libnds/lib/libnds9.a(system.o)
                                0x5dd (size before relaxing)
 .debug_str     0x00002396      0x915 /users/enseig/fpecheux/devkitpro/libnds/lib/libnds9.a(video.o)
                                0xb3e (size before relaxing)

.debug_loc      0x00000000     0x4485
 *(.debug_loc)
 .debug_loc     0x00000000      0xb95 template.o
 .debug_loc     0x00000b95       0x20 /users/enseig/fpecheux/devkitpro/libnds/lib/libnds9.a(keys.o)
 .debug_loc     0x00000bb5      0x731 /users/enseig/fpecheux/devkitpro/libnds/lib/libnds9.a(sprite.o)
 .debug_loc     0x000012e6      0x9c0 /users/enseig/fpecheux/devkitpro/libnds/lib/libnds9.a(sprite_alloc.o)
 .debug_loc     0x00001ca6      0x115 /users/enseig/fpecheux/devkitpro/libnds/lib/libnds9.a(touch.o)
 .debug_loc     0x00001dbb      0x9dd /users/enseig/fpecheux/devkitpro/libnds/lib/libnds9.a(trig.o)
 .debug_loc     0x00002798       0x3f /users/enseig/fpecheux/devkitpro/libnds/lib/libnds9.a(initSystem.o)
 .debug_loc     0x000027d7     0x149c /users/enseig/fpecheux/devkitpro/libnds/lib/libnds9.a(fifosystem.o)
 .debug_loc     0x00003c73      0x22a /users/enseig/fpecheux/devkitpro/libnds/lib/libnds9.a(interrupts.o)
 .debug_loc     0x00003e9d       0x78 /users/enseig/fpecheux/devkitpro/libnds/lib/libnds9.a(libnds_exit.arm.o)
 .debug_loc     0x00003f15      0x2cf /users/enseig/fpecheux/devkitpro/libnds/lib/libnds9.a(system.o)
 .debug_loc     0x000041e4      0x2a1 /users/enseig/fpecheux/devkitpro/libnds/lib/libnds9.a(video.o)

.debug_macinfo
 *(.debug_macinfo)

.debug_weaknames
 *(.debug_weaknames)

.debug_funcnames
 *(.debug_funcnames)

.debug_typenames
 *(.debug_typenames)

.debug_varnames
 *(.debug_varnames)

.stack          0x00080000        0x0
                0x00080000                _stack = .
 *(.stack)
LOAD /users/enseig/fpecheux/devkitpro/devkitARM/bin/../lib/gcc/arm-none-eabi/4.7.1/../../../../arm-none-eabi/lib/thumb/ds_arm9_crt0.o
LOAD /users/enseig/fpecheux/devkitpro/devkitARM/bin/../lib/gcc/arm-none-eabi/4.7.1/thumb/crti.o
LOAD /users/enseig/fpecheux/devkitpro/devkitARM/bin/../lib/gcc/arm-none-eabi/4.7.1/thumb/crtbegin.o
LOAD alchemy0.o
LOAD alchemy1.o
LOAD soundbank.bin.o
LOAD template.o
LOAD /users/enseig/fpecheux/devkitpro/libnds/lib/libmm9.a
LOAD /users/enseig/fpecheux/devkitpro/libnds/lib/libnds9.a
START GROUP
LOAD /users/enseig/fpecheux/devkitpro/devkitARM/bin/../lib/gcc/arm-none-eabi/4.7.1/thumb/libgcc.a
LOAD /users/enseig/fpecheux/devkitpro/devkitARM/bin/../lib/gcc/arm-none-eabi/4.7.1/../../../../arm-none-eabi/lib/thumb/libg.a
LOAD /users/enseig/fpecheux/devkitpro/devkitARM/bin/../lib/gcc/arm-none-eabi/4.7.1/../../../../arm-none-eabi/lib/thumb/libc.a
LOAD /users/enseig/fpecheux/devkitpro/devkitARM/bin/../lib/gcc/arm-none-eabi/4.7.1/../../../../arm-none-eabi/lib/thumb/libsysbase.a
END GROUP
LOAD /users/enseig/fpecheux/devkitpro/devkitARM/bin/../lib/gcc/arm-none-eabi/4.7.1/thumb/crtend.o
LOAD /users/enseig/fpecheux/devkitpro/devkitARM/bin/../lib/gcc/arm-none-eabi/4.7.1/thumb/crtn.o
OUTPUT(/users/enseig/fpecheux/devkitpro/tp/alchemy9/alchemy9.elf elf32-littlearm)

.debug_ranges   0x00000000      0xa18
 .debug_ranges  0x00000000      0x2a0 template.o
 .debug_ranges  0x000002a0       0x58 /users/enseig/fpecheux/devkitpro/libnds/lib/libnds9.a(sprite.o)
 .debug_ranges  0x000002f8       0x70 /users/enseig/fpecheux/devkitpro/libnds/lib/libnds9.a(sprite_alloc.o)
 .debug_ranges  0x00000368       0x18 /users/enseig/fpecheux/devkitpro/libnds/lib/libnds9.a(touch.o)
 .debug_ranges  0x00000380       0x70 /users/enseig/fpecheux/devkitpro/libnds/lib/libnds9.a(trig.o)
 .debug_ranges  0x000003f0      0x490 /users/enseig/fpecheux/devkitpro/libnds/lib/libnds9.a(fifosystem.o)
 .debug_ranges  0x00000880      0x120 /users/enseig/fpecheux/devkitpro/libnds/lib/libnds9.a(interrupts.o)