Archive member included because of file (symbol)

/opt/devkitpro/libnds/lib/libmm9.a(mm_comms.o)
                              sound_engine.o (mmEffectEx)
/opt/devkitpro/libnds/lib/libmm9.a(mm_main9.o)
                              /opt/devkitpro/libnds/lib/libmm9.a(mm_comms.o) (mmCallback)
/opt/devkitpro/libnds/lib/libmm9.a(mm_memory.o)
                              sound_engine.o (mmLoad)
/opt/devkitpro/libnds/lib/libmm9.a(mm_soundbank.o)
                              /opt/devkitpro/libnds/lib/libmm9.a(mm_main9.o) (mmSoundBankInMemory)
/opt/devkitpro/libnds/lib/libmm9.a(mm_flusher.o)
                              /opt/devkitpro/libnds/lib/libmm9.a(mm_memory.o) (mmFlushBank)
/opt/devkitpro/libnds/lib/libfat.a(libfat.o)
                              saving_engine.o (fatInitDefault)
/opt/devkitpro/libnds/lib/libfat.a(partition.o)
                              /opt/devkitpro/libnds/lib/libfat.a(libfat.o) (_FAT_partition_constructor)
/opt/devkitpro/libnds/lib/libfat.a(cache.o)
                              /opt/devkitpro/libnds/lib/libfat.a(partition.o) (_FAT_cache_constructor)
/opt/devkitpro/libnds/lib/libfat.a(directory.o)
                              /opt/devkitpro/libnds/lib/libfat.a(libfat.o) (_FAT_directory_getVolumeLabel)
/opt/devkitpro/libnds/lib/libfat.a(disc.o)
                              /opt/devkitpro/libnds/lib/libfat.a(libfat.o) (_FAT_disc_interfaces)
/opt/devkitpro/libnds/lib/libfat.a(fatdir.o)
                              /opt/devkitpro/libnds/lib/libfat.a(libfat.o) (_FAT_stat_r)
/opt/devkitpro/libnds/lib/libfat.a(fatfile.o)
                              /opt/devkitpro/libnds/lib/libfat.a(libfat.o) (_FAT_open_r)
/opt/devkitpro/libnds/lib/libfat.a(file_allocation_table.o)
                              /opt/devkitpro/libnds/lib/libfat.a(directory.o) (_FAT_fat_nextCluster)
/opt/devkitpro/libnds/lib/libfat.a(filetime.o)
                              /opt/devkitpro/libnds/lib/libfat.a(fatdir.o) (_FAT_filetime_getTimeFromRTC)
/opt/devkitpro/libnds/lib/libfat.a(lock.o)
                              /opt/devkitpro/libnds/lib/libfat.a(partition.o) (_FAT_lock_init)
/opt/devkitpro/libnds/lib/libnds9.a(background.o)
                              graphic_engine.o (bgState)
/opt/devkitpro/libnds/lib/libnds9.a(console.o)
                              saving_engine.o (consoleDemoInit)
/opt/devkitpro/libnds/lib/libnds9.a(keys.o)
                              main.o (scanKeys)
/opt/devkitpro/libnds/lib/libnds9.a(sassert.o)
                              3D_engine.o (__sassert)
/opt/devkitpro/libnds/lib/libnds9.a(sprite.o)
                              graphic_engine.o (oamInit)
/opt/devkitpro/libnds/lib/libnds9.a(sprite_alloc.o)
                              /opt/devkitpro/libnds/lib/libnds9.a(sprite.o) (oamAllocReset)
/opt/devkitpro/libnds/lib/libnds9.a(touch.o)
                              main.o (touchRead)
/opt/devkitpro/libnds/lib/libnds9.a(trig.o)
                              3D_engine.o (sinLerp)
/opt/devkitpro/libnds/lib/libnds9.a(videoGL.o)
                              3D_engine.o (glGlobalData)
/opt/devkitpro/libnds/lib/libnds9.a(dldi.o)
                              /opt/devkitpro/libnds/lib/libfat.a(disc.o) (dldiGetInternal)
/opt/devkitpro/libnds/lib/libnds9.a(dsi_sd.o)
                              /opt/devkitpro/libnds/lib/libfat.a(disc.o) (__io_dsisd)
/opt/devkitpro/libnds/lib/libnds9.a(initSystem.o)
                              /opt/devkitPro/devkitARM/bin/../lib/gcc/arm-none-eabi/4.7.1/../../../../arm-none-eabi/lib/thumb/ds_arm9_crt0.o (initSystem)
/opt/devkitpro/libnds/lib/libnds9.a(fifosystem.o)
                              /opt/devkitpro/libnds/lib/libnds9.a(dsi_sd.o) (fifoSendValue32)
/opt/devkitpro/libnds/lib/libnds9.a(interrupts.o)
                              /opt/devkitpro/libnds/lib/libnds9.a(fifosystem.o) (irqSet)
/opt/devkitpro/libnds/lib/libnds9.a(libnds_exit.arm.o)
                              /opt/devkitPro/devkitARM/bin/../lib/gcc/arm-none-eabi/4.7.1/../../../../arm-none-eabi/lib/thumb/ds_arm9_crt0.o (__libnds_exit)
/opt/devkitpro/libnds/lib/libnds9.a(dcache.o)
                              3D_engine.o (DC_FlushRange)
/opt/devkitpro/libnds/lib/libnds9.a(dldi_stub.o)
                              /opt/devkitpro/libnds/lib/libnds9.a(dldi.o) (_io_dldi_stub)
/opt/devkitpro/libnds/lib/libnds9.a(mpu_setup.o)
                              /opt/devkitPro/devkitARM/bin/../lib/gcc/arm-none-eabi/4.7.1/../../../../arm-none-eabi/lib/thumb/ds_arm9_crt0.o (__libnds_mpu_setup)
/opt/devkitpro/libnds/lib/libnds9.a(biosCalls.o)
                              /opt/devkitpro/libnds/lib/libnds9.a(fifosystem.o) (swiIntrWait)
/opt/devkitpro/libnds/lib/libnds9.a(debugprint.o)
                              /opt/devkitpro/libnds/lib/libnds9.a(console.o) (nocashWrite)
/opt/devkitpro/libnds/lib/libnds9.a(interruptDispatcher.o)
                              /opt/devkitpro/libnds/lib/libnds9.a(interrupts.o) (IntrMain)
/opt/devkitpro/libnds/lib/libnds9.a(swiSoftReset.o)
[...]
Memory Configuration

Name             Origin             Length             Attributes
rom              0x08000000         0x02000000
ewram            0x02000000         0x003ff000
dtcm             0x0b000000         0x00004000
vectors          0x01000000         0x00000100
itcm             0x01000100         0x00007f00
*default*        0x00000000         0xffffffff

Linker script and memory map

                0x01000000                __vectors_start = ORIGIN (vectors)
                0x01000100                __itcm_start = ORIGIN (itcm)
                0x023ff000                __ewram_end = (ORIGIN (ewram) + 0x3ff000)
                0x023ff000                __eheap_end = (ORIGIN (ewram) + 0x3ff000)
                0x0b000000                __dtcm_start = ORIGIN (dtcm)
                0x0b004000                __dtcm_top = (ORIGIN (dtcm) + 0x4000)
                0x0b003ff8                __irq_flags = (__dtcm_top - 0x8)
                0x0b003ffc                __irq_vector = (__dtcm_top - 0x4)
                0x0b003f00                __sp_svc = (__dtcm_top - 0x100)
                0x0b003e00                __sp_irq = (__sp_svc - 0x100)
                0x0b003d00                __sp_usr = (__sp_irq - 0x100)

.init           0x02000000      0x23c
                0x02000000                __text_start = .
 *(.init)
 .init          0x02000000      0x230 /opt/devkitPro/devkitARM/bin/../lib/gcc/arm-none-eabi/4.7.1/../../../../arm-none-eabi/lib/thumb/ds_arm9_crt0.o
                0x02000000                _start
 .init          0x02000230        0x4 /opt/devkitPro/devkitARM/bin/../lib/gcc/arm-none-eabi/4.7.1/thumb/crti.o
                0x02000230                _init
 .init          0x02000234        0x8 /opt/devkitPro/devkitARM/bin/../lib/gcc/arm-none-eabi/4.7.1/thumb/crtn.o
                0x0200023c                . = ALIGN (0x4)

.plt
 *(.plt)

.text           0x02000240    0x1c7a8
 *(EXCLUDE_FILE(*.itcm*) .text)
 .text          0x02000240        0x0 /opt/devkitPro/devkitARM/bin/../lib/gcc/arm-none-eabi/4.7.1/../../../../arm-none-eabi/lib/thumb/ds_arm9_crt0.o
 .text          0x02000240        0x0 /opt/devkitPro/devkitARM/bin/../lib/gcc/arm-none-eabi/4.7.1/thumb/crti.o
 .text          0x02000240       0xd0 /opt/devkitPro/devkitARM/bin/../lib/gcc/arm-none-eabi/4.7.1/thumb/crtbegin.o
 .text          0x02000310        0x0 sprites.o
 .text          0x02000310        0x0 ocean.bin.o
 .text          0x02000310        0x0 soundbank.bin.o
 .text          0x02000310      0x7e0 3D_engine.o
                0x02000310                ocean
                0x02000ae0                gestion_3D
 .text          0x02000af0       0x54 alchemy_engine.o
                0x02000af0                combine
                0x02000b24                used_combinaison
 .text          0x02000b44      0x120 files.o
                0x02000b44                size_index
                0x02000b78                indopen
                0x02000be4                indclose
                0x02000bec                indread
                0x02000c10                indwrite
                0x02000c34                indlseek
 .text          0x02000c64      0x92c graphic_engine.o
                0x02000c64                add_element
                0x02000c78                init_menu
                0x02000de8                delete_combinaison
                0x02000df8                display_elements_sec
                0x02000e70                init_2D_sprite_main
                0x02000e9c                init_sec_screen
                0x02000ff8                init_2D_sprite
                0x02001024                change_sprite
                0x02001058                display_elements_list
                0x020010dc                clear_direction
                0x020010ec                display_buttons_play
                0x020011dc                init_main_screen
                0x020013d0                init_graphic_engine
                0x020013f0                graphic_loop
                0x02001468                graphic_loop_sprite_main
                0x02001534                clear_sub_screen
                0x02001548                clear_elements
                0x0200154c                next_element_list
                0x02001574                prev_element_list
 .text          0x02001590       0x54 interface_engine.o
                0x02001590                is_stylus_on_sprite
                0x020015c4                is_stylus_on_menu
 .text          0x020015e4       0x70 list.o
                0x020015e4                create_list
                0x020015f8                add_element_list
                0x02001618                init_list
                0x02001630                access
 .text          0x02001654      0x2f4 main.o
                0x02001654                menu
                0x020016f8                load
                0x02001704                play
 .text          0x02001948       0xbc saving_engine.o
                0x02001948                list_directory
                0x020019f4                init_saving_engine
                0x020019fc                list_load_file
                0x02001a00                save_file
 .text          0x02001a04       0x60 sound_engine.o
                0x02001a04                init_sound_engine
                0x02001a24                play_sound_success
                0x02001a34                play_sound_select
                0x02001a44                play_sound_trash
                0x02001a54                play_sound_move_list
 .text          0x02001a64        0x0 bg_menu_main.o
 .text          0x02001a64        0x0 bg_menu_sub.o
 .text          0x02001a64        0x0 bg_play.o
 .text          0x02001a64        0x0 bg_play2.o
 .text          0x02001a64      0x24c /opt/devkitpro/libnds/lib/libmm9.a(mm_comms.o)
                0x02001a64                mmSetupComms
                0x02001ab6                mmSendBank
                0x02001ac0                mmLockChannels
                0x02001ac6                mmUnlockChannels
                0x02001acc                mmStart
                0x02001ad6                mmPause
                0x02001ada                mmResume
                0x02001ade                mmStop
                0x02001ae2                mmPosition
                0x02001ae6                mmJingle
                0x02001aea                mmSetModuleVolume
                0x02001aee                mmSetJingleVolume
                0x02001af2                mmSetModuleTempo
                0x02001af6                mmSetModulePitch
                0x02001afa                mmSetEffectsVolume
                0x02001afe                mmSelectMode
                0x02001b02                mmStreamBegin
                0x02001b16                mmStreamEnd
                0x02001b6c                mmEffect
                0x02001b90                mmEffectVolume
                0x02001b94                mmEffectPanning
                0x02001b98                mmEffectRate
                0x02001ba2                mmEffectScaleRate
                0x02001bac                mmEffectRelease
                0x02001bb2                mmEffectCancel
                0x02001bb8                mmEffectEx
                0x02001bf6                mmEffectCancelAll
                0x02001bfa                mmReverbEnable
                0x02001bfe                mmReverbDisable
                0x02001c02                mmReverbConfigure
                0x02001c5e                mmReverbStart
                0x02001c62                mmReverbStop
 .text          0x02001cb0      0x108 /opt/devkitpro/libnds/lib/libmm9.a(mm_main9.o)
                0x02001cb0                mmActive
                0x02001cb6                mmSetEventHandler
                0x02001cbc                mmInit
                0x02001ce6                mmInitDefault
                0x02001d30                mmInitDefaultMem
                0x02001d52                mmSuspendIRQ_t
                0x02001d70                mmRestoreIRQ_t
 .text          0x02001db8      0x120 /opt/devkitpro/libnds/lib/libmm9.a(mm_memory.o)
                0x02001db8                mmLoad
                0x02001e08                mmUnload
                0x02001e60                mmLoadEffect
                0x02001e98                mmUnloadEffect
 .text          0x02001ed8      0x100 /opt/devkitpro/libnds/lib/libmm9.a(mm_soundbank.o)
                0x02001ed8                mmSoundBankInMemory
                0x02001ee0                mmSoundBankInFiles
                0x02001ef2                mmSetCustomSoundBankHandler
                0x02001f1e                mmsHandleFileOp
 .text          0x02001fd8       0x3c /opt/devkitpro/libnds/lib/libmm9.a(mm_flusher.o)
                0x02001fd8                mmFlushBank
 .text          0x02002014      0x340 /opt/devkitpro/libnds/lib/libfat.a(libfat.o)
                0x02002014                fatMount
                0x020020d0                fatMountSimple
                0x020020e4                fatUnmount
                0x0200211c                fatInit
                0x0200226c                fatInitDefault
                0x02002278                fatGetVolumeLabel
 .text          0x02002354      0x724 /opt/devkitpro/libnds/lib/libfat.a(partition.o)
                0x02002354                FindFirstValidPartition_buf
                0x020024dc                FindFirstValidPartition
                0x02002504                _FAT_partition_getPartitionFromPath
                0x02002518                _FAT_partition_createFSinfo
                0x020025d8                _FAT_partition_readFSinfo
                0x02002698                _FAT_partition_constructor_buf
                0x02002940                _FAT_partition_constructor
                0x02002980                _FAT_partition_writeFSinfo
                0x02002a38                _FAT_partition_destructor
 .text          0x02002a78      0x4b4 /opt/devkitpro/libnds/lib/libfat.a(cache.o)
                0x02002b68                _FAT_cache_constructor
                0x02002c00                _FAT_cache_readSectors
                0x02002c64                _FAT_cache_readPartialSector
                0x02002ca0                _FAT_cache_readLittleEndianValue
                0x02002d0c                _FAT_cache_writePartialSector
                0x02002d54                _FAT_cache_writeLittleEndianValue
                0x02002da4                _FAT_cache_eraseWritePartialSector
                0x02002dfc                _FAT_cache_writeSectors
                0x02002e68                _FAT_cache_flush
                0x02002ec8                _FAT_cache_destructor
                0x02002efc                _FAT_cache_invalidate
 .text          0x02002f2c     0x13b8 /opt/devkitpro/libnds/lib/libfat.a(directory.o)
                0x020031a8                _FAT_directory_entryGetCluster
                0x020031d0                _FAT_directory_getNextEntry
                0x020033bc                _FAT_directory_getFirstEntry
                0x02003460                _FAT_directory_getRootEntry
                0x020034bc                _FAT_directory_getVolumeLabel
                0x0200357c                _FAT_directory_entryFromPosition
                0x020036c4                _FAT_directory_entryFromPath
                0x020038c8                _FAT_directory_removeEntry
                0x020039a4                _FAT_directory_addEntry
                0x020041e0                _FAT_directory_chdir
                0x0200421c                _FAT_directory_entryStat
 .text          0x020042e4        0x8 /opt/devkitpro/libnds/lib/libfat.a(disc.o)
 .text          0x020042ec      0x970 /opt/devkitpro/libnds/lib/libfat.a(fatdir.o)
                0x020042ec                _FAT_stat_r
                0x02004388                _FAT_link_r
                0x02004394                _FAT_unlink_r
                0x02004508                _FAT_chdir_r
                0x02004578                _FAT_rename_r
                0x02004744                _FAT_mkdir_r
                0x02004a20                _FAT_statvfs_r
                0x02004aa8                _FAT_diropen_r
                0x02004b6c                _FAT_dirreset_r
                0x02004bb8                _FAT_dirnext_r
                0x02004c3c                _FAT_dirclose_r
 .text          0x02004c5c     0x13b0 /opt/devkitpro/libnds/lib/libfat.a(fatfile.o)
                0x02004ed4                _FAT_findEntry
                0x02004f10                FAT_getAttr
                0x02004f38                FAT_setAttr
                0x02004fd4                _FAT_open_r
                0x0200531c                _FAT_syncToDisc
                0x02005410                _FAT_close_r
                0x0200547c                _FAT_read_r
                0x020057bc                _FAT_write_r
                0x02005c58                _FAT_seek_r
                0x02005dc8                _FAT_fstat_r
                0x02005e64                _FAT_ftruncate_r
                0x02005fcc                _FAT_fsync_r
 .text          0x0200600c      0x4b4 /opt/devkitpro/libnds/lib/libfat.a(file_allocation_table.o)
                0x0200615c                _FAT_fat_nextCluster
                0x02006274                _FAT_fat_linkFreeCluster
                0x0200630c                _FAT_fat_linkFreeClusterCleared
                0x0200637c                _FAT_fat_clearLinks
                0x020063d8                _FAT_fat_trimChain
                0x02006460                _FAT_fat_lastCluster
                0x02006494                _FAT_fat_freeClusterCount
 .text          0x020064c0       0xb8 /opt/devkitpro/libnds/lib/libfat.a(filetime.o)
                0x020064c0                _FAT_filetime_getTimeFromRTC
                0x02006500                _FAT_filetime_getDateFromRTC
                0x02006540                _FAT_filetime_to_time_t
 .text          0x02006578       0x10 /opt/devkitpro/libnds/lib/libfat.a(lock.o)
                0x02006578                _FAT_lock_init
                0x0200657c                _FAT_lock_deinit
                0x02006580                _FAT_lock
                0x02006584                _FAT_unlock
 .text          0x02006588      0x2e8 /opt/devkitpro/libnds/lib/libnds9.a(background.o)
                0x02006588                bgIsText
                0x02006594                checkIfText
                0x020065ec                bgUpdate
                0x020066e0                bgInit_call
                0x020067a4                bgInitSub_call
 .text          0x02006870      0xa4c /opt/devkitpro/libnds/lib/libnds9.a(console.o)
                0x02006910                nocash_write
                0x02006920                consoleGetDefault
                0x0200692c                consoleSelect
                0x0200693c                consoleDebugInit
                0x0200698c                consolePrintChar
                0x02006b58                consoleLoadFont
                0x02006de0                consoleSetFont
                0x02006e00                consoleInit
                0x02006f68                consoleDemoInit
                0x02006fac                con_write
                0x02007288                consoleClear
                0x02007298                consoleSetWindow
 .text          0x020072bc       0xf4 /opt/devkitpro/libnds/lib/libnds9.a(keys.o)
                0x020072bc                scanKeys
                0x02007328                keysHeld
                0x02007334                keysDown
                0x02007344                keysDownRepeat
                0x02007354                keysSetRepeat
                0x0200736c                keysUp
                0x0200737c                keysCurrent
 .text          0x020073b0       0x24 /opt/devkitpro/libnds/lib/libnds9.a(sassert.o)
                0x020073b0                __sassert
 .text          0x020073d4      0x3f4 /opt/devkitpro/libnds/lib/libnds9.a(sprite.o)
                0x020073d4                oamInit
                0x020074e8                oamDisable
                0x02007518                oamEnable
                0x0200753c                oamGetGfxPtr
                0x02007570                oamClear
                0x02007598                oamGfxPtrToOffset
                0x020075cc                oamSet
                0x0200771c                oamUpdate
                0x0200777c                oamRotateScale
 .text          0x020077c8      0x450 /opt/devkitpro/libnds/lib/libnds9.a(sprite_alloc.o)
                0x020077f8                oamAllocReset
                0x0200782c                oamAllocateGfx
                0x02007a30                oamFreeGfx
                0x02007bcc                oamCountFragments
 .text          0x02007c18       0x4c /opt/devkitpro/libnds/lib/libnds9.a(touch.o)
                0x02007c18                touchRead
                0x02007c40                touchReadXY
 .text          0x02007c64      0x244 /opt/devkitpro/libnds/lib/libnds9.a(trig.o)
                0x02007c64                asinComp
                0x02007c8c                sinLutLookup
                0x02007cc8                sinLerp
                0x02007d00                cosLerp
                0x02007d14                tanLutLookup
                0x02007d4c                tanLerp
                0x02007df0                asinLerp
                0x02007e6c                acosLerp
                0x02007e80                atanComp
 .text          0x02007ea8     0x15cc /opt/devkitpro/libnds/lib/libnds9.a(videoGL.o)
                0x02007ea8                glGetGlobals
                0x02007eb0                glRotatef32i
                0x02008184                glMaterialf
                0x020081f0                glTexCoord2f32
                0x02008264                vramBlock_init
                0x020082d0                vramBlock_Construct
                0x020082f8                vramBlock_terminate
                0x02008320                vramBlock_Deconstruct
                0x02008334                vramBlock__allocateBlock
                0x020084a0                vramBlock__deallocateBlock
                0x020085fc                vramBlock_examineSpecial
                0x0200881c                vramBlock_allocateSpecial
                0x02008888                vramBlock_allocateBlock
                0x020088bc                vramBlock_deallocateBlock
                0x020088fc                vramBlock_deallocateAll
                0x0200890c                vramBlock_getAddr
                0x02008920                vramBlock_getSize
                0x02008934                glInit_C
                0x02008adc                glResetTextures
                0x02008b64                removePaletteFromTexture
                0x02008bd4                glGenTextures
                0x02008c70                glDeleteTextures
                0x02008d40                vramGetBank
                0x02008e00                glBindTexture
                0x02008e60                glColorTableEXT
                0x02008fe0                glColorSubTableEXT
                0x02009030                glGetColorTableEXT
                0x0200906c                glAssignColorTable
                0x020090e0                glTexParameter
                0x02009118                glGetTexturePointer
                0x02009138                glGetTexParameter
                0x02009158                glGetColorTableParameterEXT
                0x02009190                glTexImage2D
 .text          0x02009474      0x238 /opt/devkitpro/libnds/lib/libnds9.a(dldi.o)
                0x02009474                dldiGetInternal
                0x020094ac                dldiIsValid
                0x020094e4                dldiFixDriverAddresses
                0x020095bc                dldiLoadFromFile
                0x020096a0                dldiFree
 .text          0x020096ac      0x148 /opt/devkitpro/libnds/lib/libnds9.a(dsi_sd.o)
                0x020096ac                sdio_ClearStatus
                0x020096bc                sdio_Shutdown
                0x020096cc                sdio_WriteSectors
                0x02009720                sdio_ReadSectors
                0x02009774                sdio_IsInserted
                0x020097a8                sdio_Startup
 .text          0x020097f4      0x140 /opt/devkitpro/libnds/lib/libnds9.a(initSystem.o)
                0x020097f4                initSystem
 .text          0x02009934      0xc58 /opt/devkitpro/libnds/lib/libnds9.a(fifosystem.o)
                0x02009b88                fifoSendAddress
                0x02009bb4                fifoSendValue32
                0x02009bf4                fifoSendDatamsg
                0x02009c64                fifoGetAddress
                0x02009cdc                fifoSetAddressHandler
                0x02009d50                fifoGetValue32
                0x02009dc4                fifoSetValue32Handler
                0x02009e38                fifoGetDatamsg
                0x0200a2bc                fifoSetDatamsgHandler
                0x0200a354                fifoCheckAddress
                0x0200a378                fifoCheckDatamsg
                0x0200a39c                fifoCheckValue32
                0x0200a3c0                fifoInit
 .text          0x0200a58c      0x1ec /opt/devkitpro/libnds/lib/libnds9.a(interrupts.o)
                0x0200a58c                irqDummy
                0x0200a590                irqSet
                0x0200a5fc                irqInit
                0x0200a648                irqInitHandler
                0x0200a678                irqEnable
                0x0200a6dc                irqDisable
                0x0200a740                irqClear
 .text          0x0200a778       0x58 /opt/devkitpro/libnds/lib/libnds9.a(libnds_exit.arm.o)
                0x0200a778                systemErrorExit
                0x0200a77c                __libnds_exit
 .text          0x0200a7d0       0x70 /opt/devkitpro/libnds/lib/libnds9.a(dcache.o)
                0x0200a7d0                DC_FlushAll
                0x0200a7fc                DC_FlushRange
                0x0200a818                DC_InvalidateAll
                0x0200a824                DC_InvalidateRange
 .text          0x0200a840     0x8000 /opt/devkitpro/libnds/lib/libnds9.a(dldi_stub.o)
                0x0200a840                _io_dldi_stub
 .text          0x02012840      0x1b4 /opt/devkitpro/libnds/lib/libnds9.a(mpu_setup.o)
                0x02012840                __libnds_mpu_setup
                0x02012980                memCached
                0x02012998                memUncached
 *fill*         0x020129f4        0xc ff
 .text          0x02012a00       0x70 /opt/devkitpro/libnds/lib/libnds9.a(biosCalls.o)
                0x02012a00                swiDelay
                0x02012a04                swiIntrWait
                0x02012a08                swiWaitForVBlank
                0x02012a0c                swiSleep
                0x02012a10                swiChangeSoundBias
                0x02012a14                swiDivide
                0x02012a18                swiRemainder
                0x02012a1e                swiDivMod
                0x02012a2a                swiCopy
                0x02012a2e                swiFastCopy
                0x02012a32                swiSqrt
                0x02012a36                swiCRC16
                0x02012a3a                swiIsDebugger
                0x02012a3e                swiUnpackBits
                0x02012a42                swiDecompressLZSSWram
                0x02012a46                swiDecompressLZSSVramNTR
                0x02012a4a                swiDecompressLZSSVramTWL
                0x02012a4e                swiDecompressHuffman
                0x02012a52                swiDecompressRLEWram
                0x02012a56                swiDecompressRLEVram
                0x02012a5a                swiWaitForIRQ
                0x02012a5e                swiDecodeDelta8
                0x02012a62                swiDecodeDelta16
                0x02012a66                swiSetHaltCR
 .text          0x02012a70       0xa4 /opt/devkitpro/libnds/lib/libnds9.a(debugprint.o)
                0x02012a70                nocashWrite
                0x02012a72                nocashMessage
 .text          0x02012b14        0x0 /opt/devkitpro/libnds/lib/libnds9.a(interruptDispatcher.o)
 *fill*         0x02012b14        0xc ff
 .text          0x02012b20       0x30 /opt/devkitpro/libnds/lib/libnds9.a(swiSoftReset.o)
                0x02012b20                swiSoftReset
 .text          0x02012b50        0x0 /opt/devkitpro/libnds/lib/libnds9.a(default_font.bin.o)
 .text          0x02012b50       0x8c /opt/devkitpro/libnds/lib/libnds9.a(dynamicArray.o)
                0x02012b50                DynamicArrayInit
                0x02012b68                DynamicArrayDelete
                0x02012b7c                DynamicArrayGet
                0x02012b94                DynamicArraySet
 .text          0x02012bdc      0x128 /opt/devkitpro/libnds/lib/libnds9.a(system.o)
                0x02012bdc                setSDcallback
                0x02012be8                systemMsgHandler
                0x02012c2c                systemSleep
                0x02012c44                systemValueHandler
                0x02012c80                powerOn
                0x02012cac                powerOff
                0x02012cd4                ledBlink
                0x02012ce4                getBatteryLevel
 .text          0x02012d04      0x1f8 /opt/devkitpro/libnds/lib/libnds9.a(video.o)
                0x02012d04                vramSetPrimaryBanks
                0x02012d48                vramSetMainBanks
                0x02012d8c                vramSetBanks_EFG
                0x02012dc4                vramRestorePrimaryBanks
                0x02012dd0                vramRestoreMainBanks
                0x02012ddc                vramRestoreBanks_EFG
                0x02012de8                setBrightness
                0x02012e28                vramDefault
 .text          0x02012efc      0x11c /opt/devkitPro/devkitARM/bin/../lib/gcc/arm-none-eabi/4.7.1/thumb/libgcc.a(_udivsi3.o)
                0x02012efc                __udivsi3
                0x02012efc                __aeabi_uidiv
                0x02012ff8                __aeabi_uidivmod
 .text          0x02013018      0x150 /opt/devkitPro/devkitARM/bin/../lib/gcc/arm-none-eabi/4.7.1/thumb/libgcc.a(_divsi3.o)
                0x02013018                __aeabi_idiv
                0x02013018                __divsi3
                0x02013148                __aeabi_idivmod
 .text          0x02013168        0x4 /opt/devkitPro/devkitARM/bin/../lib/gcc/arm-none-eabi/4.7.1/thumb/libgcc.a(_dvmd_tls.o)
                0x02013168                __aeabi_ldiv0
                0x02013168                __aeabi_idiv0
 .text          0x0201316c      0x2ac /opt/devkitPro/devkitARM/bin/../lib/gcc/arm-none-eabi/4.7.1/thumb/libgcc.a(_arm_addsubsf3.o)
                0x0201316c                __aeabi_frsub
                0x02013174                __aeabi_fsub
                0x02013174                __subsf3
                0x02013178                __aeabi_fadd
                0x02013178                __addsf3
                0x02013334                __aeabi_ui2f
                0x02013334                __floatunsisf
                0x0201333c                __floatsisf
                0x0201333c                __aeabi_i2f
                0x0201335c                __aeabi_ul2f
                0x0201335c                __floatundisf
                0x0201336c                __aeabi_l2f
                0x0201336c                __floatdisf
 .text          0x02013418       0x5c /opt/devkitPro/devkitARM/bin/../lib/gcc/arm-none-eabi/4.7.1/thumb/libgcc.a(_arm_fixsfsi.o)
                0x02013418                __fixsfsi
                0x02013418                __aeabi_f2iz
 .text          0x02013474       0x4c /opt/devkitPro/devkitARM/bin/../lib/gcc/arm-none-eabi/4.7.1/thumb/libgcc.a(_muldi3.o)
                0x02013474                __aeabi_lmul
                0x02013474                __muldi3
 .text          0x020134c0       0x64 /opt/devkitPro/devkitARM/bin/../lib/gcc/arm-none-eabi/4.7.1/../../../../arm-none-eabi/lib/thumb/libg.a(lib_a-bsearch.o)
                0x020134c0                bsearch
 .text          0x02013524       0x10 /opt/devkitPro/devkitARM/bin/../lib/gcc/arm-none-eabi/4.7.1/../../../../arm-none-eabi/lib/thumb/libg.a(lib_a-ctype_.o)
                0x02013524                __set_ctype
 .text          0x02013534       0xb0 /opt/devkitPro/devkitARM/bin/../lib/gcc/arm-none-eabi/4.7.1/../../../../arm-none-eabi/lib/thumb/libg.a(lib_a-fclose.o)
                0x02013534                _fclose_r
                0x020135c8                fclose
 .text          0x020135e4      0x1b8 /opt/devkitPro/devkitARM/bin/../lib/gcc/arm-none-eabi/4.7.1/../../../../arm-none-eabi/lib/thumb/libg.a(lib_a-fflush.o)
                0x020135e4                __sflush_r
                0x0201373c                _fflush_r
                0x0201376c                fflush
 .text          0x0201379c      0x1d8 /opt/devkitPro/devkitARM/bin/../lib/gcc/arm-none-eabi/4.7.1/../../../../arm-none-eabi/lib/thumb/libg.a(lib_a-findfp.o)
                0x020137a4                _cleanup_r
                0x02013804                __sfmoreglue
                0x02013834                _cleanup
                0x02013848                __sinit
                0x0201389c                __sfp
                0x0201392c                __sfp_lock_acquire
                0x02013930                __sfp_lock_release
                0x02013934                __sinit_lock_acquire
                0x02013938                __sinit_lock_release
                0x0201393c                __fp_lock_all
                0x02013958                __fp_unlock_all
 .text          0x02013974       0xa8 /opt/devkitPro/devkitARM/bin/../lib/gcc/arm-none-eabi/4.7.1/../../../../arm-none-eabi/lib/thumb/libg.a(lib_a-fopen.o)
                0x02013974                _fopen_r
                0x02013a00                fopen
 .text          0x02013a1c      0x190 /opt/devkitPro/devkitARM/bin/../lib/gcc/arm-none-eabi/4.7.1/../../../../arm-none-eabi/lib/thumb/libg.a(lib_a-fread.o)
                0x02013a1c                _fread_r
                0x02013b84                fread
 .text          0x02013bac      0x238 /opt/devkitPro/devkitARM/bin/../lib/gcc/arm-none-eabi/4.7.1/../../../../arm-none-eabi/lib/thumb/libg.a(lib_a-freer.o)
                0x02013bac                _malloc_trim_r
                0x02013c50                _free_r
 .text          0x02013de4      0x328 /opt/devkitPro/devkitARM/bin/../lib/gcc/arm-none-eabi/4.7.1/../../../../arm-none-eabi/lib/thumb/libg.a(lib_a-fseek.o)
                0x02013de4                _fseek_r
                0x020140e8                fseek
 .text          0x0201410c       0xb4 /opt/devkitPro/devkitARM/bin/../lib/gcc/arm-none-eabi/4.7.1/../../../../arm-none-eabi/lib/thumb/libg.a(lib_a-fwalk.o)
                0x0201410c                _fwalk
                0x02014160                _fwalk_reent
 .text          0x020141c0        0x0 /opt/devkitPro/devkitARM/bin/../lib/gcc/arm-none-eabi/4.7.1/../../../../arm-none-eabi/lib/thumb/libg.a(lib_a-impure.o)
 .text          0x020141c0       0x54 /opt/devkitPro/devkitARM/bin/../lib/gcc/arm-none-eabi/4.7.1/../../../../arm-none-eabi/lib/thumb/libg.a(lib_a-init.o)
                0x020141c0                __libc_init_array
 .text          0x02014214       0x40 /opt/devkitPro/devkitARM/bin/../lib/gcc/arm-none-eabi/4.7.1/../../../../arm-none-eabi/lib/thumb/libg.a(lib_a-iprintf.o)
                0x02014214                iprintf
                0x02014238                _iprintf_r
 .text          0x02014254       0x10 /opt/devkitPro/devkitARM/bin/../lib/gcc/arm-none-eabi/4.7.1/../../../../arm-none-eabi/lib/thumb/libg.a(lib_a-lcltime_r.o)
                0x02014254                localtime_r
 .text          0x02014264      0x950 /opt/devkitPro/devkitARM/bin/../lib/gcc/arm-none-eabi/4.7.1/../../../../arm-none-eabi/lib/thumb/libg.a(lib_a-locale.o)
                0x02014958                _setlocale_r
                0x02014b54                __locale_charset
                0x02014b5c                __locale_mb_cur_max
                0x02014b68                __locale_msgcharset
                0x02014b74                __locale_cjk_lang
                0x02014b80                _localeconv_r
                0x02014b8c                setlocale
                0x02014ba8                localeconv
 .text          0x02014bb4       0xe0 /opt/devkitPro/devkitARM/bin/../lib/gcc/arm-none-eabi/4.7.1/../../../../arm-none-eabi/lib/thumb/libg.a(lib_a-makebuf.o)
                0x02014bb4                __smakebuf_r
 .text          0x02014c94       0x30 /opt/devkitPro/devkitARM/bin/../lib/gcc/arm-none-eabi/4.7.1/../../../../arm-none-eabi/lib/thumb/libg.a(lib_a-malloc.o)
                0x02014c94                malloc
                0x02014cac                free
 .text          0x02014cc4      0x51c /opt/devkitPro/devkitARM/bin/../lib/gcc/arm-none-eabi/4.7.1/../../../../arm-none-eabi/lib/thumb/libg.a(lib_a-mallocr.o)
                0x02014cc4                _malloc_r
 .text          0x020151e0      0x104 /opt/devkitPro/devkitARM/bin/../lib/gcc/arm-none-eabi/4.7.1/../../../../arm-none-eabi/lib/thumb/libg.a(lib_a-mbrtowc.o)
                0x020151e0                _mbrtowc_r
                0x02015258                mbrtowc
 .text          0x020152e4       0x40 /opt/devkitPro/devkitARM/bin/../lib/gcc/arm-none-eabi/4.7.1/../../../../arm-none-eabi/lib/thumb/libg.a(lib_a-mbsrtowcs.o)
                0x020152e4                _mbsrtowcs_r
                0x020152fc                mbsrtowcs
 .text          0x02015324      0x584 /opt/devkitPro/devkitARM/bin/../lib/gcc/arm-none-eabi/4.7.1/../../../../arm-none-eabi/lib/thumb/libg.a(lib_a-mbtowc_r.o)
                0x02015324                __utf8_mbtowc
                0x02015584                _mbtowc_r
                0x020155c0                __ascii_mbtowc
                0x020155f0                __sjis_mbtowc
                0x020156b0                __eucjp_mbtowc
                0x02015778                __jis_mbtowc
 .text          0x020158a8       0x60 /opt/devkitPro/devkitARM/bin/../lib/gcc/arm-none-eabi/4.7.1/../../../../arm-none-eabi/lib/thumb/libg.a(lib_a-memcmp.o)
                0x020158a8                memcmp
 .text          0x02015908       0x90 /opt/devkitPro/devkitARM/bin/../lib/gcc/arm-none-eabi/4.7.1/../../../../arm-none-eabi/lib/thumb/libg.a(lib_a-memcpy-stub.o)
                0x02015908                memcpy
 .text          0x02015998       0xb0 /opt/devkitPro/devkitARM/bin/../lib/gcc/arm-none-eabi/4.7.1/../../../../arm-none-eabi/lib/thumb/libg.a(lib_a-memmove.o)
                0x02015998                memmove
 .text          0x02015a48       0x98 /opt/devkitPro/devkitARM/bin/../lib/gcc/arm-none-eabi/4.7.1/../../../../arm-none-eabi/lib/thumb/libg.a(lib_a-memset.o)
                0x02015a48                memset
 .text          0x02015ae0      0x508 /opt/devkitPro/devkitARM/bin/../lib/gcc/arm-none-eabi/4.7.1/../../../../arm-none-eabi/lib/thumb/libg.a(lib_a-mktime.o)
                0x02015cb4                mktime
 .text          0x02015fe8      0x498 /opt/devkitPro/devkitARM/bin/../lib/gcc/arm-none-eabi/4.7.1/../../../../arm-none-eabi/lib/thumb/libg.a(lib_a-mktm_r.o)
                0x02015fe8                __tzcalc_limits
                0x02016184                _mktm_r
 .text          0x02016480        0x8 /opt/devkitPro/devkitARM/bin/../lib/gcc/arm-none-eabi/4.7.1/../../../../arm-none-eabi/lib/thumb/libg.a(lib_a-mlock.o)
                0x02016480                __malloc_lock
                0x02016484                __malloc_unlock
 .text          0x02016488       0x1c /opt/devkitPro/devkitARM/bin/../lib/gcc/arm-none-eabi/4.7.1/../../../../arm-none-eabi/lib/thumb/libg.a(lib_a-realloc.o)
                0x02016488                realloc
 .text          0x020164a4      0x3e8 /opt/devkitPro/devkitARM/bin/../lib/gcc/arm-none-eabi/4.7.1/../../../../arm-none-eabi/lib/thumb/libg.a(lib_a-reallocr.o)
                0x020164a4                _realloc_r
 .text          0x0201688c      0x144 /opt/devkitPro/devkitARM/bin/../lib/gcc/arm-none-eabi/4.7.1/../../../../arm-none-eabi/lib/thumb/libg.a(lib_a-refill.o)
                0x020168ac                __srefill_r
 .text          0x020169d0      0x120 /opt/devkitPro/devkitARM/bin/../lib/gcc/arm-none-eabi/4.7.1/../../../../arm-none-eabi/lib/thumb/libg.a(lib_a-setvbuf.o)
                0x020169d0                setvbuf
 .text          0x02016af0       0xa0 /opt/devkitPro/devkitARM/bin/../lib/gcc/arm-none-eabi/4.7.1/../../../../arm-none-eabi/lib/thumb/libg.a(lib_a-siscanf.o)
                0x02016af0                siscanf
                0x02016b40                _siscanf_r
 .text          0x02016b90       0xac /opt/devkitPro/devkitARM/bin/../lib/gcc/arm-none-eabi/4.7.1/../../../../arm-none-eabi/lib/thumb/libg.a(lib_a-stdio.o)
                0x02016b90                __sread
                0x02016bbc                __seofread
                0x02016bc0                __swrite
                0x02016bfc                __sseek
                0x02016c2c                __sclose
 .text          0x02016c3c       0x48 /opt/devkitPro/devkitARM/bin/../lib/gcc/arm-none-eabi/4.7.1/../../../../arm-none-eabi/lib/thumb/libg.a(lib_a-stpcpy.o)
                0x02016c3c                stpcpy
 .text          0x02016c84       0x50 /opt/devkitPro/devkitARM/bin/../lib/gcc/arm-none-eabi/4.7.1/../../../../arm-none-eabi/lib/thumb/libg.a(lib_a-strcasecmp.o)
                0x02016c84                strcasecmp
 .text          0x02016cd4       0x50 /opt/devkitPro/devkitARM/bin/../lib/gcc/arm-none-eabi/4.7.1/../../../../arm-none-eabi/lib/thumb/libg.a(lib_a-strcat.o)
                0x02016cd4                strcat
 .text          0x02016d24       0xd4 /opt/devkitPro/devkitARM/bin/../lib/gcc/arm-none-eabi/4.7.1/../../../../arm-none-eabi/lib/thumb/libg.a(lib_a-strchr.o)
                0x02016d24                strchr
 .text          0x02016df8       0x14 /opt/devkitPro/devkitARM/bin/../lib/gcc/arm-none-eabi/4.7.1/../../../../arm-none-eabi/lib/thumb/libg.a(lib_a-strcmp.o)
                0x02016df8                strcmp
 .text          0x02016e0c       0x10 /opt/devkitPro/devkitARM/bin/../lib/gcc/arm-none-eabi/4.7.1/../../../../arm-none-eabi/lib/thumb/libg.a(lib_a-strcpy.o)
                0x02016e0c                strcpy
 .text          0x02016e1c       0x48 /opt/devkitPro/devkitARM/bin/../lib/gcc/arm-none-eabi/4.7.1/../../../../arm-none-eabi/lib/thumb/libg.a(lib_a-strlcpy.o)
                0x02016e1c                strlcpy
 .text          0x02016e64       0x10 /opt/devkitPro/devkitARM/bin/../lib/gcc/arm-none-eabi/4.7.1/../../../../arm-none-eabi/lib/thumb/libg.a(lib_a-strlen.o)
                0x02016e64                strlen
 .text          0x02016e74       0x60 /opt/devkitPro/devkitARM/bin/../lib/gcc/arm-none-eabi/4.7.1/../../../../arm-none-eabi/lib/thumb/libg.a(lib_a-strncasecmp.o)
                0x02016e74                strncasecmp
 .text          0x02016ed4       0xbc /opt/devkitPro/devkitARM/bin/../lib/gcc/arm-none-eabi/4.7.1/../../../../arm-none-eabi/lib/thumb/libg.a(lib_a-strncmp.o)
                0x02016ed4                strncmp
 .text          0x02016f90       0x60 /opt/devkitPro/devkitARM/bin/../lib/gcc/arm-none-eabi/4.7.1/../../../../arm-none-eabi/lib/thumb/libg.a(lib_a-strncpy.o)
                0x02016f90                strncpy
 .text          0x02016ff0       0x34 /opt/devkitPro/devkitARM/bin/../lib/gcc/arm-none-eabi/4.7.1/../../../../arm-none-eabi/lib/thumb/libg.a(lib_a-strnlen.o)
                0x02016ff0                strnlen
 .text          0x02017024       0x50 /opt/devkitPro/devkitARM/bin/../lib/gcc/arm-none-eabi/4.7.1/../../../../arm-none-eabi/lib/thumb/libg.a(lib_a-strpbrk.o)
                0x02017024                strpbrk
 .text          0x02017074       0x2c /opt/devkitPro/devkitARM/bin/../lib/gcc/arm-none-eabi/4.7.1/../../../../arm-none-eabi/lib/thumb/libg.a(lib_a-strrchr.o)
                0x02017074                strrchr
 .text          0x020170a0      0x190 /opt/devkitPro/devkitARM/bin/../lib/gcc/arm-none-eabi/4.7.1/../../../../arm-none-eabi/lib/thumb/libg.a(lib_a-strtol.o)
                0x020170a0                _strtol_r
                0x02017210                strtol
 .text          0x02017230      0xa98 /opt/devkitPro/devkitARM/bin/../lib/gcc/arm-none-eabi/4.7.1/../../../../arm-none-eabi/lib/thumb/libg.a(lib_a-svfiscanf.o)
                0x02017230                _sungetc_r
                0x020172b8                __ssrefill_r
                0x020172fc                _sfread_r
                0x02017388                __ssvfiscanf_r
 .text          0x02017cc8       0x18 /opt/devkitPro/devkitARM/bin/../lib/gcc/arm-none-eabi/4.7.1/../../../../arm-none-eabi/lib/thumb/libg.a(lib_a-sysclose.o)
                0x02017cc8                close
 .text          0x02017ce0       0x20 /opt/devkitPro/devkitARM/bin/../lib/gcc/arm-none-eabi/4.7.1/../../../../arm-none-eabi/lib/thumb/libg.a(lib_a-syslseek.o)
                0x02017ce0                lseek
 .text          0x02017d00       0x24 /opt/devkitPro/devkitARM/bin/../lib/gcc/arm-none-eabi/4.7.1/../../../../arm-none-eabi/lib/thumb/libg.a(lib_a-sysopen.o)
                0x02017d00                open
 .text          0x02017d24       0x20 /opt/devkitPro/devkitARM/bin/../lib/gcc/arm-none-eabi/4.7.1/../../../../arm-none-eabi/lib/thumb/libg.a(lib_a-sysread.o)
                0x02017d24                read
 .text          0x02017d44       0x1c /opt/devkitPro/devkitARM/bin/../lib/gcc/arm-none-eabi/4.7.1/../../../../arm-none-eabi/lib/thumb/libg.a(lib_a-sysstat.o)
                0x02017d44                stat
 .text          0x02017d60       0x20 /opt/devkitPro/devkitARM/bin/../lib/gcc/arm-none-eabi/4.7.1/../../../../arm-none-eabi/lib/thumb/libg.a(lib_a-syswrite.o)
                0x02017d60                write
 .text          0x02017d80       0x30 /opt/devkitPro/devkitARM/bin/../lib/gcc/arm-none-eabi/4.7.1/../../../../arm-none-eabi/lib/thumb/libg.a(lib_a-time.o)
                0x02017d80                time
 .text          0x02017db0      0x730 /opt/devkitPro/devkitARM/bin/../lib/gcc/arm-none-eabi/4.7.1/../../../../arm-none-eabi/lib/thumb/libg.a(lib_a-towlower.o)
                0x02017db0                towlower
 .text          0x020184e0      0x9dc /opt/devkitPro/devkitARM/bin/../lib/gcc/arm-none-eabi/4.7.1/../../../../arm-none-eabi/lib/thumb/libg.a(lib_a-towupper.o)
                0x020184e0                towupper
 .text          0x02018ebc        0x8 /opt/devkitPro/devkitARM/bin/../lib/gcc/arm-none-eabi/4.7.1/../../../../arm-none-eabi/lib/thumb/libg.a(lib_a-tzlock.o)
                0x02018ebc                __tz_lock
                0x02018ec0                __tz_unlock
 .text          0x02018ec4        0x0 /opt/devkitPro/devkitARM/bin/../lib/gcc/arm-none-eabi/4.7.1/../../../../arm-none-eabi/lib/thumb/libg.a(lib_a-tzvars.o)
 .text          0x02018ec4      0x188 /opt/devkitPro/devkitARM/bin/../lib/gcc/arm-none-eabi/4.7.1/../../../../arm-none-eabi/lib/thumb/libg.a(lib_a-ungetc.o)
                0x02018ec4                __submore
                0x02018f4c                _ungetc_r
                0x02019030                ungetc
 .text          0x0201904c      0xed4 /opt/devkitPro/devkitARM/bin/../lib/gcc/arm-none-eabi/4.7.1/../../../../arm-none-eabi/lib/thumb/libg.a(lib_a-vfiprintf.o)
                0x0201904c                __sprint_r
                0x020190d0                _vfiprintf_r
                0x02019efc                vfiprintf
 .text          0x02019f20       0xe8 /opt/devkitPro/devkitARM/bin/../lib/gcc/arm-none-eabi/4.7.1/../../../../arm-none-eabi/lib/thumb/libg.a(lib_a-wcrtomb.o)
                0x02019f20                _wcrtomb_r
                0x02019f88                wcrtomb
 .text          0x0201a008       0x40 /opt/devkitPro/devkitARM/bin/../lib/gcc/arm-none-eabi/4.7.1/../../../../arm-none-eabi/lib/thumb/libg.a(lib_a-wcsrtombs.o)
                0x0201a008                _wcsrtombs_r
                0x0201a020                wcsrtombs
 .text          0x0201a048       0x54 /opt/devkitPro/devkitARM/bin/../lib/gcc/arm-none-eabi/4.7.1/../../../../arm-none-eabi/lib/thumb/libg.a(lib_a-wctob.o)
                0x0201a048                wctob
 .text          0x0201a09c      0x2a4 /opt/devkitPro/devkitARM/bin/../lib/gcc/arm-none-eabi/4.7.1/../../../../arm-none-eabi/lib/thumb/libg.a(lib_a-wctomb_r.o)
                0x0201a09c                __utf8_wctomb
                0x0201a150                _wctomb_r
                0x0201a188                __ascii_wctomb
                0x0201a1a8                __sjis_wctomb
                0x0201a224                __eucjp_wctomb
                0x0201a2c0                __jis_wctomb
 .text          0x0201a340       0xd0 /opt/devkitPro/devkitARM/bin/../lib/gcc/arm-none-eabi/4.7.1/../../../../arm-none-eabi/lib/thumb/libg.a(lib_a-wsetup.o)
                0x0201a340                __swsetup_r
 .text          0x0201a410       0x40 /opt/devkitPro/devkitARM/bin/../lib/gcc/arm-none-eabi/4.7.1/../../../../arm-none-eabi/lib/thumb/libg.a(lib_a-div.o)
                0x0201a410                div
 .text          0x0201a450       0x70 /opt/devkitPro/devkitARM/bin/../lib/gcc/arm-none-eabi/4.7.1/../../../../arm-none-eabi/lib/thumb/libg.a(lib_a-flags.o)
                0x0201a450                __sflags
 .text          0x0201a4c0      0x104 /opt/devkitPro/devkitARM/bin/../lib/gcc/arm-none-eabi/4.7.1/../../../../arm-none-eabi/lib/thumb/libg.a(lib_a-fputwc.o)
                0x0201a4c0                _fputwc_r
                0x0201a598                fputwc
 .text          0x0201a5c4      0x2fc /opt/devkitPro/devkitARM/bin/../lib/gcc/arm-none-eabi/4.7.1/../../../../arm-none-eabi/lib/thumb/libg.a(lib_a-fvwrite.o)
                0x0201a5c4                __sfvwrite_r
 .text          0x0201a8c0       0xa8 /opt/devkitPro/devkitARM/bin/../lib/gcc/arm-none-eabi/4.7.1/../../../../arm-none-eabi/lib/thumb/libg.a(lib_a-getenv_r.o)
                0x0201a8c0                _findenv_r
                0x0201a958                _getenv_r
 .text          0x0201a968        0x8 /opt/devkitPro/devkitARM/bin/../lib/gcc/arm-none-eabi/4.7.1/../../../../arm-none-eabi/lib/thumb/libg.a(lib_a-gettzinfo.o)
                0x0201a968                __gettzinfo
 .text          0x0201a970       0x78 /opt/devkitPro/devkitARM/bin/../lib/gcc/arm-none-eabi/4.7.1/../../../../arm-none-eabi/lib/thumb/libg.a(lib_a-iswspace.o)
                0x0201a970                iswspace
 .text          0x0201a9e8      0x1f0 /opt/devkitPro/devkitARM/bin/../lib/gcc/arm-none-eabi/4.7.1/../../../../arm-none-eabi/lib/thumb/libg.a(lib_a-jp2uc.o)
                0x0201ab74                _jp2uc
 .text          0x0201abd8       0xe8 /opt/devkitPro/devkitARM/bin/../lib/gcc/arm-none-eabi/4.7.1/../../../../arm-none-eabi/lib/thumb/libg.a(lib_a-mbsnrtowcs.o)
                0x0201abd8                _mbsnrtowcs_r
                0x0201ac94                mbsnrtowcs
 .text          0x0201acc0       0x98 /opt/devkitPro/devkitARM/bin/../lib/gcc/arm-none-eabi/4.7.1/../../../../arm-none-eabi/lib/thumb/libg.a(lib_a-memchr-stub.o)
                0x0201acc0                memchr
 .text          0x0201ad58       0x7c /opt/devkitPro/devkitARM/bin/../lib/gcc/arm-none-eabi/4.7.1/../../../../arm-none-eabi/lib/thumb/libg.a(lib_a-sccl.o)
                0x0201ad58                __sccl
 *fill*         0x0201add4        0x4 ff
 .text          0x0201add8      0x208 /opt/devkitPro/devkitARM/bin/../lib/gcc/arm-none-eabi/4.7.1/../../../../arm-none-eabi/lib/thumb/libg.a(lib_a-strtoll_r.o)
                0x0201add8                _strtoll_r
 .text          0x0201afe0      0x198 /opt/devkitPro/devkitARM/bin/../lib/gcc/arm-none-eabi/4.7.1/../../../../arm-none-eabi/lib/thumb/libg.a(lib_a-strtoul.o)
                0x0201afe0                _strtoul_r
                0x0201b158                strtoul
 .text          0x0201b178      0x238 /opt/devkitPro/devkitARM/bin/../lib/gcc/arm-none-eabi/4.7.1/../../../../arm-none-eabi/lib/thumb/libg.a(lib_a-strtoull_r.o)
                0x0201b178                _strtoull_r
 .text          0x0201b3b0       0xd0 /opt/devkitPro/devkitARM/bin/../lib/gcc/arm-none-eabi/4.7.1/../../../../arm-none-eabi/lib/thumb/libg.a(lib_a-wbuf.o)
                0x0201b3b0                __swbuf_r
                0x0201b464                __swbuf
 .text          0x0201b480      0x150 /opt/devkitPro/devkitARM/bin/../lib/gcc/arm-none-eabi/4.7.1/../../../../arm-none-eabi/lib/thumb/libg.a(lib_a-wcsnrtombs.o)
                0x0201b480                _wcsnrtombs_r
                0x0201b5a0                wcsnrtombs
 .text          0x0201b5d0        0x0 /opt/devkitPro/devkitARM/bin/../lib/gcc/arm-none-eabi/4.7.1/../../../../arm-none-eabi/lib/thumb/libg.a(lib_a-environ.o)
 .text          0x0201b5d0        0x8 /opt/devkitPro/devkitARM/bin/../lib/gcc/arm-none-eabi/4.7.1/../../../../arm-none-eabi/lib/thumb/libg.a(lib_a-envlock.o)
                0x0201b5d0                __env_lock
                0x0201b5d4                __env_unlock
 .text          0x0201b5d8      0x144 /opt/devkitPro/devkitARM/bin/../lib/gcc/arm-none-eabi/4.7.1/../../../../arm-none-eabi/lib/thumb/libsysbase.a(iosupport.o)
                0x0201b5d8                setDefaultDevice
                0x0201b5ec                FindDevice
                0x0201b65c                RemoveDevice
                0x0201b680                AddDevice
                0x0201b6fc                GetDeviceOpTab
 .text          0x0201b71c       0x50 /opt/devkitPro/devkitARM/bin/../lib/gcc/arm-none-eabi/4.7.1/../../../../arm-none-eabi/lib/thumb/libsysbase.a(close.o)
                0x0201b71c                _close_r
 .text          0x0201b76c       0x50 /opt/devkitPro/devkitARM/bin/../lib/gcc/arm-none-eabi/4.7.1/../../../../arm-none-eabi/lib/thumb/libsysbase.a(fstat.o)
                0x0201b76c                _fstat_r
 .text          0x0201b7bc        0x4 /opt/devkitPro/devkitARM/bin/../lib/gcc/arm-none-eabi/4.7.1/../../../../arm-none-eabi/lib/thumb/libsysbase.a(isatty.o)
                0x0201b7bc                _isatty_r
 .text          0x0201b7c0       0x50 /opt/devkitPro/devkitARM/bin/../lib/gcc/arm-none-eabi/4.7.1/../../../../arm-none-eabi/lib/thumb/libsysbase.a(lseek.o)
                0x0201b7c0                _lseek_r
 .text          0x0201b810       0xa0 /opt/devkitPro/devkitARM/bin/../lib/gcc/arm-none-eabi/4.7.1/../../../../arm-none-eabi/lib/thumb/libsysbase.a(open.o)
                0x0201b810                _open_r
 .text          0x0201b8b0       0x50 /opt/devkitPro/devkitARM/bin/../lib/gcc/arm-none-eabi/4.7.1/../../../../arm-none-eabi/lib/thumb/libsysbase.a(read.o)
                0x0201b8b0                _read_r
 .text          0x0201b900       0x54 /opt/devkitPro/devkitARM/bin/../lib/gcc/arm-none-eabi/4.7.1/../../../../arm-none-eabi/lib/thumb/libsysbase.a(sbrk.o)
                0x0201b900                _sbrk_r
 .text          0x0201b954       0x40 /opt/devkitPro/devkitARM/bin/../lib/gcc/arm-none-eabi/4.7.1/../../../../arm-none-eabi/lib/thumb/libsysbase.a(stat.o)
                0x0201b954                _stat_r
 .text          0x0201b994       0x44 /opt/devkitPro/devkitARM/bin/../lib/gcc/arm-none-eabi/4.7.1/../../../../arm-none-eabi/lib/thumb/libsysbase.a(times.o)
                0x0201b994                _times
                0x0201b9a8                _times_r
                0x0201b9b0                _gettimeofday_r
 .text          0x0201b9d8       0x58 /opt/devkitPro/devkitARM/bin/../lib/gcc/arm-none-eabi/4.7.1/../../../../arm-none-eabi/lib/thumb/libsysbase.a(write.o)
                0x0201b9d8                _write_r
 .text          0x0201ba30        0x0 /opt/devkitPro/devkitARM/bin/../lib/gcc/arm-none-eabi/4.7.1/../../../../arm-none-eabi/lib/thumb/libsysbase.a(malloc_vars.o)
 .text          0x0201ba30      0x24c /opt/devkitPro/devkitARM/bin/../lib/gcc/arm-none-eabi/4.7.1/../../../../arm-none-eabi/lib/thumb/libsysbase.a(chdir.o)
                0x0201ba30                _concatenate_path
                0x0201bb4c                chdir
                0x0201bc2c                getcwd
 .text          0x0201bc7c       0x4c /opt/devkitPro/devkitARM/bin/../lib/gcc/arm-none-eabi/4.7.1/../../../../arm-none-eabi/lib/thumb/libsysbase.a(build_argv.o)
                0x0201bc7c                build_argv
 .text          0x0201bcc8        0x0 /opt/devkitPro/devkitARM/bin/../lib/gcc/arm-none-eabi/4.7.1/../../../../arm-none-eabi/lib/thumb/libsysbase.a(syscall_support.o)
 .text          0x0201bcc8       0x84 /opt/devkitPro/devkitARM/bin/../lib/gcc/arm-none-eabi/4.7.1/../../../../arm-none-eabi/lib/thumb/libsysbase.a(handle_manager.o)
                0x0201bcc8                __release_handle
                0x0201bcf4                __alloc_handle
                0x0201bd2c                __get_handle
 .text          0x0201bd4c      0x340 /opt/devkitPro/devkitARM/bin/../lib/gcc/arm-none-eabi/4.7.1/../../../../arm-none-eabi/lib/thumb/libsysbase.a(dirent.o)
                0x0201bdcc                opendir
                0x0201be78                closedir
                0x0201bed8                readdir
                0x0201bf7c                readdir_r
                0x0201c008                rewinddir
                0x0201c020                seekdir
                0x0201c074                telldir
 .text          0x0201c08c       0x3c /opt/devkitPro/devkitARM/bin/../lib/gcc/arm-none-eabi/4.7.1/thumb/libgcc.a(_aeabi_uldivmod.o)
                0x0201c08c                __aeabi_uldivmod
 .text          0x0201c0c8       0x7c /opt/devkitPro/devkitARM/bin/../lib/gcc/arm-none-eabi/4.7.1/thumb/libgcc.a(bpabi.o)
                0x0201c0c8                __gnu_ldivmod_helper
                0x0201c108                __gnu_uldivmod_helper
 .text          0x0201c144      0x3d4 /opt/devkitPro/devkitARM/bin/../lib/gcc/arm-none-eabi/4.7.1/thumb/libgcc.a(_divdi3.o)
                0x0201c144                __divdi3
 .text          0x0201c518      0x3a0 /opt/devkitPro/devkitARM/bin/../lib/gcc/arm-none-eabi/4.7.1/thumb/libgcc.a(_udivdi3.o)
                0x0201c518                __udivdi3
 .text          0x0201c8b8       0x48 /opt/devkitPro/devkitARM/bin/../lib/gcc/arm-none-eabi/4.7.1/thumb/libgcc.a(_clzsi2.o)
                0x0201c8b8                __clzsi2
 .text          0x0201c900        0xc /opt/devkitPro/devkitARM/bin/../lib/gcc/arm-none-eabi/4.7.1/../../../../arm-none-eabi/lib/thumb/libg.a(lib_a-errno.o)
                0x0201c900                __errno
 .text          0x0201c90c        0x0 /opt/devkitPro/devkitARM/bin/../lib/gcc/arm-none-eabi/4.7.1/thumb/crtend.o
 .text          0x0201c90c        0x0 /opt/devkitPro/devkitARM/bin/../lib/gcc/arm-none-eabi/4.7.1/thumb/crtn.o
 *(.text.*)
 .text.startup  0x0201c90c       0x44 main.o
                0x0201c90c                main
 .text.startup.stub
                0x0201c950       0x88 linker stubs
 *(.stub)
 *(.gnu.warning)
 *(.gnu.linkonce.t*)
 *(.glue_7)
 .glue_7        0x00000000        0x0 linker stubs
 *(.glue_7t)
 .glue_7t       0x00000000        0x0 linker stubs
                0x0201c9d8                . = ALIGN (0x4)

.vfp11_veneer   0x0201c9e8        0x0
 .vfp11_veneer  0x00000000        0x0 linker stubs

.v4_bx          0x0201c9e8        0x0
 .v4_bx         0x00000000        0x0 linker stubs

.iplt           0x0201c9e8        0x0
 .iplt          0x00000000        0x0 /opt/devkitPro/devkitARM/bin/../lib/gcc/arm-none-eabi/4.7.1/../../../../arm-none-eabi/lib/thumb/ds_arm9_crt0.o

.fini           0x0201c9e8        0xc
 *(.fini)
 .fini          0x0201c9e8        0x4 /opt/devkitPro/devkitARM/bin/../lib/gcc/arm-none-eabi/4.7.1/thumb/crti.o
                0x0201c9e8                _fini
 .fini          0x0201c9ec        0x8 /opt/devkitPro/devkitARM/bin/../lib/gcc/arm-none-eabi/4.7.1/thumb/crtn.o
                0x0201c9f4                __text_end = .

.rodata         0x0201c9f4    0xde8ac
 *(.rodata)
 .rodata        0x0201c9f4     0xf200 sprites.o
                0x0201c9f4                spritesTiles
                0x0202b9f4                spritesPal
 .rodata        0x0202bbf4    0x601c0 ocean.bin.o
                0x0202bbf4                ocean_bin
                0x0208bdb0                ocean_bin_end
                0x0208bdb0                ocean_bin_size
 .rodata        0x0208bdb4    0x2bc7c soundbank.bin.o
                0x0208bdb4                soundbank_bin
                0x020b7a2c                soundbank_bin_end
                0x020b7a2c                soundbank_bin_size
 .rodata        0x020b7a30    0x10200 bg_menu_main.o
                0x020b7a30                bg_menu_mainBitmap
                0x020c7a30                bg_menu_mainPal
 .rodata        0x020c7c30    0x10200 bg_menu_sub.o
                0x020c7c30                bg_menu_subBitmap
                0x020d7c30                bg_menu_subPal
 .rodata        0x020d7e30    0x10200 bg_play.o
                0x020d7e30                bg_playBitmap
                0x020e7e30                bg_playPal
 .rodata        0x020e8030     0xc200 bg_play2.o
                0x020e8030                bg_play2Bitmap
                0x020f4030                bg_play2Pal
 .rodata        0x020f4230       0x64 /opt/devkitpro/libnds/lib/libfat.a(libfat.o)
 .rodata        0x020f4294        0xc /opt/devkitpro/libnds/lib/libfat.a(partition.o)
 .rodata        0x020f42a0       0x54 /opt/devkitpro/libnds/lib/libfat.a(directory.o)
 .rodata        0x020f42f4       0x18 /opt/devkitpro/libnds/lib/libfat.a(disc.o)
                0x020f42f4                _FAT_disc_interfaces
 .rodata        0x020f430c      0x200 /opt/devkitpro/libnds/lib/libnds9.a(console.o)
 .rodata        0x020f450c      0x308 /opt/devkitpro/libnds/lib/libnds9.a(trig.o)
                0x020f450c                SIN_LUT
                0x020f4610                TAN_LUT
 .rodata        0x020f4814       0x8c /opt/devkitpro/libnds/lib/libnds9.a(videoGL.o)
 .rodata        0x020f48a0        0xc /opt/devkitpro/libnds/lib/libnds9.a(dldi.o)
                0x020f48a0                DLDI_MAGIC_STRING_BACKWARDS
                0x020f48a8                DLDI_MAGIC_NUMBER
 .rodata        0x020f48ac       0x20 /opt/devkitpro/libnds/lib/libnds9.a(dsi_sd.o)
                0x020f48ac                __io_dsisd
 .rodata        0x020f48cc     0x2004 /opt/devkitpro/libnds/lib/libnds9.a(default_font.bin.o)
                0x020f48cc                default_font_bin
                0x020f68cc                default_font_bin_end
                0x020f68cc                default_font_bin_size
 .rodata        0x020f68d0      0x104 /opt/devkitPro/devkitARM/bin/../lib/gcc/arm-none-eabi/4.7.1/../../../../arm-none-eabi/lib/thumb/libg.a(lib_a-ctype_.o)
                0x020f68d0                _ctype_
 .rodata        0x020f69d4        0x4 /opt/devkitPro/devkitARM/bin/../lib/gcc/arm-none-eabi/4.7.1/../../../../arm-none-eabi/lib/thumb/libg.a(lib_a-impure.o)
                0x020f69d4                _global_impure_ptr
 .rodata        0x020f69d8       0xf0 /opt/devkitPro/devkitARM/bin/../lib/gcc/arm-none-eabi/4.7.1/../../../../arm-none-eabi/lib/thumb/libg.a(lib_a-locale.o)
 .rodata        0x020f6ac8       0xa8 /opt/devkitPro/devkitARM/bin/../lib/gcc/arm-none-eabi/4.7.1/../../../../arm-none-eabi/lib/thumb/libg.a(lib_a-mbtowc_r.o)
 .rodata        0x020f6b70       0x60 /opt/devkitPro/devkitARM/bin/../lib/gcc/arm-none-eabi/4.7.1/../../../../arm-none-eabi/lib/thumb/libg.a(lib_a-mktime.o)
 .rodata        0x020f6bd0       0x68 /opt/devkitPro/devkitARM/bin/../lib/gcc/arm-none-eabi/4.7.1/../../../../arm-none-eabi/lib/thumb/libg.a(lib_a-mktm_r.o)
 .rodata        0x020f6c38      0x340 /opt/devkitPro/devkitARM/bin/../lib/gcc/arm-none-eabi/4.7.1/../../../../arm-none-eabi/lib/thumb/libg.a(lib_a-svfiscanf.o)
 .rodata        0x020f6f78      0x580 /opt/devkitPro/devkitARM/bin/../lib/gcc/arm-none-eabi/4.7.1/../../../../arm-none-eabi/lib/thumb/libg.a(lib_a-towlower.o)
 .rodata        0x020f74f8      0x3e4 /opt/devkitPro/devkitARM/bin/../lib/gcc/arm-none-eabi/4.7.1/../../../../arm-none-eabi/lib/thumb/libg.a(lib_a-towupper.o)
 .rodata        0x020f78dc      0x184 /opt/devkitPro/devkitARM/bin/../lib/gcc/arm-none-eabi/4.7.1/../../../../arm-none-eabi/lib/thumb/libg.a(lib_a-vfiprintf.o)
 .rodata        0x020f7a60     0x34f0 /opt/devkitPro/devkitARM/bin/../lib/gcc/arm-none-eabi/4.7.1/../../../../arm-none-eabi/lib/thumb/libg.a(lib_a-jp2uc.o)
 .rodata        0x020faf50       0x64 /opt/devkitPro/devkitARM/bin/../lib/gcc/arm-none-eabi/4.7.1/../../../../arm-none-eabi/lib/thumb/libsysbase.a(iosupport.o)
                0x020faf50                dotab_stdnull
 .rodata        0x020fafb4        0xc /opt/devkitPro/devkitARM/bin/../lib/gcc/arm-none-eabi/4.7.1/../../../../arm-none-eabi/lib/thumb/libsysbase.a(chdir.o)
                0x020fafb4                DIRECTORY_PARENT
                0x020fafb8                DIRECTORY_THIS
                0x020fafbc                DIRECTORY_SEPARATOR
 *all.rodata*(*)
 *(.roda)
 *(.rodata.*)
 .rodata.str1.4
                0x020fafc0       0x6d 3D_engine.o
                                 0x70 (size before relaxing)
 *fill*         0x020fb02d        0x3 ff
 .rodata.str1.4
                0x020fb030       0x5d saving_engine.o
                                 0x60 (size before relaxing)
 *fill*         0x020fb08d        0x3 ff
 .rodata.str1.4
                0x020fb090       0x14 /opt/devkitpro/libnds/lib/libfat.a(libfat.o)
 .rodata.str1.4
                0x00000000        0x8 /opt/devkitpro/libnds/lib/libfat.a(directory.o)
 .rodata.str1.4
                0x020fb0a4        0x3 /opt/devkitpro/libnds/lib/libfat.a(disc.o)
                                  0x8 (size before relaxing)
 *fill*         0x020fb0a7        0x1 ff
 .rodata.str1.4
                0x020fb0a8        0x5 /opt/devkitpro/libnds/lib/libfat.a(fatdir.o)
                                  0x8 (size before relaxing)
 *fill*         0x020fb0ad        0x3 ff
 .rodata.str1.4
                0x020fb0b0       0x49 /opt/devkitpro/libnds/lib/libnds9.a(console.o)
                                 0x4c (size before relaxing)
 *fill*         0x020fb0f9        0x3 ff
 .rodata.str1.4
                0x020fb0fc       0x44 /opt/devkitpro/libnds/lib/libnds9.a(sassert.o)
 .rodata.str1.4
                0x020fb140        0x2 /opt/devkitPro/devkitARM/bin/../lib/gcc/arm-none-eabi/4.7.1/../../../../arm-none-eabi/lib/thumb/libg.a(lib_a-impure.o)
                                  0x4 (size before relaxing)
 *fill*         0x020fb142        0x2 ff
 .rodata.str1.4
                0x020fb144      0x120 /opt/devkitPro/devkitARM/bin/../lib/gcc/arm-none-eabi/4.7.1/../../../../arm-none-eabi/lib/thumb/libg.a(lib_a-locale.o)
                                0x130 (size before relaxing)
 .rodata.str1.4
                0x00000000        0x4 /opt/devkitPro/devkitARM/bin/../lib/gcc/arm-none-eabi/4.7.1/../../../../arm-none-eabi/lib/thumb/libg.a(lib_a-mbrtowc.o)
 .rodata.str1.4
                0x020fb264        0x4 /opt/devkitPro/devkitARM/bin/../lib/gcc/arm-none-eabi/4.7.1/../../../../arm-none-eabi/lib/thumb/libg.a(lib_a-tzvars.o)
 .rodata.str1.4
                0x020fb268       0x2f /opt/devkitPro/devkitARM/bin/../lib/gcc/arm-none-eabi/4.7.1/../../../../arm-none-eabi/lib/thumb/libg.a(lib_a-vfiprintf.o)
                                 0x30 (size before relaxing)
 .rodata.str1.4
                0x00000000       0x14 /opt/devkitPro/devkitARM/bin/../lib/gcc/arm-none-eabi/4.7.1/../../../../arm-none-eabi/lib/thumb/libg.a(lib_a-jp2uc.o)
 *fill*         0x020fb297        0x1 ff
 .rodata.str1.4
                0x020fb298        0x8 /opt/devkitPro/devkitARM/bin/../lib/gcc/arm-none-eabi/4.7.1/../../../../arm-none-eabi/lib/thumb/libsysbase.a(iosupport.o)
 *(.gnu.linkonce.r*)
                0x020fb2a0                . = ALIGN (0x4)

.rel.dyn        0x020fb2a0        0x0
 .rel.iplt      0x00000000        0x0 /opt/devkitPro/devkitARM/bin/../lib/gcc/arm-none-eabi/4.7.1/../../../../arm-none-eabi/lib/thumb/ds_arm9_crt0.o

.ARM.extab
 *(.ARM.extab* .gnu.linkonce.armextab.*)
                0x020fb2a0                __exidx_start = .

ARM.exidx
 *(.ARM.exidx* .gnu.linkonce.armexidx.*)
                0x020fb2a0                __exidx_end = .
                0x020fb2a0                . = ALIGN (0x4)
                0x020fb2a0                PROVIDE (__preinit_array_start, .)

.preinit_array
 *(.preinit_array)
                0x020fb2a0                PROVIDE (__preinit_array_end, .)
                0x020fb2a0                PROVIDE (__init_array_start, .)

.init_array     0x020fb2a0        0x4
 *(SORT(.init_array.*))
 *(.init_array)
 .init_array    0x020fb2a0        0x4 /opt/devkitPro/devkitARM/bin/../lib/gcc/arm-none-eabi/4.7.1/thumb/crtbegin.o
                0x020fb2a4                PROVIDE (__init_array_end, .)
                0x020fb2a4                PROVIDE (__fini_array_start, .)

.fini_array     0x020fb2a4        0x4
 *(.fini_array)
 .fini_array    0x020fb2a4        0x4 /opt/devkitPro/devkitARM/bin/../lib/gcc/arm-none-eabi/4.7.1/thumb/crtbegin.o
 *(SORT(.fini_array.*))
                0x020fb2a8                PROVIDE (__fini_array_end, .)

.ctors          0x020fb2a8        0x0
 *crtbegin.o(.ctors)
 *(EXCLUDE_FILE(*crtend.o) .ctors)
 *(SORT(.ctors.*))
 *(.ctors)
                0x020fb2a8                . = ALIGN (0x4)

.dtors          0x020fb2a8        0x0
 *crtbegin.o(.dtors)
 *(EXCLUDE_FILE(*crtend.o) .dtors)
 *(SORT(.dtors.*))
 *(.dtors)
                0x020fb2a8                . = ALIGN (0x4)

.eh_frame       0x020fb2a8        0x4
 *(.eh_frame)
 .eh_frame      0x020fb2a8        0x0 /opt/devkitPro/devkitARM/bin/../lib/gcc/arm-none-eabi/4.7.1/thumb/crtbegin.o
 .eh_frame      0x020fb2a8        0x4 /opt/devkitPro/devkitARM/bin/../lib/gcc/arm-none-eabi/4.7.1/thumb/crtend.o
                0x020fb2ac                . = ALIGN (0x4)

.gcc_except_table
                0x020fb2ac        0x0
 *(.gcc_except_table)
                0x020fb2ac                . = ALIGN (0x4)

.jcr            0x020fb2ac        0x4
 *(.jcr)
 .jcr           0x020fb2ac        0x0 /opt/devkitPro/devkitARM/bin/../lib/gcc/arm-none-eabi/4.7.1/thumb/crtbegin.o
 .jcr           0x020fb2ac        0x4 /opt/devkitPro/devkitARM/bin/../lib/gcc/arm-none-eabi/4.7.1/thumb/crtend.o

.got
 *(.got.plt)
 *(.got)
 *(.rel.got)

.ewram          0x020fb2b0        0x0
                0x020fb2b0                __ewram_start = ABSOLUTE (.)
 *(.ewram)
 *ewram.*(.text)
                0x020fb2b0                . = ALIGN (0x4)

.data           0x020fb2b0      0xfec
                0x020fb2b0                __data_start = ABSOLUTE (.)
 *(.data)
 .data          0x020fb2b0        0x0 /opt/devkitPro/devkitARM/bin/../lib/gcc/arm-none-eabi/4.7.1/../../../../arm-none-eabi/lib/thumb/ds_arm9_crt0.o
 .data          0x020fb2b0        0x0 /opt/devkitPro/devkitARM/bin/../lib/gcc/arm-none-eabi/4.7.1/thumb/crti.o
 .data          0x020fb2b0        0x4 /opt/devkitPro/devkitARM/bin/../lib/gcc/arm-none-eabi/4.7.1/thumb/crtbegin.o
                0x020fb2b0                __dso_handle
 .data          0x020fb2b4        0x0 sprites.o
 .data          0x020fb2b4        0x0 ocean.bin.o
 .data          0x020fb2b4        0x0 soundbank.bin.o
 .data          0x020fb2b4        0x0 3D_engine.o
 .data          0x020fb2b4       0x64 alchemy_engine.o
                0x020fb2b4                alchemyMatirx
 .data          0x020fb318        0x0 files.o
 .data          0x020fb318        0x0 graphic_engine.o
 .data          0x020fb318        0x0 interface_engine.o
 .data          0x020fb318        0x0 list.o
 .data          0x020fb318        0x0 main.o
 .data          0x020fb318        0x0 saving_engine.o
 .data          0x020fb318       0x18 sound_engine.o
                0x020fb318                sfx_yahooo
                0x020fb324                sfx_hit
 .data          0x020fb330        0x0 bg_menu_main.o
 .data          0x020fb330        0x0 bg_menu_sub.o
 .data          0x020fb330        0x0 bg_play.o
 .data          0x020fb330        0x0 bg_play2.o
 .data          0x020fb330        0x0 /opt/devkitpro/libnds/lib/libmm9.a(mm_comms.o)
 .data          0x020fb330        0x0 /opt/devkitpro/libnds/lib/libmm9.a(mm_main9.o)
 .data          0x020fb330        0x0 /opt/devkitpro/libnds/lib/libmm9.a(mm_memory.o)
 .data          0x020fb330        0x0 /opt/devkitpro/libnds/lib/libmm9.a(mm_soundbank.o)
 .data          0x020fb330        0x0 /opt/devkitpro/libnds/lib/libmm9.a(mm_flusher.o)
 .data          0x020fb330        0x0 /opt/devkitpro/libnds/lib/libfat.a(libfat.o)
 .data          0x020fb330        0x0 /opt/devkitpro/libnds/lib/libfat.a(partition.o)
 .data          0x020fb330        0x0 /opt/devkitpro/libnds/lib/libfat.a(cache.o)
 .data          0x020fb330        0x0 /opt/devkitpro/libnds/lib/libfat.a(directory.o)
 .data          0x020fb330        0x0 /opt/devkitpro/libnds/lib/libfat.a(disc.o)
 .data          0x020fb330        0x0 /opt/devkitpro/libnds/lib/libfat.a(fatdir.o)
 .data          0x020fb330        0x0 /opt/devkitpro/libnds/lib/libfat.a(fatfile.o)
 .data          0x020fb330        0x0 /opt/devkitpro/libnds/lib/libfat.a(file_allocation_table.o)
 .data          0x020fb330        0x0 /opt/devkitpro/libnds/lib/libfat.a(filetime.o)
 .data          0x020fb330        0x0 /opt/devkitpro/libnds/lib/libfat.a(lock.o)
 .data          0x020fb330       0x60 /opt/devkitpro/libnds/lib/libnds9.a(background.o)
                0x020fb330                bgScrollTable
                0x020fb350                bgTransform
                0x020fb370                bgControl
 .data          0x020fb390       0x64 /opt/devkitpro/libnds/lib/libnds9.a(console.o)
                0x020fb390                currentConsole
                0x020fb394                defaultConsole
 .data          0x020fb3f4        0x3 /opt/devkitpro/libnds/lib/libnds9.a(keys.o)
 .data          0x020fb3f7        0x0 /opt/devkitpro/libnds/lib/libnds9.a(sassert.o)
 *fill*         0x020fb3f7        0x1 ff
 .data          0x020fb3f8       0x30 /opt/devkitpro/libnds/lib/libnds9.a(sprite.o)
                0x020fb3f8                oamMain
                0x020fb410                oamSub
 .data          0x020fb428        0x0 /opt/devkitpro/libnds/lib/libnds9.a(sprite_alloc.o)
 .data          0x020fb428        0x0 /opt/devkitpro/libnds/lib/libnds9.a(touch.o)
 .data          0x020fb428        0x0 /opt/devkitpro/libnds/lib/libnds9.a(trig.o)
 .data          0x020fb428        0x4 /opt/devkitpro/libnds/lib/libnds9.a(videoGL.o)
 .data          0x020fb42c        0x4 /opt/devkitpro/libnds/lib/libnds9.a(dldi.o)
                0x020fb42c                io_dldi_data
 .data          0x020fb430        0x0 /opt/devkitpro/libnds/lib/libnds9.a(dsi_sd.o)
 .data          0x020fb430        0x0 /opt/devkitpro/libnds/lib/libnds9.a(initSystem.o)
 .data          0x020fb430       0x10 /opt/devkitpro/libnds/lib/libnds9.a(fifosystem.o)
                0x020fb430                fifo_buffer_free
                0x020fb434                fifo_freewords
                0x020fb438                fifo_send_queue
                0x020fb43c                fifo_receive_queue
 .data          0x020fb440        0x0 /opt/devkitpro/libnds/lib/libnds9.a(interrupts.o)
 .data          0x020fb440        0x0 /opt/devkitpro/libnds/lib/libnds9.a(libnds_exit.arm.o)
 .data          0x020fb440        0x0 /opt/devkitpro/libnds/lib/libnds9.a(dcache.o)
 .data          0x020fb440        0x0 /opt/devkitpro/libnds/lib/libnds9.a(dldi_stub.o)
 .data          0x020fb440        0x0 /opt/devkitpro/libnds/lib/libnds9.a(mpu_setup.o)
 .data          0x020fb440        0x0 /opt/devkitpro/libnds/lib/libnds9.a(biosCalls.o)
 .data          0x020fb440        0x0 /opt/devkitpro/libnds/lib/libnds9.a(debugprint.o)
 .data          0x020fb440        0x0 /opt/devkitpro/libnds/lib/libnds9.a(interruptDispatcher.o)
 .data          0x020fb440        0x0 /opt/devkitpro/libnds/lib/libnds9.a(swiSoftReset.o)
 .data          0x020fb440        0x0 /opt/devkitpro/libnds/lib/libnds9.a(default_font.bin.o)
 .data          0x020fb440        0x0 /opt/devkitpro/libnds/lib/libnds9.a(dynamicArray.o)
 .data          0x020fb440        0x0 /opt/devkitpro/libnds/lib/libnds9.a(system.o)
 .data          0x020fb440        0x0 /opt/devkitpro/libnds/lib/libnds9.a(video.o)
 .data          0x020fb440        0x0 /opt/devkitPro/devkitARM/bin/../lib/gcc/arm-none-eabi/4.7.1/thumb/libgcc.a(_udivsi3.o)
 .data          0x020fb440        0x0 /opt/devkitPro/devkitARM/bin/../lib/gcc/arm-none-eabi/4.7.1/thumb/libgcc.a(_divsi3.o)
 .data          0x020fb440        0x0 /opt/devkitPro/devkitARM/bin/../lib/gcc/arm-none-eabi/4.7.1/thumb/libgcc.a(_dvmd_tls.o)
 .data          0x020fb440        0x0 /opt/devkitPro/devkitARM/bin/../lib/gcc/arm-none-eabi/4.7.1/thumb/libgcc.a(_arm_addsubsf3.o)
 .data          0x020fb440        0x0 /opt/devkitPro/devkitARM/bin/../lib/gcc/arm-none-eabi/4.7.1/thumb/libgcc.a(_arm_fixsfsi.o)
 .data          0x020fb440        0x0 /opt/devkitPro/devkitARM/bin/../lib/gcc/arm-none-eabi/4.7.1/thumb/libgcc.a(_muldi3.o)
 .data          0x020fb440        0x0 /opt/devkitPro/devkitARM/bin/../lib/gcc/arm-none-eabi/4.7.1/../../../../arm-none-eabi/lib/thumb/libg.a(lib_a-bsearch.o)
 .data          0x020fb440        0x4 /opt/devkitPro/devkitARM/bin/../lib/gcc/arm-none-eabi/4.7.1/../../../../arm-none-eabi/lib/thumb/libg.a(lib_a-ctype_.o)
                0x020fb440                __ctype_ptr__
 .data          0x020fb444        0x0 /opt/devkitPro/devkitARM/bin/../lib/gcc/arm-none-eabi/4.7.1/../../../../arm-none-eabi/lib/thumb/libg.a(lib_a-fclose.o)
 .data          0x020fb444        0x0 /opt/devkitPro/devkitARM/bin/../lib/gcc/arm-none-eabi/4.7.1/../../../../arm-none-eabi/lib/thumb/libg.a(lib_a-fflush.o)
 .data          0x020fb444        0x0 /opt/devkitPro/devkitARM/bin/../lib/gcc/arm-none-eabi/4.7.1/../../../../arm-none-eabi/lib/thumb/libg.a(lib_a-findfp.o)
 .data          0x020fb444        0x0 /opt/devkitPro/devkitARM/bin/../lib/gcc/arm-none-eabi/4.7.1/../../../../arm-none-eabi/lib/thumb/libg.a(lib_a-fopen.o)
 .data          0x020fb444        0x0 /opt/devkitPro/devkitARM/bin/../lib/gcc/arm-none-eabi/4.7.1/../../../../arm-none-eabi/lib/thumb/libg.a(lib_a-fread.o)
 .data          0x020fb444        0x0 /opt/devkitPro/devkitARM/bin/../lib/gcc/arm-none-eabi/4.7.1/../../../../arm-none-eabi/lib/thumb/libg.a(lib_a-freer.o)
 .data          0x020fb444        0x0 /opt/devkitPro/devkitARM/bin/../lib/gcc/arm-none-eabi/4.7.1/../../../../arm-none-eabi/lib/thumb/libg.a(lib_a-fseek.o)
 .data          0x020fb444        0x0 /opt/devkitPro/devkitARM/bin/../lib/gcc/arm-none-eabi/4.7.1/../../../../arm-none-eabi/lib/thumb/libg.a(lib_a-fwalk.o)
 *fill*         0x020fb444        0x4 ff
 .data          0x020fb448      0x430 /opt/devkitPro/devkitARM/bin/../lib/gcc/arm-none-eabi/4.7.1/../../../../arm-none-eabi/lib/thumb/libg.a(lib_a-impure.o)
                0x020fb448                _impure_ptr
 .data          0x020fb878        0x0 /opt/devkitPro/devkitARM/bin/../lib/gcc/arm-none-eabi/4.7.1/../../../../arm-none-eabi/lib/thumb/libg.a(lib_a-init.o)
 .data          0x020fb878        0x0 /opt/devkitPro/devkitARM/bin/../lib/gcc/arm-none-eabi/4.7.1/../../../../arm-none-eabi/lib/thumb/libg.a(lib_a-iprintf.o)
 .data          0x020fb878        0x0 /opt/devkitPro/devkitARM/bin/../lib/gcc/arm-none-eabi/4.7.1/../../../../arm-none-eabi/lib/thumb/libg.a(lib_a-lcltime_r.o)
 .data          0x020fb878      0x17c /opt/devkitPro/devkitARM/bin/../lib/gcc/arm-none-eabi/4.7.1/../../../../arm-none-eabi/lib/thumb/libg.a(lib_a-locale.o)
                0x020fb878                __default_locale
                0x020fb998                __mb_cur_max
 .data          0x020fb9f4        0x0 /opt/devkitPro/devkitARM/bin/../lib/gcc/arm-none-eabi/4.7.1/../../../../arm-none-eabi/lib/thumb/libg.a(lib_a-makebuf.o)
 .data          0x020fb9f4        0x0 /opt/devkitPro/devkitARM/bin/../lib/gcc/arm-none-eabi/4.7.1/../../../../arm-none-eabi/lib/thumb/libg.a(lib_a-malloc.o)
 .data          0x020fb9f4      0x410 /opt/devkitPro/devkitARM/bin/../lib/gcc/arm-none-eabi/4.7.1/../../../../arm-none-eabi/lib/thumb/libg.a(lib_a-mallocr.o)
                0x020fb9f4                __malloc_av_
                0x020fbdfc                __malloc_sbrk_base
                0x020fbe00                __malloc_trim_threshold
 .data          0x020fbe04        0x0 /opt/devkitPro/devkitARM/bin/../lib/gcc/arm-none-eabi/4.7.1/../../../../arm-none-eabi/lib/thumb/libg.a(lib_a-mbrtowc.o)
 .data          0x020fbe04        0x0 /opt/devkitPro/devkitARM/bin/../lib/gcc/arm-none-eabi/4.7.1/../../../../arm-none-eabi/lib/thumb/libg.a(lib_a-mbsrtowcs.o)
 .data          0x020fbe04        0x4 /opt/devkitPro/devkitARM/bin/../lib/gcc/arm-none-eabi/4.7.1/../../../../arm-none-eabi/lib/thumb/libg.a(lib_a-mbtowc_r.o)
                0x020fbe04                __mbtowc
 .data          0x020fbe08        0x0 /opt/devkitPro/devkitARM/bin/../lib/gcc/arm-none-eabi/4.7.1/../../../../arm-none-eabi/lib/thumb/libg.a(lib_a-memcmp.o)
 .data          0x020fbe08        0x0 /opt/devkitPro/devkitARM/bin/../lib/gcc/arm-none-eabi/4.7.1/../../../../arm-none-eabi/lib/thumb/libg.a(lib_a-memcpy-stub.o)
 .data          0x020fbe08        0x0 /opt/devkitPro/devkitARM/bin/../lib/gcc/arm-none-eabi/4.7.1/../../../../arm-none-eabi/lib/thumb/libg.a(lib_a-memmove.o)
 .data          0x020fbe08        0x0 /opt/devkitPro/devkitARM/bin/../lib/gcc/arm-none-eabi/4.7.1/../../../../arm-none-eabi/lib/thumb/libg.a(lib_a-memset.o)
 .data          0x020fbe08        0x0 /opt/devkitPro/devkitARM/bin/../lib/gcc/arm-none-eabi/4.7.1/../../../../arm-none-eabi/lib/thumb/libg.a(lib_a-mktime.o)
 .data          0x020fbe08        0x0 /opt/devkitPro/devkitARM/bin/../lib/gcc/arm-none-eabi/4.7.1/../../../../arm-none-eabi/lib/thumb/libg.a(lib_a-mktm_r.o)
 .data          0x020fbe08        0x0 /opt/devkitPro/devkitARM/bin/../lib/gcc/arm-none-eabi/4.7.1/../../../../arm-none-eabi/lib/thumb/libg.a(lib_a-mlock.o)
 .data          0x020fbe08        0x0 /opt/devkitPro/devkitARM/bin/../lib/gcc/arm-none-eabi/4.7.1/../../../../arm-none-eabi/lib/thumb/libg.a(lib_a-realloc.o)
 .data          0x020fbe08        0x0 /opt/devkitPro/devkitARM/bin/../lib/gcc/arm-none-eabi/4.7.1/../../../../arm-none-eabi/lib/thumb/libg.a(lib_a-reallocr.o)
 .data          0x020fbe08        0x0 /opt/devkitPro/devkitARM/bin/../lib/gcc/arm-none-eabi/4.7.1/../../../../arm-none-eabi/lib/thumb/libg.a(lib_a-refill.o)
 .data          0x020fbe08        0x0 /opt/devkitPro/devkitARM/bin/../lib/gcc/arm-none-eabi/4.7.1/../../../../arm-none-eabi/lib/thumb/libg.a(lib_a-setvbuf.o)
 .data          0x020fbe08        0x0 /opt/devkitPro/devkitARM/bin/../lib/gcc/arm-none-eabi/4.7.1/../../../../arm-none-eabi/lib/thumb/libg.a(lib_a-siscanf.o)
 .data          0x020fbe08        0x0 /opt/devkitPro/devkitARM/bin/../lib/gcc/arm-none-eabi/4.7.1/../../../../arm-none-eabi/lib/thumb/libg.a(lib_a-stdio.o)
 .data          0x020fbe08        0x0 /opt/devkitPro/devkitARM/bin/../lib/gcc/arm-none-eabi/4.7.1/../../../../arm-none-eabi/lib/thumb/libg.a(lib_a-stpcpy.o)
 .data          0x020fbe08        0x0 /opt/devkitPro/devkitARM/bin/../lib/gcc/arm-none-eabi/4.7.1/../../../../arm-none-eabi/lib/thumb/libg.a(lib_a-strcasecmp.o)
 .data          0x020fbe08        0x0 /opt/devkitPro/devkitARM/bin/../lib/gcc/arm-none-eabi/4.7.1/../../../../arm-none-eabi/lib/thumb/libg.a(lib_a-strcat.o)
 .data          0x020fbe08        0x0 /opt/devkitPro/devkitARM/bin/../lib/gcc/arm-none-eabi/4.7.1/../../../../arm-none-eabi/lib/thumb/libg.a(lib_a-strchr.o)
 .data          0x020fbe08        0x0 /opt/devkitPro/devkitARM/bin/../lib/gcc/arm-none-eabi/4.7.1/../../../../arm-none-eabi/lib/thumb/libg.a(lib_a-strcmp.o)
 .data          0x020fbe08        0x0 /opt/devkitPro/devkitARM/bin/../lib/gcc/arm-none-eabi/4.7.1/../../../../arm-none-eabi/lib/thumb/libg.a(lib_a-strcpy.o)
 .data          0x020fbe08        0x0 /opt/devkitPro/devkitARM/bin/../lib/gcc/arm-none-eabi/4.7.1/../../../../arm-none-eabi/lib/thumb/libg.a(lib_a-strlcpy.o)
 .data          0x020fbe08        0x0 /opt/devkitPro/devkitARM/bin/../lib/gcc/arm-none-eabi/4.7.1/../../../../arm-none-eabi/lib/thumb/libg.a(lib_a-strlen.o)
 .data          0x020fbe08        0x0 /opt/devkitPro/devkitARM/bin/../lib/gcc/arm-none-eabi/4.7.1/../../../../arm-none-eabi/lib/thumb/libg.a(lib_a-strncasecmp.o)
 .data          0x020fbe08        0x0 /opt/devkitPro/devkitARM/bin/../lib/gcc/arm-none-eabi/4.7.1/../../../../arm-none-eabi/lib/thumb/libg.a(lib_a-strncmp.o)
 .data          0x020fbe08        0x0 /opt/devkitPro/devkitARM/bin/../lib/gcc/arm-none-eabi/4.7.1/../../../../arm-none-eabi/lib/thumb/libg.a(lib_a-strncpy.o)
 .data          0x020fbe08        0x0 /opt/devkitPro/devkitARM/bin/../lib/gcc/arm-none-eabi/4.7.1/../../../../arm-none-eabi/lib/thumb/libg.a(lib_a-strnlen.o)
 .data          0x020fbe08        0x0 /opt/devkitPro/devkitARM/bin/../lib/gcc/arm-none-eabi/4.7.1/../../../../arm-none-eabi/lib/thumb/libg.a(lib_a-strpbrk.o)
 .data          0x020fbe08        0x0 /opt/devkitPro/devkitARM/bin/../lib/gcc/arm-none-eabi/4.7.1/../../../../arm-none-eabi/lib/thumb/libg.a(lib_a-strrchr.o)
 .data          0x020fbe08        0x0 /opt/devkitPro/devkitARM/bin/../lib/gcc/arm-none-eabi/4.7.1/../../../../arm-none-eabi/lib/thumb/libg.a(lib_a-strtol.o)
 .data          0x020fbe08        0x0 /opt/devkitPro/devkitARM/bin/../lib/gcc/arm-none-eabi/4.7.1/../../../../arm-none-eabi/lib/thumb/libg.a(lib_a-svfiscanf.o)
 .data          0x020fbe08        0x0 /opt/devkitPro/devkitARM/bin/../lib/gcc/arm-none-eabi/4.7.1/../../../../arm-none-eabi/lib/thumb/libg.a(lib_a-sysclose.o)
 .data          0x020fbe08        0x0 /opt/devkitPro/devkitARM/bin/../lib/gcc/arm-none-eabi/4.7.1/../../../../arm-none-eabi/lib/thumb/libg.a(lib_a-syslseek.o)
 .data          0x020fbe08        0x0 /opt/devkitPro/devkitARM/bin/../lib/gcc/arm-none-eabi/4.7.1/../../../../arm-none-eabi/lib/thumb/libg.a(lib_a-sysopen.o)
 .data          0x020fbe08        0x0 /opt/devkitPro/devkitARM/bin/../lib/gcc/arm-none-eabi/4.7.1/../../../../arm-none-eabi/lib/thumb/libg.a(lib_a-sysread.o)
 .data          0x020fbe08        0x0 /opt/devkitPro/devkitARM/bin/../lib/gcc/arm-none-eabi/4.7.1/../../../../arm-none-eabi/lib/thumb/libg.a(lib_a-sysstat.o)
 .data          0x020fbe08        0x0 /opt/devkitPro/devkitARM/bin/../lib/gcc/arm-none-eabi/4.7.1/../../../../arm-none-eabi/lib/thumb/libg.a(lib_a-syswrite.o)
 .data          0x020fbe08        0x0 /opt/devkitPro/devkitARM/bin/../lib/gcc/arm-none-eabi/4.7.1/../../../../arm-none-eabi/lib/thumb/libg.a(lib_a-time.o)
 .data          0x020fbe08        0x0 /opt/devkitPro/devkitARM/bin/../lib/gcc/arm-none-eabi/4.7.1/../../../../arm-none-eabi/lib/thumb/libg.a(lib_a-towlower.o)
 .data          0x020fbe08        0x0 /opt/devkitPro/devkitARM/bin/../lib/gcc/arm-none-eabi/4.7.1/../../../../arm-none-eabi/lib/thumb/libg.a(lib_a-towupper.o)
 .data          0x020fbe08        0x0 /opt/devkitPro/devkitARM/bin/../lib/gcc/arm-none-eabi/4.7.1/../../../../arm-none-eabi/lib/thumb/libg.a(lib_a-tzlock.o)
 .data          0x020fbe08        0x8 /opt/devkitPro/devkitARM/bin/../lib/gcc/arm-none-eabi/4.7.1/../../../../arm-none-eabi/lib/thumb/libg.a(lib_a-tzvars.o)
                0x020fbe08                _tzname
 .data          0x020fbe10        0x0 /opt/devkitPro/devkitARM/bin/../lib/gcc/arm-none-eabi/4.7.1/../../../../arm-none-eabi/lib/thumb/libg.a(lib_a-ungetc.o)
 .data          0x020fbe10        0x0 /opt/devkitPro/devkitARM/bin/../lib/gcc/arm-none-eabi/4.7.1/../../../../arm-none-eabi/lib/thumb/libg.a(lib_a-vfiprintf.o)
 .data          0x020fbe10        0x0 /opt/devkitPro/devkitARM/bin/../lib/gcc/arm-none-eabi/4.7.1/../../../../arm-none-eabi/lib/thumb/libg.a(lib_a-wcrtomb.o)
 .data          0x020fbe10        0x0 /opt/devkitPro/devkitARM/bin/../lib/gcc/arm-none-eabi/4.7.1/../../../../arm-none-eabi/lib/thumb/libg.a(lib_a-wcsrtombs.o)
 .data          0x020fbe10        0x0 /opt/devkitPro/devkitARM/bin/../lib/gcc/arm-none-eabi/4.7.1/../../../../arm-none-eabi/lib/thumb/libg.a(lib_a-wctob.o)
 .data          0x020fbe10        0x4 /opt/devkitPro/devkitARM/bin/../lib/gcc/arm-none-eabi/4.7.1/../../../../arm-none-eabi/lib/thumb/libg.a(lib_a-wctomb_r.o)
                0x020fbe10                __wctomb
 .data          0x020fbe14        0x0 /opt/devkitPro/devkitARM/bin/../lib/gcc/arm-none-eabi/4.7.1/../../../../arm-none-eabi/lib/thumb/libg.a(lib_a-wsetup.o)
 .data          0x020fbe14        0x0 /opt/devkitPro/devkitARM/bin/../lib/gcc/arm-none-eabi/4.7.1/../../../../arm-none-eabi/lib/thumb/libg.a(lib_a-div.o)
 .data          0x020fbe14        0x0 /opt/devkitPro/devkitARM/bin/../lib/gcc/arm-none-eabi/4.7.1/../../../../arm-none-eabi/lib/thumb/libg.a(lib_a-flags.o)
 .data          0x020fbe14        0x0 /opt/devkitPro/devkitARM/bin/../lib/gcc/arm-none-eabi/4.7.1/../../../../arm-none-eabi/lib/thumb/libg.a(lib_a-fputwc.o)
 .data          0x020fbe14        0x0 /opt/devkitPro/devkitARM/bin/../lib/gcc/arm-none-eabi/4.7.1/../../../../arm-none-eabi/lib/thumb/libg.a(lib_a-fvwrite.o)
 .data          0x020fbe14        0x0 /opt/devkitPro/devkitARM/bin/../lib/gcc/arm-none-eabi/4.7.1/../../../../arm-none-eabi/lib/thumb/libg.a(lib_a-getenv_r.o)
 .data          0x020fbe14       0x40 /opt/devkitPro/devkitARM/bin/../lib/gcc/arm-none-eabi/4.7.1/../../../../arm-none-eabi/lib/thumb/libg.a(lib_a-gettzinfo.o)
 .data          0x020fbe54        0x0 /opt/devkitPro/devkitARM/bin/../lib/gcc/arm-none-eabi/4.7.1/../../../../arm-none-eabi/lib/thumb/libg.a(lib_a-iswspace.o)
 .data          0x020fbe54        0x0 /opt/devkitPro/devkitARM/bin/../lib/gcc/arm-none-eabi/4.7.1/../../../../arm-none-eabi/lib/thumb/libg.a(lib_a-jp2uc.o)
 .data          0x020fbe54        0x0 /opt/devkitPro/devkitARM/bin/../lib/gcc/arm-none-eabi/4.7.1/../../../../arm-none-eabi/lib/thumb/libg.a(lib_a-mbsnrtowcs.o)
 .data          0x020fbe54        0x0 /opt/devkitPro/devkitARM/bin/../lib/gcc/arm-none-eabi/4.7.1/../../../../arm-none-eabi/lib/thumb/libg.a(lib_a-memchr-stub.o)
 .data          0x020fbe54        0x0 /opt/devkitPro/devkitARM/bin/../lib/gcc/arm-none-eabi/4.7.1/../../../../arm-none-eabi/lib/thumb/libg.a(lib_a-sccl.o)
 .data          0x020fbe54        0x0 /opt/devkitPro/devkitARM/bin/../lib/gcc/arm-none-eabi/4.7.1/../../../../arm-none-eabi/lib/thumb/libg.a(lib_a-strtoll_r.o)
 .data          0x020fbe54        0x0 /opt/devkitPro/devkitARM/bin/../lib/gcc/arm-none-eabi/4.7.1/../../../../arm-none-eabi/lib/thumb/libg.a(lib_a-strtoul.o)
 .data          0x020fbe54        0x0 /opt/devkitPro/devkitARM/bin/../lib/gcc/arm-none-eabi/4.7.1/../../../../arm-none-eabi/lib/thumb/libg.a(lib_a-strtoull_r.o)
 .data          0x020fbe54        0x0 /opt/devkitPro/devkitARM/bin/../lib/gcc/arm-none-eabi/4.7.1/../../../../arm-none-eabi/lib/thumb/libg.a(lib_a-wbuf.o)
 .data          0x020fbe54        0x0 /opt/devkitPro/devkitARM/bin/../lib/gcc/arm-none-eabi/4.7.1/../../../../arm-none-eabi/lib/thumb/libg.a(lib_a-wcsnrtombs.o)
 .data          0x020fbe54        0x4 /opt/devkitPro/devkitARM/bin/../lib/gcc/arm-none-eabi/4.7.1/../../../../arm-none-eabi/lib/thumb/libg.a(lib_a-environ.o)
                0x020fbe54                environ
 .data          0x020fbe58        0x0 /opt/devkitPro/devkitARM/bin/../lib/gcc/arm-none-eabi/4.7.1/../../../../arm-none-eabi/lib/thumb/libg.a(lib_a-envlock.o)
 .data          0x020fbe58       0x44 /opt/devkitPro/devkitARM/bin/../lib/gcc/arm-none-eabi/4.7.1/../../../../arm-none-eabi/lib/thumb/libsysbase.a(iosupport.o)
                0x020fbe5c                devoptab_list
 .data          0x020fbe9c        0x0 /opt/devkitPro/devkitARM/bin/../lib/gcc/arm-none-eabi/4.7.1/../../../../arm-none-eabi/lib/thumb/libsysbase.a(close.o)
 .data          0x020fbe9c        0x0 /opt/devkitPro/devkitARM/bin/../lib/gcc/arm-none-eabi/4.7.1/../../../../arm-none-eabi/lib/thumb/libsysbase.a(fstat.o)
 .data          0x020fbe9c        0x0 /opt/devkitPro/devkitARM/bin/../lib/gcc/arm-none-eabi/4.7.1/../../../../arm-none-eabi/lib/thumb/libsysbase.a(isatty.o)
 .data          0x020fbe9c        0x0 /opt/devkitPro/devkitARM/bin/../lib/gcc/arm-none-eabi/4.7.1/../../../../arm-none-eabi/lib/thumb/libsysbase.a(lseek.o)
 .data          0x020fbe9c        0x0 /opt/devkitPro/devkitARM/bin/../lib/gcc/arm-none-eabi/4.7.1/../../../../arm-none-eabi/lib/thumb/libsysbase.a(open.o)
 .data          0x020fbe9c        0x0 /opt/devkitPro/devkitARM/bin/../lib/gcc/arm-none-eabi/4.7.1/../../../../arm-none-eabi/lib/thumb/libsysbase.a(read.o)
 .data          0x020fbe9c        0x0 /opt/devkitPro/devkitARM/bin/../lib/gcc/arm-none-eabi/4.7.1/../../../../arm-none-eabi/lib/thumb/libsysbase.a(sbrk.o)
 .data          0x020fbe9c        0x0 /opt/devkitPro/devkitARM/bin/../lib/gcc/arm-none-eabi/4.7.1/../../../../arm-none-eabi/lib/thumb/libsysbase.a(stat.o)
 .data          0x020fbe9c        0x0 /opt/devkitPro/devkitARM/bin/../lib/gcc/arm-none-eabi/4.7.1/../../../../arm-none-eabi/lib/thumb/libsysbase.a(times.o)
 .data          0x020fbe9c        0x0 /opt/devkitPro/devkitARM/bin/../lib/gcc/arm-none-eabi/4.7.1/../../../../arm-none-eabi/lib/thumb/libsysbase.a(write.o)
 .data          0x020fbe9c        0x0 /opt/devkitPro/devkitARM/bin/../lib/gcc/arm-none-eabi/4.7.1/../../../../arm-none-eabi/lib/thumb/libsysbase.a(malloc_vars.o)
 .data          0x020fbe9c      0x400 /opt/devkitPro/devkitARM/bin/../lib/gcc/arm-none-eabi/4.7.1/../../../../arm-none-eabi/lib/thumb/libsysbase.a(chdir.o)
 .data          0x020fc29c        0x0 /opt/devkitPro/devkitARM/bin/../lib/gcc/arm-none-eabi/4.7.1/../../../../arm-none-eabi/lib/thumb/libsysbase.a(build_argv.o)
 .data          0x020fc29c        0x0 /opt/devkitPro/devkitARM/bin/../lib/gcc/arm-none-eabi/4.7.1/../../../../arm-none-eabi/lib/thumb/libsysbase.a(syscall_support.o)
 .data          0x020fc29c        0x0 /opt/devkitPro/devkitARM/bin/../lib/gcc/arm-none-eabi/4.7.1/../../../../arm-none-eabi/lib/thumb/libsysbase.a(handle_manager.o)
 .data          0x020fc29c        0x0 /opt/devkitPro/devkitARM/bin/../lib/gcc/arm-none-eabi/4.7.1/../../../../arm-none-eabi/lib/thumb/libsysbase.a(dirent.o)
 .data          0x020fc29c        0x0 /opt/devkitPro/devkitARM/bin/../lib/gcc/arm-none-eabi/4.7.1/thumb/libgcc.a(_aeabi_uldivmod.o)
 .data          0x020fc29c        0x0 /opt/devkitPro/devkitARM/bin/../lib/gcc/arm-none-eabi/4.7.1/thumb/libgcc.a(bpabi.o)
 .data          0x020fc29c        0x0 /opt/devkitPro/devkitARM/bin/../lib/gcc/arm-none-eabi/4.7.1/thumb/libgcc.a(_divdi3.o)
 .data          0x020fc29c        0x0 /opt/devkitPro/devkitARM/bin/../lib/gcc/arm-none-eabi/4.7.1/thumb/libgcc.a(_udivdi3.o)
 .data          0x020fc29c        0x0 /opt/devkitPro/devkitARM/bin/../lib/gcc/arm-none-eabi/4.7.1/thumb/libgcc.a(_clzsi2.o)
 .data          0x020fc29c        0x0 /opt/devkitPro/devkitARM/bin/../lib/gcc/arm-none-eabi/4.7.1/../../../../arm-none-eabi/lib/thumb/libg.a(lib_a-errno.o)
 .data          0x020fc29c        0x0 /opt/devkitPro/devkitARM/bin/../lib/gcc/arm-none-eabi/4.7.1/thumb/crtend.o
 .data          0x020fc29c        0x0 /opt/devkitPro/devkitARM/bin/../lib/gcc/arm-none-eabi/4.7.1/thumb/crtn.o
 *(.data.*)
 *(.gnu.linkonce.d*)
                0x020fc29c                . = ALIGN (0x4)
                0x020fc29c                __data_end = ABSOLUTE (.)
                0x020fc29c                __dtcm_lma = .
                0x020fc29c                __bss_vma = .

.igot.plt       0x020fc29c        0x0
 .igot.plt      0x00000000        0x0 /opt/devkitPro/devkitARM/bin/../lib/gcc/arm-none-eabi/4.7.1/../../../../arm-none-eabi/lib/thumb/ds_arm9_crt0.o

.tm_clone_table
                0x020fc29c        0x0
 .tm_clone_table
                0x020fc29c        0x0 /opt/devkitPro/devkitARM/bin/../lib/gcc/arm-none-eabi/4.7.1/thumb/crtbegin.o
 .tm_clone_table
                0x020fc29c        0x0 /opt/devkitPro/devkitARM/bin/../lib/gcc/arm-none-eabi/4.7.1/thumb/crtend.o

.dtcm           0x0b000000        0x0 load address 0x020fc29c
 *(.dtcm)
 *(.dtcm.*)
                0x0b000000                . = ALIGN (0x4)
                0x0b000000                __dtcm_end = ABSOLUTE (.)
                0x020fc29c                __itcm_lma = (__dtcm_lma + SIZEOF (.dtcm))

.itcm           0x01000100      0x194 load address 0x020fc29c
 *(.itcm)
 .itcm          0x01000100       0xc8 /opt/devkitpro/libnds/lib/libnds9.a(interrupts.o)
                0x01000100                irqTable
 .itcm          0x010001c8       0xcc /opt/devkitpro/libnds/lib/libnds9.a(interruptDispatcher.o)
                0x010001c8                IntrMain
 *itcm.*(.text)
                0x01000294                . = ALIGN (0x4)
                0x01000294                __itcm_end = ABSOLUTE (.)
                0x020fc430                __vectors_lma = (__itcm_lma + SIZEOF (.itcm))

.vectors        0x01000000        0x0 load address 0x020fc430
 *(.vectors)
 *vectors.*(.text)
                0x01000000                . = ALIGN (0x4)
                0x01000000                __vectors_end = ABSOLUTE (.)

.sbss           0x0b000000        0x0
                0x0b000000                __sbss_start = ABSOLUTE (.)
                0x0b000000                __sbss_start__ = ABSOLUTE (.)
 *(.sbss)
                0x0b000000                . = ALIGN (0x4)
                0x0b000000                __sbss_end = ABSOLUTE (.)

.bss            0x020fc29c     0x2934
                0x020fc29c                __bss_start = ABSOLUTE (.)
                0x020fc29c                __bss_start__ = ABSOLUTE (.)
 *(.dynbss)
 *(.gnu.linkonce.b*)
 *(.bss*)
 .bss           0x020fc29c        0x0 /opt/devkitPro/devkitARM/bin/../lib/gcc/arm-none-eabi/4.7.1/../../../../arm-none-eabi/lib/thumb/ds_arm9_crt0.o
 .bss           0x020fc29c        0x0 /opt/devkitPro/devkitARM/bin/../lib/gcc/arm-none-eabi/4.7.1/thumb/crti.o
 .bss           0x020fc29c       0x1c /opt/devkitPro/devkitARM/bin/../lib/gcc/arm-none-eabi/4.7.1/thumb/crtbegin.o
 .bss           0x020fc2b8        0x0 sprites.o
 .bss           0x020fc2b8        0x0 ocean.bin.o
 .bss           0x020fc2b8        0x0 soundbank.bin.o
 .bss           0x020fc2b8        0x0 3D_engine.o
 .bss           0x020fc2b8        0x0 alchemy_engine.o